
Running 362 tests using 8 workers

  ok   1 [chromium] › tests\e2e\accessibility.spec.ts:58:7 › Accessibility - Keyboard Navigation › should activate links with Enter key (2.1s)
  ok   5 [chromium] › tests\e2e\accessibility.spec.ts:97:7 › Accessibility - Keyboard Navigation › should trap focus in modal dialogs (1.8s)
  ok   2 [chromium] › tests\e2e\accessibility.spec.ts:38:7 › Accessibility - Keyboard Navigation › should support Shift+Tab to navigate backwards (2.0s)
  ok   7 [chromium] › tests\e2e\accessibility.spec.ts:181:7 › Accessibility - Screen Reader Support › should have proper page title (1.8s)
  ok   8 [chromium] › tests\e2e\accessibility.spec.ts:153:7 › Accessibility - Keyboard Navigation › should have visible focus indicators (1.8s)
  ok   6 [chromium] › tests\e2e\accessibility.spec.ts:129:7 › Accessibility - Keyboard Navigation › should close modal with Escape key (1.9s)
  ok   4 [chromium] › tests\e2e\accessibility.spec.ts:79:7 › Accessibility - Keyboard Navigation › should activate buttons with Space key (2.2s)
  ok   3 [chromium] › tests\e2e\accessibility.spec.ts:17:7 › Accessibility - Keyboard Navigation › should navigate through all interactive elements with Tab (2.5s)
  x    9 [chromium] › tests\e2e\accessibility.spec.ts:189:7 › Accessibility - Screen Reader Support › should have proper heading hierarchy (1.1s)
  ok  10 [chromium] › tests\e2e\accessibility.spec.ts:222:7 › Accessibility - Screen Reader Support › should have accessible navigation (1.3s)
  ok  14 [chromium] › tests\e2e\accessibility.spec.ts:281:7 › Accessibility - Screen Reader Support › should announce dynamic content changes (1.4s)
  ok  13 [chromium] › tests\e2e\accessibility.spec.ts:254:7 › Accessibility - Screen Reader Support › should have accessible form labels (1.4s)
  ok  11 [chromium] › tests\e2e\accessibility.spec.ts:209:7 › Accessibility - Screen Reader Support › should have landmark regions (1.6s)
  ok  12 [chromium] › tests\e2e\accessibility.spec.ts:235:7 › Accessibility - Screen Reader Support › should have alt text for images (1.5s)
  ok  15 [chromium] › tests\e2e\accessibility.spec.ts:293:7 › Accessibility - Screen Reader Support › should have accessible button labels (1.5s)
  ok  16 [chromium] › tests\e2e\accessibility.spec.ts:316:7 › Accessibility - Color and Contrast › should pass automated color contrast checks (2.5s)
  ok  22 [chromium] › tests\e2e\accessibility.spec.ts:436:7 › Accessibility - Focus Management › should restore focus after modal closes (1.8s)
Best practice violations: [
  {
    id: [32m'page-has-heading-one'[39m,
    impact: [32m'moderate'[39m,
    tags: [ [32m'cat.semantics'[39m, [32m'best-practice'[39m ],
    description: [32m'Ensure that the page, or at least one of its frames contains a level-one heading'[39m,
    help: [32m'Page should contain a level-one heading'[39m,
    helpUrl: [32m'https://dequeuniversity.com/rules/axe/4.11/page-has-heading-one?application=playwright'[39m,
    nodes: [ [36m[Object][39m ]
  }
]
  ok  21 [chromium] › tests\e2e\accessibility.spec.ts:419:7 › Accessibility - Full Page Scans › should pass best practices checks (2.2s)
  ok  17 [chromium] › tests\e2e\accessibility.spec.ts:355:7 › Accessibility - ARIA Compliance › should have valid ARIA attributes (2.6s)
  ok  19 [chromium] › tests\e2e\accessibility.spec.ts:389:7 › Accessibility - Full Page Scans › should pass WCAG 2.1 AA on homepage (2.5s)
  ok  18 [chromium] › tests\e2e\accessibility.spec.ts:372:7 › Accessibility - ARIA Compliance › should use ARIA roles correctly (2.5s)

========== COMPREHENSIVE INTERACTION TEST ==========

  ok  20 [chromium] › tests\e2e\accessibility.spec.ts:404:7 › Accessibility - Full Page Scans › should pass WCAG 2.1 AA on systems map (2.7s)
  ok  23 [chromium] › tests\e2e\accessibility.spec.ts:465:7 › Accessibility - Focus Management › should focus first element in modal when opened (1.6s)
  ok  24 [chromium] › tests\e2e\accessibility.spec.ts:491:7 › Accessibility - Focus Management › should not lose focus on page navigation (1.5s)
Small touch target: Skip to main content (155.390625x24)
BROWSER: %cDownload the React DevTools for a better development experience: https://reactjs.org/link/react-devtools font-weight:bold
Small touch target: Skip to main content (1x1)
BROWSER: [zustand devtools middleware] Please install/enable Redux devtools extension
BROWSER: [zustand devtools middleware] Please install/enable Redux devtools extension
BROWSER: ⚠️ React Router Future Flag Warning: React Router will begin wrapping state updates in `React.startTransition` in v7. You can use the `v7_startTransition` future flag to opt-in early. For more information, see https://reactrouter.com/v6/upgrading/future#v7_starttransition.
BROWSER: ⚠️ React Router Future Flag Warning: Relative route resolution within Splat routes is changing in v7. You can use the `v7_relativeSplatPath` future flag to opt-in early. For more information, see https://reactrouter.com/v6/upgrading/future#v7_relativesplatpath.
  ok  25 [chromium] › tests\e2e\accessibility.spec.ts:513:7 › Accessibility - Mobile and Touch › should support touch targets on mobile (1.4s)
  ok  26 [chromium] › tests\e2e\accessibility.spec.ts:539:7 › Accessibility - Mobile and Touch › should be zoomable on mobile (1.4s)
API Response: http://localhost:8002/api/mechanisms/?limit=1000
  Status: 200
  Body preview: [{"id":"paternal_overweight_preconception_to_offspring_lung_function","name":"Paternal Preconception Overweight → Offspring Lung Function","from_node_id":"paternal_overweight_preconception","from_node...
✓ Diagram loaded
✓ 71 nodes rendered
✓ 53 edges rendered

Initial transform: translate(120,60) scale(0.8)

--- Test 1: Zoom IN ---
  ok  27 [chromium] › tests\e2e\accessibility.spec.ts:337:7 › Accessibility - Color and Contrast › should not rely solely on color for information (2.2s)
API Response: http://localhost:8002/api/nodes/crisis-endpoints
  Status: 200
✓ Zoom IN works

--- Test 2: Zoom OUT ---
  Body preview: [{"nodeId":"acute_liver_failure_incidence","label":"Acute Liver Failure Incidence","category":"biological","scale":7,"description":null},{"nodeId":"adult_asthma_prevalence","label":"Adult Asthma Preva...
✓ Zoom OUT executed

--- Test 3: Pan ---
✓ Pan executed

--- Test 4: Node Hover ---
✓ Node hover effect works

--- Test 5: Node Click ---
  ok  31 [chromium] › tests\e2e\crisis-explorer-view.spec.ts:28:7 › Crisis Explorer View › Crisis Explorer view loads (3.2s)
✓ Node click executed without error

--- Test 6: Edge Visibility ---
Edge stroke: #EF4444, width: 2.5
✓ Edges are visible with proper stroke width

--- Test 7: Node Box Visibility ---
Node box: 27.8x12.7px
✓ Node boxes are visible (large enough)

--- Test 8: Text Readability ---
Text: "6", size: 8px
✓ Text labels are readable

✓ Screenshot saved

========== ALL TESTS COMPLETE ==========

Summary:
- 71 nodes rendering correctly
- 53 edges visible
- Zoom, pan, and interactions functional
- Visual elements properly sized and visible
  ok  28 [chromium] › tests\e2e\comprehensive-interaction-test.spec.ts:7:5 › Comprehensive Diagram Interaction Test (3.9s)

=== STEP 1: Page loaded ===
  ok  34 [chromium] › tests\e2e\crisis-explorer-view.spec.ts:59:7 › Crisis Explorer View › Configuration controls are present (3.2s)
  ok  35 [chromium] › tests\e2e\crisis-explorer-view.spec.ts:70:7 › Crisis Explorer View › Max degrees slider works (3.2s)
API Response: http://localhost:8002/api/nodes/crisis-subgraph
  Status: 200
  Body preview: {"nodes":[{"nodeId":"peer_support_service_utilization","label":"Peer Support Service Utilization","category":"social_environment","scale":4,"degreeFromCrisis":2,"isCrisisEndpoint":false,"isPolicyLever...
  ok  33 [chromium] › tests\e2e\crisis-explorer-view.spec.ts:44:7 › Crisis Explorer View › Can select crisis endpoint (5.5s)
  ok  36 [chromium] › tests\e2e\crisis-explorer-view.spec.ts:86:7 › Crisis Explorer View › Evidence strength selection works (3.1s)
Found 10 crisis endpoints
  ok  32 [chromium] › tests\e2e\crisis-explorer-view.spec.ts:33:7 › Crisis Explorer View › Crisis endpoints load from API (6.3s)
✓ Selected crisis endpoint
✓ Set max degrees to 3
✓ Clicked Explore button

=== STEP 2: Waiting for API response ===
  ok  37 [chromium] › tests\e2e\crisis-explorer-view.spec.ts:99:7 › Crisis Explorer View › Explore button appears after selection (5.2s)
  ok  38 [chromium] › tests\e2e\crisis-explorer-view.spec.ts:115:7 › Crisis Explorer View › Explore button disabled without selection (5.0s)
  ok  39 [chromium] › tests\e2e\crisis-explorer-view.spec.ts:132:7 › Crisis Explorer View › Can trigger crisis exploration (6.3s)
  ok  40 [chromium] › tests\e2e\crisis-explorer-view.spec.ts:156:7 › Crisis Explorer View › Shows loading state during exploration (5.3s)
  x   41 [chromium] › tests\e2e\crisis-explorer-view.spec.ts:175:7 › Crisis Explorer View › Displays results after exploration (5.3s)
  ok  45 [chromium] › tests\e2e\dashboard.spec.ts:18:7 › Dashboard Navigation and Layout › should load the dashboard homepage (876ms)
  ok  46 [chromium] › tests\e2e\dashboard.spec.ts:23:7 › Dashboard Navigation and Layout › should display main navigation links (913ms)
  ok  47 [chromium] › tests\e2e\dashboard.spec.ts:42:7 › Dashboard Navigation and Layout › should navigate between views (1.0s)
  ok  44 [chromium] › tests\e2e\crisis-explorer-view.spec.ts:223:7 › Crisis Explorer View › Can select multiple crisis endpoints (4.9s)
  ok  50 [chromium] › tests\e2e\dashboard.spec.ts:72:7 › Dashboard Navigation and Layout › should render header with logo (894ms)
  ok  49 [chromium] › tests\e2e\dashboard.spec.ts:34:7 › Dashboard Navigation and Layout › should navigate to Alcoholism System view (1.1s)
  ok  52 [chromium] › tests\e2e\dashboard.spec.ts:86:7 › Dashboard Navigation and Layout › should be responsive on mobile viewport (820ms)

=== STEP 3: Checking DOM state ===
Body contains "Total Nodes": [33mtrue[39m
Body contains "Subgraph Statistics": [33mtrue[39m
Body contains "Policy Levers": [33mtrue[39m
Body contains "Exploring": [33mfalse[39m
Body contains "Loading": [33mfalse[39m
Selector "text=/subgraph statistics/i": count=1, visible=true
Selector "text=/total nodes/i": count=1, visible=true
Selector "text=/total edges/i": count=0, visible=false
Selector "text=/policy levers/i": count=3, visible=true
Selector "[data-testid="crisis-stats"]": count=0, visible=false
Selector ".crisis-stats": count=0, visible=false
Selector "div:has-text("Total Nodes")": count=10, visible=true
Selector "div:has-text("Subgraph")": count=7, visible=true

=== Checking for SVG elements ===
SVG "svg": count=3, visible=true
SVG "svg:has(g.graph-container)": count=1, visible=true
SVG "svg g.graph-container": count=1, visible=true
SVG "[data-testid="mechanism-graph"]": count=0, visible=false
SVG ".mechanism-graph svg": count=0, visible=false

=== Checking network activity ===
✓ Screenshot saved to test-results/crisis-explorer-debug-state.png

Total div elements: 119

Current URL: http://localhost:3000/crisis-explorer
  ok  30 [chromium] › tests\e2e\crisis-explorer-debug.spec.ts:125:7 › Crisis Explorer Debug › Debug API call directly (16.3s)
  ok  54 [chromium] › tests\e2e\dashboard.spec.ts:104:7 › Dashboard Navigation and Layout › should maintain scroll position on navigation (1.2s)
  ok  29 [chromium] › tests\e2e\crisis-explorer-debug.spec.ts:10:7 › Crisis Explorer Debug › Debug visualization rendering (16.7s)
  ok  55 [chromium] › tests\e2e\dashboard.spec.ts:121:7 › Dashboard Navigation and Layout › should handle browser back/forward buttons (1.1s)
  ok  57 [chromium] › tests\e2e\dashboard.spec.ts:141:7 › Dashboard Content Loading › should show loading states appropriately (995ms)
  -   59 [chromium] › tests\e2e\dashboard.spec.ts:162:8 › Dashboard Accessibility › should have proper heading hierarchy
  ok  56 [chromium] › tests\e2e\dashboard.spec.ts:135:7 › Dashboard Navigation and Layout › should display page title correctly (1.1s)
  ok  58 [chromium] › tests\e2e\dashboard.spec.ts:149:7 › Dashboard Content Loading › should handle network errors gracefully (1.0s)
  ok  60 [chromium] › tests\e2e\dashboard.spec.ts:169:7 › Dashboard Accessibility › should have skip to main content link (1.0s)
  ok  61 [chromium] › tests\e2e\dashboard.spec.ts:184:7 › Dashboard Accessibility › should support keyboard navigation (1.0s)

========== EDGE COUNT DIAGNOSTIC ==========

  x   48 [chromium] › tests\e2e\dashboard.spec.ts:57:7 › Dashboard Navigation and Layout › should highlight active navigation link (5.9s)
  x   51 [chromium] › tests\e2e\dashboard.spec.ts:80:7 › Dashboard Navigation and Layout › should render main content area (5.9s)
  x   53 [chromium] › tests\e2e\dashboard.spec.ts:96:7 › Dashboard Navigation and Layout › should be responsive on tablet viewport (5.8s)
Total paths in g.links: 0
Total g.link groups: 0

Transparent hitbox paths: 0
Visible stroke paths: 0

========== DIAGNOSTIC COMPLETE ==========


========== CONSOLE LOGS ==========
[info] %cDownload the React DevTools for a better development experience: https://reactjs.org/link/react-devtools font-weight:bold
[warning] [zustand devtools middleware] Please install/enable Redux devtools extension
[warning] [zustand devtools middleware] Please install/enable Redux devtools extension
[warning] ⚠️ React Router Future Flag Warning: React Router will begin wrapping state updates in `React.startTransition` in v7. You can use the `v7_startTransition` future flag to opt-in early. For more information, see https://reactrouter.com/v6/upgrading/future#v7_starttransition.
[warning] ⚠️ React Router Future Flag Warning: Relative route resolution within Splat routes is changing in v7. You can use the `v7_relativeSplatPath` future flag to opt-in early. For more information, see https://reactrouter.com/v6/upgrading/future#v7_relativesplatpath.
[error] Access to XMLHttpRequest at 'http://localhost:8002/api/mechanisms/?limit=1000' from origin 'http://localhost:3000' has been blocked by CORS policy: No 'Access-Control-Allow-Origin' header is present on the requested resource.
[error] Failed to load resource: net::ERR_FAILED
[error] Access to XMLHttpRequest at 'http://localhost:8002/api/mechanisms/?limit=1000' from origin 'http://localhost:3000' has been blocked by CORS policy: No 'Access-Control-Allow-Origin' header is present on the requested resource.
[error] Failed to load resource: net::ERR_FAILED

========== ERRORS ==========
Access to XMLHttpRequest at 'http://localhost:8002/api/mechanisms/?limit=1000' from origin 'http://localhost:3000' has been blocked by CORS policy: No 'Access-Control-Allow-Origin' header is present on the requested resource.
Failed to load resource: net::ERR_FAILED
Access to XMLHttpRequest at 'http://localhost:8002/api/mechanisms/?limit=1000' from origin 'http://localhost:3000' has been blocked by CORS policy: No 'Access-Control-Allow-Origin' header is present on the requested resource.
Failed to load resource: net::ERR_FAILED

========== WARNINGS ==========
[zustand devtools middleware] Please install/enable Redux devtools extension
[zustand devtools middleware] Please install/enable Redux devtools extension
⚠️ React Router Future Flag Warning: React Router will begin wrapping state updates in `React.startTransition` in v7. You can use the `v7_startTransition` future flag to opt-in early. For more information, see https://reactrouter.com/v6/upgrading/future#v7_starttransition.
⚠️ React Router Future Flag Warning: Relative route resolution within Splat routes is changing in v7. You can use the `v7_relativeSplatPath` future flag to opt-in early. For more information, see https://reactrouter.com/v6/upgrading/future#v7_relativesplatpath.

========== MECHANISM GRAPH LOGS ==========

Found 3 total SVG elements

========== SVG INFO ==========
NO SVG FOUND!
  ok  63 [chromium] › tests\e2e\edge-count-diagnostic.spec.ts:3:5 › Edge Count Diagnostic (4.0s)
  ok  62 [chromium] › tests\e2e\diagnostic-console.spec.ts:7:5 › capture console logs from systems-map (4.1s)
Found 0 potential Evidence Base tabs
❌ Evidence Base tab not found - view not implemented yet
  -   69 [chromium] › tests\e2e\evidence-base-view.spec.ts:23:7 › Evidence Base View › Evidence Base tab should be accessible
  -   70 [chromium] › tests\e2e\evidence-base-view.spec.ts:51:7 › Evidence Base View › Evidence Base should display table of mechanisms
  x   42 [chromium] › tests\e2e\crisis-explorer-view.spec.ts:190:7 › Crisis Explorer View › Shows visualization after exploration (20.8s)
  -   71 [chromium] › tests\e2e\evidence-base-view.spec.ts:105:7 › Evidence Base View › Should search mechanisms by node names
  -   72 [chromium] › tests\e2e\evidence-base-view.spec.ts:196:7 › Evidence Base View › Should filter mechanisms by category
  -   73 [chromium] › tests\e2e\evidence-base-view.spec.ts:148:7 › Evidence Base View › Should filter mechanisms by evidence quality
  -   74 [chromium] › tests\e2e\evidence-base-view.spec.ts:244:7 › Evidence Base View › Should show mechanism details panel
  x   64 [chromium] › tests\e2e\evidence-badges.spec.ts:16:7 › Evidence Quality Badges › Systems Map should display evidence badges on edges (14.1s)
  -   75 [chromium] › tests\e2e\evidence-base-view.spec.ts:288:7 › Evidence Base View › Should show citations and sources
  -   76 [chromium] › tests\e2e\evidence-base-view.spec.ts:332:7 › Evidence Base View › Should show "Show in Map" button
  x   65 [chromium] › tests\e2e\evidence-badges.spec.ts:56:7 › Evidence Quality Badges › Evidence badges should be color-coded by quality (14.1s)
  -   77 [chromium] › tests\e2e\evidence-base-view.spec.ts:426:7 › Evidence Base View › Should support export/download functionality
  -   78 [chromium] › tests\e2e\evidence-base-view.spec.ts:463:7 › Evidence Base View › Should handle pagination for large mechanism lists
  ok  80 [chromium] › tests\e2e\filters-search.spec.ts:33:7 › Search Functionality › should accept text input in search field (873ms)
  ok  81 [chromium] › tests\e2e\filters-search.spec.ts:48:7 › Search Functionality › should filter mechanisms by search term (855ms)
  -   79 [chromium] › tests\e2e\evidence-base-view.spec.ts:387:7 › Evidence Base View › Should show evidence quality indicators in table
  x   66 [chromium] › tests\e2e\evidence-badges.spec.ts:92:7 › Evidence Quality Badges › Edge hover should show full evidence details (14.3s)
  x   67 [chromium] › tests\e2e\evidence-badges.spec.ts:129:7 › Evidence Quality Badges › Legend should explain evidence quality levels (14.3s)
  ok  82 [chromium] › tests\e2e\filters-search.spec.ts:72:7 › Search Functionality › should clear search results (923ms)
  ok  83 [chromium] › tests\e2e\filters-search.spec.ts:97:7 › Search Functionality › should handle no results gracefully (927ms)
  ok  84 [chromium] › tests\e2e\filters-search.spec.ts:20:7 › Search Functionality › should have search input field (1.0s)
  ok  85 [chromium] › tests\e2e\filters-search.spec.ts:120:7 › Search Functionality › should be case-insensitive (1.0s)
  x   68 [chromium] › tests\e2e\evidence-badges.spec.ts:164:7 › Evidence Quality Badges › Should filter edges by evidence quality (14.2s)
  ok  86 [chromium] › tests\e2e\filters-search.spec.ts:177:7 › Category Filtering › should filter by structural category (929ms)
  ok  87 [chromium] › tests\e2e\filters-search.spec.ts:197:7 › Category Filtering › should filter by economic category (953ms)
  ok  88 [chromium] › tests\e2e\filters-search.spec.ts:213:7 › Category Filtering › should reset to show all categories (989ms)
  ok  89 [chromium] › tests\e2e\filters-search.spec.ts:244:7 › Directionality Filtering › should have directionality filter (1.0s)
  ok  90 [chromium] › tests\e2e\filters-search.spec.ts:277:7 › Directionality Filtering › should filter by negative directionality (1.0s)
  ok  92 [chromium] › tests\e2e\filters-search.spec.ts:305:7 › Combined Filtering › should combine search and category filters (947ms)
  ok  94 [chromium] › tests\e2e\filters-search.spec.ts:324:7 › Combined Filtering › should clear all filters (923ms)
  ok  91 [chromium] › tests\e2e\filters-search.spec.ts:153:7 › Category Filtering › should have category filter controls (1.2s)
  ok  95 [chromium] › tests\e2e\filters-search.spec.ts:356:7 › Filter UI/UX › should show active filter count (1.0s)
  ok  93 [chromium] › tests\e2e\filters-search.spec.ts:162:7 › Category Filtering › should display available categories (1.2s)
  ok  97 [chromium] › tests\e2e\filters-search.spec.ts:373:7 › Filter UI/UX › should show loading state while filtering (1.0s)
  ok  96 [chromium] › tests\e2e\filters-search.spec.ts:365:7 › Filter UI/UX › should update results count dynamically (1.2s)
  ok  99 [chromium] › tests\e2e\filters-search.spec.ts:392:7 › Filter UI/UX › should persist filters on page navigation (1.1s)
  ok 105 [chromium] › tests\e2e\filters-search.spec.ts:505:7 › Filter Performance › should debounce search input (181ms)

========== FORCE-DIRECTED LAYOUT DIAGNOSTIC ==========

  ok  98 [chromium] › tests\e2e\filters-search.spec.ts:253:7 › Directionality Filtering › should filter by positive directionality (1.4s)
  ok 101 [chromium] › tests\e2e\filters-search.spec.ts:441:7 › Filter Accessibility › should announce filter changes to screen readers (1.2s)
  ok 100 [chromium] › tests\e2e\filters-search.spec.ts:426:7 › Filter Accessibility › should have accessible labels (1.3s)
  ok 102 [chromium] › tests\e2e\filters-search.spec.ts:448:7 › Filter Accessibility › should support keyboard navigation (1.2s)
  ok 103 [chromium] › tests\e2e\filters-search.spec.ts:466:7 › Filter Accessibility › should support Enter key to submit search (1.2s)
  ok 104 [chromium] › tests\e2e\filters-search.spec.ts:484:7 › Filter Performance › should filter quickly with large datasets (1.2s)
[warning] [zustand devtools middleware] Please install/enable Redux devtools extension
[warning] [zustand devtools middleware] Please install/enable Redux devtools extension
[warning] ⚠️ React Router Future Flag Warning: React Router will begin wrapping state updates in `React.startTransition` in v7. You can use the `v7_startTransition` future flag to opt-in early. For more information, see https://reactrouter.com/v6/upgrading/future#v7_starttransition.
[warning] ⚠️ React Router Future Flag Warning: Relative route resolution within Splat routes is changing in v7. You can use the `v7_relativeSplatPath` future flag to opt-in early. For more information, see https://reactrouter.com/v6/upgrading/future#v7_relativesplatpath.
[error] Access to XMLHttpRequest at 'http://localhost:8002/api/mechanisms/?limit=1000' from origin 'http://localhost:3000' has been blocked by CORS policy: No 'Access-Control-Allow-Origin' header is present on the requested resource.
[error] Failed to load resource: net::ERR_FAILED
  x   43 [chromium] › tests\e2e\crisis-explorer-view.spec.ts:204:7 › Crisis Explorer View › Reset button clears selection (32.4s)
[error] Access to XMLHttpRequest at 'http://localhost:8002/api/mechanisms/?limit=1000' from origin 'http://localhost:3000' has been blocked by CORS policy: No 'Access-Control-Allow-Origin' header is present on the requested resource.
[error] Failed to load resource: net::ERR_FAILED
[error] Access to XMLHttpRequest at 'http://localhost:8002/api/mechanisms/?limit=1000' from origin 'http://localhost:3000' has been blocked by CORS policy: No 'Access-Control-Allow-Origin' header is present on the requested resource.
[error] Failed to load resource: net::ERR_FAILED
[error] Access to XMLHttpRequest at 'http://localhost:8002/api/mechanisms/?limit=1000' from origin 'http://localhost:3000' has been blocked by CORS policy: No 'Access-Control-Allow-Origin' header is present on the requested resource.
[error] Failed to load resource: net::ERR_FAILED
  x  107 [chromium] › tests\e2e\graph-interactions.spec.ts:16:7 › Graph Interactions › Nodes should be visible on the graph (11.2s)
  x  108 [chromium] › tests\e2e\graph-interactions.spec.ts:24:7 › Graph Interactions › Edges should be visible on the graph (11.2s)
  x  109 [chromium] › tests\e2e\graph-interactions.spec.ts:32:7 › Graph Interactions › Nodes should have text labels (11.2s)
  x  110 [chromium] › tests\e2e\graph-interactions.spec.ts:42:7 › Graph Interactions › Nodes should respond to hover (11.3s)
  x  111 [chromium] › tests\e2e\graph-interactions.spec.ts:61:7 › Graph Interactions › Clicking a node should select it (11.4s)
  x  112 [chromium] › tests\e2e\graph-interactions.spec.ts:73:7 › Graph Interactions › Graph should have scale badges on nodes (11.5s)
  x  106 [chromium] › tests\e2e\force-directed-diagnostic.spec.ts:7:5 › Force-Directed Layout Diagnostic (13.3s)
  x  113 [chromium] › tests\e2e\graph-interactions.spec.ts:81:7 › Graph Interactions › Graph should have evidence badges on edges (11.7s)
  ok 115 [chromium] › tests\e2e\graph-interactions.spec.ts:106:7 › Graph Interactions › Graph container should have proper structure (3.9s)
  ok 118 [chromium] › tests\e2e\graph-interactions.spec.ts:144:7 › Graph Interactions › Graph should handle layout toggle (4.4s)

========== HEADER & PANEL INTERACTION TEST ==========

  ok 119 [chromium] › tests\e2e\graph-interactions.spec.ts:164:7 › Graph Interactions › Multiple nodes should be selectable (4.4s)
Nodes overlap: true
  x  122 [chromium] › tests\e2e\graph-interactions.spec.ts:198:7 › Graph Interactions › Nodes should have white fill color (3.1s)
  ok 121 [chromium] › tests\e2e\graph-interactions.spec.ts:209:7 › Graph Interactions › Graph should have proper spacing between nodes (3.6s)
✓ Header visible initially
Header z-index: 30
✓ Diagram loaded
Found 71 nodes

--- Testing Node Click ---
✓ Screenshot saved: before-node-click.png
  ok 124 [chromium] › tests\e2e\hierarchical-diagram-debug.spec.ts:21:7 › Hierarchical Diagram - Visual Inspection › should take screenshot of full visualization for review (3.1s)
Header visible after node click: true
✓ Header still visible
Panel visible: true
✓ Node detail panel opened successfully
  ok 120 [chromium] › tests\e2e\graph-interactions.spec.ts:184:7 › Graph Interactions › Graph should maintain visibility during interactions (6.7s)
Panel z-index/position: {
  "zIndex": "auto",
  "position": "relative"
}
Panel title: "Paternal Preconception Overweight"
✓ Screenshot saved: after-node-click.png

--- Testing Edge Click ---
Found 53 edges
✓ Closed previous panel
Mechanism panel visible: false
✗ ISSUE: Mechanism panel did not appear after edge click
✓ Screenshot saved: after-edge-click.png

========== TEST COMPLETE ==========

  ok 123 [chromium] › tests\e2e\header-panel-interaction.spec.ts:7:5 › Header and Panel Interaction Test (4.8s)
Found 0 level labels
  ok 114 [chromium] › tests\e2e\graph-interactions.spec.ts:94:7 › Graph Interactions › Graph should be zoomable (SVG should exist) (10.4s)
  x  125 [chromium] › tests\e2e\hierarchical-diagram-debug.spec.ts:86:7 › Hierarchical Diagram - Visual Inspection › should verify level labels are present (2.8s)
Found 2 arrow markers
  ok 117 [chromium] › tests\e2e\graph-interactions.spec.ts:133:7 › Graph Interactions › Edges should have arrow markers (10.2s)
  x  116 [chromium] › tests\e2e\graph-interactions.spec.ts:120:7 › Graph Interactions › Nodes should have consistent visual structure (10.4s)
Found 0 bezier curve paths
Found 0 straight lines
First node fill color: #FF8C00
Found 71 nodes
  x  126 [chromium] › tests\e2e\hierarchical-diagram-debug.spec.ts:111:7 › Hierarchical Diagram - Visual Inspection › should verify edges use bezier curves (paths not lines) (3.0s)
  x  128 [chromium] › tests\e2e\hierarchical-diagram-debug.spec.ts:132:7 › Hierarchical Diagram - Visual Inspection › should verify nodes have uniform white fill (2.9s)
Nodes arranged in 6 columns
Column X positions: [ [33m0[39m, [33m150[39m, [33m300[39m, [33m450[39m, [33m550[39m, [33m700[39m ]
  x  127 [chromium] › tests\e2e\hierarchical-diagram-debug.spec.ts:37:7 › Hierarchical Diagram - Visual Inspection › should verify nodes are arranged in 5 vertical columns (3.4s)
Found 230 text elements in nodes
Text 0: "6" (size: 8px, weight: bold)
Text 1: "Paternal" (size: 10.8px, weight: 500)
Text 2: "Preconception" (size: 10.8px, weight: 500)
Text 3: "Overweight" (size: 10.8px, weight: 500)
Text 4: "6" (size: 8px, weight: bold)
Glow opacity before hover: 0
  ok 131 [chromium] › tests\e2e\hierarchical-diagram-debug.spec.ts:244:7 › Hierarchical Diagram - Specific Issues › issue: text may be truncated or unreadable (2.1s)
Glow opacity after hover: 0.45
SVG dimensions: 1200 x 2289
Expected: 1728 x 1248
  ok 129 [chromium] › tests\e2e\hierarchical-diagram-debug.spec.ts:147:7 › Hierarchical Diagram - Visual Inspection › should verify glow effect appears on hover (3.0s)
  x  130 [chromium] › tests\e2e\hierarchical-diagram-debug.spec.ts:178:7 › Hierarchical Diagram - Visual Inspection › should measure canvas dimensions (2.9s)
Found 0 edges
  ok 133 [chromium] › tests\e2e\hierarchical-diagram-debug.spec.ts:268:7 › Hierarchical Diagram - Specific Issues › issue: edges may be crossing nodes or going wrong direction (2.2s)
  ok 134 [chromium] › tests\e2e\important-nodes.spec.ts:15:9 › Important Nodes View › Page Load and Layout › should load the important nodes page (1.9s)
Found 65 overlapping node pairs out of 71 nodes
  ok 136 [chromium] › tests\e2e\important-nodes.spec.ts:20:9 › Important Nodes View › Page Load and Layout › should display nodes table (1.9s)
  x  132 [chromium] › tests\e2e\hierarchical-diagram-debug.spec.ts:200:7 › Hierarchical Diagram - Specific Issues › issue: nodes may be overlapping vertically (3.0s)
Alcoholism diagram - Nodes: 0, Edges: 0
  ok 137 [chromium] › tests\e2e\hierarchical-diagram-debug.spec.ts:333:7 › Alcoholism System Diagram - Specific View › should screenshot alcoholism-specific visualization (2.3s)
Found 0 alcohol-related nodes
SVG size: 1280 x 664
Content bounding box: 195.35122680664062 x 510.1651306152344
Content position: (485.4465637207031, 72.50161743164062) to (680.7977905273438, 582.666748046875)
  x  138 [chromium] › tests\e2e\hierarchical-diagram-debug.spec.ts:346:7 › Alcoholism System Diagram - Specific View › should verify alcoholism nodes are correctly categorized (2.2s)
  ok 139 [chromium] › tests\e2e\important-nodes.spec.ts:33:9 › Important Nodes View › Table Display › should display table headers (1.9s)
  ok 135 [chromium] › tests\e2e\hierarchical-diagram-debug.spec.ts:291:7 › Hierarchical Diagram - Specific Issues › issue: canvas may not be sized correctly for content (3.2s)
  ok 140 [chromium] › tests\e2e\important-nodes.spec.ts:43:9 › Important Nodes View › Table Display › should display node rank column (1.8s)
  ok 142 [chromium] › tests\e2e\important-nodes.spec.ts:50:9 › Important Nodes View › Table Display › should display node name column (2.0s)
  ok 141 [chromium] › tests\e2e\important-nodes.spec.ts:25:9 › Important Nodes View › Page Load and Layout › should show statistics cards (2.3s)
  ok 143 [chromium] › tests\e2e\important-nodes.spec.ts:62:9 › Important Nodes View › Table Display › should display connections column (2.1s)
  ok 144 [chromium] › tests\e2e\important-nodes.spec.ts:76:9 › Important Nodes View › Table Display › should display table rows (2.0s)
  ok 145 [chromium] › tests\e2e\important-nodes.spec.ts:90:9 › Important Nodes View › Table Sorting › should allow sorting by rank (2.1s)
  ok 146 [chromium] › tests\e2e\important-nodes.spec.ts:100:9 › Important Nodes View › Table Sorting › should allow sorting by importance score (2.1s)
  ok 148 [chromium] › tests\e2e\important-nodes.spec.ts:109:9 › Important Nodes View › Table Sorting › should allow sorting by connections (2.0s)
  ok 147 [chromium] › tests\e2e\important-nodes.spec.ts:55:9 › Important Nodes View › Table Display › should display importance score column (2.3s)
  ok 149 [chromium] › tests\e2e\important-nodes.spec.ts:118:9 › Important Nodes View › Table Sorting › should toggle sort direction on repeated clicks (2.3s)
  ok 150 [chromium] › tests\e2e\important-nodes.spec.ts:131:9 › Important Nodes View › Table Sorting › should show sort indicators (2.1s)
  ok 151 [chromium] › tests\e2e\important-nodes.spec.ts:69:9 › Important Nodes View › Table Display › should display evidence column (2.1s)
  ok 152 [chromium] › tests\e2e\important-nodes.spec.ts:141:9 › Important Nodes View › Top N Control › should display top N slider or input (2.1s)
  ok 153 [chromium] › tests\e2e\important-nodes.spec.ts:155:9 › Important Nodes View › Top N Control › should show current top N value (2.0s)
  ok 154 [chromium] › tests\e2e\important-nodes.spec.ts:161:9 › Important Nodes View › Top N Control › should allow adjusting top N value (2.1s)
  ok 156 [chromium] › tests\e2e\important-nodes.spec.ts:186:9 › Important Nodes View › Filtering › should have category filter (2.3s)
  ok 157 [chromium] › tests\e2e\important-nodes.spec.ts:198:9 › Important Nodes View › Filtering › should have scale filter (2.3s)
  ok 158 [chromium] › tests\e2e\important-nodes.spec.ts:206:9 › Important Nodes View › Filtering › should have minimum connections filter (2.1s)
  ok 160 [chromium] › tests\e2e\important-nodes.spec.ts:220:9 › Important Nodes View › Filtering › should show filter reset button (2.5s)
  ok 161 [chromium] › tests\e2e\important-nodes.spec.ts:230:9 › Important Nodes View › Node Interaction › should allow clicking on node rows (2.5s)
  ok 162 [chromium] › tests\e2e\important-nodes.spec.ts:246:9 › Important Nodes View › Node Interaction › should highlight selected node (2.6s)
  ok 163 [chromium] › tests\e2e\important-nodes.spec.ts:270:9 › Important Nodes View › Node Interaction › should have highlight on graph button (2.8s)
  ok 165 [chromium] › tests\e2e\important-nodes.spec.ts:288:9 › Important Nodes View › Export Functionality › should indicate export format (2.5s)
  ok 164 [chromium] › tests\e2e\important-nodes.spec.ts:280:9 › Important Nodes View › Export Functionality › should have export button (2.8s)
  ok 167 [chromium] › tests\e2e\important-nodes.spec.ts:304:9 › Important Nodes View › Statistics Display › should display average importance score (2.4s)
  ok 166 [chromium] › tests\e2e\important-nodes.spec.ts:296:9 › Important Nodes View › Statistics Display › should display total nodes count (2.5s)
  ok 168 [chromium] › tests\e2e\important-nodes.spec.ts:312:9 › Important Nodes View › Statistics Display › should display average connections (2.7s)
  ok 169 [chromium] › tests\e2e\important-nodes.spec.ts:322:9 › Important Nodes View › Responsive Design › should adapt table to mobile viewport (2.4s)
  ok 170 [chromium] › tests\e2e\important-nodes.spec.ts:330:9 › Important Nodes View › Responsive Design › should have horizontal scroll on mobile if needed (2.3s)
  x  155 [chromium] › tests\e2e\important-nodes.spec.ts:171:9 › Important Nodes View › Top N Control › should update table when top N changes (8.0s)
  ok 172 [chromium] › tests\e2e\important-nodes.spec.ts:355:9 › Important Nodes View › Loading and Error States › should show loading indicator (2.1s)
  ok 173 [chromium] › tests\e2e\important-nodes.spec.ts:361:9 › Important Nodes View › Loading and Error States › should show error message on failure (2.0s)
  x  159 [chromium] › tests\e2e\important-nodes.spec.ts:214:9 › Important Nodes View › Filtering › should apply filters to table (7.3s)
  ok 174 [chromium] › tests\e2e\important-nodes.spec.ts:367:9 › Important Nodes View › Loading and Error States › should show empty state when no nodes match filters (2.2s)
  ok 175 [chromium] › tests\e2e\important-nodes.spec.ts:375:9 › Important Nodes View › Accessibility › should have accessible table structure (2.1s)
  ok 176 [chromium] › tests\e2e\important-nodes.spec.ts:385:9 › Important Nodes View › Accessibility › should support keyboard navigation in table (2.1s)
  ok 177 [chromium] › tests\e2e\important-nodes.spec.ts:413:9 › Important Nodes View › Accessibility › should announce sort changes to screen readers (2.0s)
  ok 178 [chromium] › tests\e2e\important-nodes.spec.ts:421:9 › Important Nodes View › Graph Integration › should integrate with systems map view (2.1s)
  ok 180 [chromium] › tests\e2e\important-nodes.spec.ts:398:9 › Important Nodes View › Accessibility › should have accessible filter controls (3.1s)
  ok 183 [chromium] › tests\e2e\important-nodes.spec.ts:427:9 › Important Nodes View › Graph Integration › should maintain selection state across views (2.5s)
  x  171 [chromium] › tests\e2e\important-nodes.spec.ts:346:9 › Important Nodes View › Responsive Design › should adapt to tablet viewport (7.7s)
  x  179 [chromium] › tests\e2e\legend-component.spec.ts:15:7 › Legend Component › Legend should be visible on Systems Map (11.4s)
  x  181 [chromium] › tests\e2e\legend-component.spec.ts:20:7 › Legend Component › Legend should display 7-Scale Hierarchy section (11.4s)
  x  182 [chromium] › tests\e2e\legend-component.spec.ts:34:7 › Legend Component › Legend should display Evidence Quality section (11.4s)
  x  184 [chromium] › tests\e2e\legend-component.spec.ts:52:7 › Legend Component › Legend should show scale colors correctly (11.4s)
  x  185 [chromium] › tests\e2e\legend-component.spec.ts:70:7 › Legend Component › Legend should show evidence quality colors correctly (11.5s)
  x  186 [chromium] › tests\e2e\legend-component.spec.ts:80:7 › Legend Component › Legend should indicate reserved scales (11.9s)
  x  187 [chromium] › tests\e2e\legend-component.spec.ts:90:7 › Legend Component › Legend should have helper text for evidence badges (12.0s)

========== STARTING MANUAL INTERACTION TEST ==========

  ok 195 [chromium] › tests\e2e\mechanism-details.spec.ts:21:7 › Mechanism Details Display › should show mechanism details when clicking a node (1.1s)
  x  188 [chromium] › tests\e2e\legend-component.spec.ts:98:7 › Legend Component › Legend should have helper text for active scales (12.2s)
  ok 196 [chromium] › tests\e2e\mechanism-details.spec.ts:43:7 › Mechanism Details Display › should display mechanism name and description (1.2s)
  ok 197 [chromium] › tests\e2e\mechanism-details.spec.ts:79:7 › Mechanism Details Display › should display mechanism category (1.1s)
  ok 198 [chromium] › tests\e2e\mechanism-details.spec.ts:94:7 › Mechanism Details Display › should show directionality indicator (1.1s)
  ok 199 [chromium] › tests\e2e\mechanism-details.spec.ts:61:7 › Mechanism Details Display › should show source and target nodes (1.4s)
  ok 200 [chromium] › tests\e2e\mechanism-details.spec.ts:124:7 › Mechanism Evidence and Quality › should display evidence quality rating (912ms)
  ok 201 [chromium] › tests\e2e\mechanism-details.spec.ts:131:7 › Mechanism Evidence and Quality › should show number of studies (856ms)
  ok 202 [chromium] › tests\e2e\mechanism-details.spec.ts:138:7 › Mechanism Evidence and Quality › should display causal pathway steps (813ms)
  ok 203 [chromium] › tests\e2e\mechanism-details.spec.ts:147:7 › Mechanism Evidence and Quality › should show moderators when available (839ms)
  x  189 [chromium] › tests\e2e\legend-component.spec.ts:106:7 › Legend Component › Legend should show node and edge symbols (11.5s)
  ok 204 [chromium] › tests\e2e\mechanism-details.spec.ts:154:7 › Mechanism Evidence and Quality › should display structural competency notes (872ms)
  x  190 [chromium] › tests\e2e\legend-component.spec.ts:118:7 › Legend Component › Legend should be readable with sufficient contrast (11.3s)
  x  191 [chromium] › tests\e2e\legend-component.spec.ts:136:7 › Legend Component › Legend sections should be properly organized (11.5s)
  ok 205 [chromium] › tests\e2e\mechanism-details.spec.ts:163:7 › Mechanism Details Navigation › should close details panel (993ms)
  x  192 [chromium] › tests\e2e\legend-component.spec.ts:147:7 › Legend Component › Legend should have scale labels with semantic meaning (11.4s)
  ok 206 [chromium] › tests\e2e\mechanism-details.spec.ts:215:7 › Mechanism Details Navigation › should support keyboard navigation to close (1.0s)
  x  193 [chromium] › tests\e2e\legend-component.spec.ts:165:7 › Legend Component › Legend should show evidence quality labels (11.3s)
  ok 207 [chromium] › tests\e2e\mechanism-details.spec.ts:265:7 › Mechanism Details Metadata › should display timestamps (1.0s)
  ok 209 [chromium] › tests\e2e\mechanism-details.spec.ts:294:7 › Mechanism Details Actions › should have edit functionality for admin users (984ms)
  ok 208 [chromium] › tests\e2e\mechanism-details.spec.ts:195:7 › Mechanism Details Navigation › should navigate to related mechanisms (1.1s)
  ok 211 [chromium] › tests\e2e\mechanism-details.spec.ts:328:7 › Mechanism Details Accessibility › should trap focus within modal when open (1.1s)
  ok 210 [chromium] › tests\e2e\mechanism-details.spec.ts:251:7 › Mechanism Details Metadata › should show spatial variation (1.4s)
  ok 213 [chromium] › tests\e2e\mechanism-details.spec.ts:356:7 › Mechanism Details Accessibility › should support keyboard navigation (964ms)
  ok 212 [chromium] › tests\e2e\mechanism-details.spec.ts:258:7 › Mechanism Details Metadata › should show temporal variation (1.2s)
  ok 215 [chromium] › tests\e2e\mechanism-details.spec.ts:378:7 › Mechanism Details Responsive Design › should display correctly on mobile (981ms)
  ok 214 [chromium] › tests\e2e\mechanism-details.spec.ts:285:7 › Mechanism Details Actions › should have share or export functionality (1.1s)
  ok 217 [chromium] › tests\e2e\mechanism-details.spec.ts:400:7 › Mechanism Details Responsive Design › should display correctly on tablet (1.0s)
  ok 216 [chromium] › tests\e2e\mechanism-details.spec.ts:306:7 › Mechanism Details Accessibility › should have proper ARIA labels (1.3s)
  x  194 [chromium] › tests\e2e\manual-interaction-test.spec.ts:14:5 › Manual Diagram Interaction Test (11.4s)
Found 1 potential Node Library tabs
✓ Node Library tab found
Current URL: http://localhost:3000/important-nodes
✓ Navigated to Node Library view
  ok 219 [chromium] › tests\e2e\node-library-view.spec.ts:23:7 › Node Library View › Node Library tab should be accessible (3.0s)
❌ Node table not found
❌ Search input not found
  -  218 [chromium] › tests\e2e\node-library-view.spec.ts:51:7 › Node Library View › Node Library should display table of all nodes
  -  220 [chromium] › tests\e2e\node-library-view.spec.ts:105:7 › Node Library View › Should search nodes by name
❌ Category filter not found

========== NODE RENDERING DIAGNOSTIC ==========

  -  221 [chromium] › tests\e2e\node-library-view.spec.ts:148:7 › Node Library View › Should filter nodes by category
❌ Scale filter not found
  -  222 [chromium] › tests\e2e\node-library-view.spec.ts:196:7 › Node Library View › Should filter nodes by scale
❌ Connections column not found
  -  223 [chromium] › tests\e2e\node-library-view.spec.ts:244:7 › Node Library View › Should sort nodes by connections
❌ "View in Map" button not found
  -  224 [chromium] › tests\e2e\node-library-view.spec.ts:283:7 › Node Library View › Should show "View in Map" button
⚠ Pagination not found (may not be needed for current dataset size)
  ok 229 [chromium] › tests\e2e\pathfinder-view.spec.ts:28:7 › Pathfinder View › Pathfinder view loads successfully (3.2s)
  ok 227 [chromium] › tests\e2e\node-library-view.spec.ts:407:7 › Node Library View › Should handle pagination for large node lists (3.6s)
✓ SVG with graph-container found
  ok 231 [chromium] › tests\e2e\pathfinder-view.spec.ts:45:7 › Pathfinder View › Selection mode toggles are present (3.3s)
Found 1 g.nodes groups
Found 71 g.node elements
Found 71 rect elements inside g.node
Found 71 node-glow rects

First node rect attributes: {
  "x": "-60",
  "y": "-27.5",
  "width": "120",
  "height": "55",
  "fill": "#FFFFFF",
  "stroke": "#333",
  "strokeWidth": "2",
  "opacity": "1",
  "computedDisplay": "inline",
  "computedVisibility": "visible",
  "computedOpacity": "1",
  "computedFill": "rgb(255, 255, 255)",
  "computedStroke": "rgb(51, 51, 51)"
}
First rect bounding box: {
  x: [33m650.9513549804688[39m,
  y: [33m259.09942626953125[39m,
  width: [33m28.22686767578125[39m,
  height: [33m13.187957763671875[39m
}

Found 159 text labels inside g.node-text

First text label: {
  "content": "Paternal",
  "x": "0",
  "y": "-13",
  "fontSize": "10.8px",
  "fill": "#333",
  "computedFontSize": "10.8px",
  "computedFill": "rgb(51, 51, 51)"
}

Found 106 edge paths

First edge attributes: {
  "d": "M 768.3333333333333 827 Q 708.3333333333333 827, 708.3333333333333 859.25 T 648.3333333333333 891.5...",
  "stroke": "transparent",
  "strokeWidth": "8",
  "fill": "none",
  "opacity": null,
  "computedStroke": "rgba(0, 0, 0, 0)",
  "computedStrokeWidth": "8px",
  "computedOpacity": "1",
  "computedDisplay": "inline",
  "computedVisibility": "visible"
}

✓ Screenshot saved

========== DIAGNOSTIC COMPLETE ==========

  ok 228 [chromium] › tests\e2e\node-rendering-diagnostic.spec.ts:7:5 › Node Rendering Diagnostic (4.4s)
  ok 232 [chromium] › tests\e2e\pathfinder-view.spec.ts:56:7 › Pathfinder View › Can select from node by clicking (4.3s)
⚠ Preview panel not visible (may open on hover/click)
  ok 226 [chromium] › tests\e2e\node-library-view.spec.ts:328:7 › Node Library View › Should show node preview panel (6.4s)
  ok 235 [chromium] › tests\e2e\pathfinder-view.spec.ts:127:7 › Pathfinder View › Algorithm selection is present (3.1s)
  ok 236 [chromium] › tests\e2e\pathfinder-view.spec.ts:138:7 › Pathfinder View › Find Paths button appears after node selection (3.8s)
  x  239 [chromium] › tests\e2e\pathfinder.spec.ts:16:9 › Pathfinder View › Page Load and Layout › should load the pathfinder page (1.8s)
  ok 238 [chromium] › tests\e2e\pathfinder-view.spec.ts:179:7 › Pathfinder View › Shows error for invalid node selection (3.2s)
  ok 237 [chromium] › tests\e2e\pathfinder-view.spec.ts:153:7 › Pathfinder View › Shows loading state when finding paths (4.1s)
  ok 230 [chromium] › tests\e2e\pathfinder-view.spec.ts:34:7 › Pathfinder View › Graph visualization is present (9.3s)
  ok 241 [chromium] › tests\e2e\pathfinder.spec.ts:35:9 › Pathfinder View › Page Load and Layout › should display search configuration controls (1.9s)
  ok 245 [chromium] › tests\e2e\pathfinder.spec.ts:71:9 › Pathfinder View › Node Selection › should allow swapping from and to nodes (1.7s)
  ok 233 [chromium] › tests\e2e\pathfinder-view.spec.ts:79:7 › Pathfinder View › Mode switches after selecting from node (9.9s)
  ok 234 [chromium] › tests\e2e\pathfinder-view.spec.ts:104:7 › Pathfinder View › Can select both from and to nodes (10.1s)
  ok 246 [chromium] › tests\e2e\pathfinder.spec.ts:83:9 › Pathfinder View › Node Selection › should show selection mode instructions for graph click (1.7s)
  ok 247 [chromium] › tests\e2e\pathfinder.spec.ts:91:9 › Pathfinder View › Algorithm Configuration › should display available algorithms (1.7s)
  ok 248 [chromium] › tests\e2e\pathfinder.spec.ts:103:9 › Pathfinder View › Algorithm Configuration › should allow selecting algorithm (1.9s)
  x  240 [chromium] › tests\e2e\pathfinder.spec.ts:21:9 › Pathfinder View › Page Load and Layout › should display node selection inputs (7.3s)
  ok 249 [chromium] › tests\e2e\pathfinder.spec.ts:113:9 › Pathfinder View › Algorithm Configuration › should display algorithm descriptions (1.7s)
  ok 250 [chromium] › tests\e2e\pathfinder.spec.ts:121:9 › Pathfinder View › Search Configuration › should allow configuring max depth (1.8s)
  ok 251 [chromium] › tests\e2e\pathfinder.spec.ts:133:9 › Pathfinder View › Search Configuration › should allow configuring max paths (1.7s)
  x  244 [chromium] › tests\e2e\pathfinder.spec.ts:30:9 › Pathfinder View › Page Load and Layout › should display algorithm selection (7.3s)
  ok 254 [chromium] › tests\e2e\pathfinder.spec.ts:169:9 › Pathfinder View › Category Filtering › should support exclude categories mode (1.7s)
  ok 252 [chromium] › tests\e2e\pathfinder.spec.ts:154:9 › Pathfinder View › Category Filtering › should allow filtering by categories (2.3s)
  ok 253 [chromium] › tests\e2e\pathfinder.spec.ts:144:9 › Pathfinder View › Search Configuration › should show advanced filters toggle (1.9s)
  ok 255 [chromium] › tests\e2e\pathfinder.spec.ts:177:9 › Pathfinder View › Category Filtering › should support only categories mode (1.7s)
  ok 256 [chromium] › tests\e2e\pathfinder.spec.ts:191:9 › Pathfinder View › Pathfinding Execution › should disable find button when nodes not selected (1.7s)
  ok 257 [chromium] › tests\e2e\pathfinder.spec.ts:199:9 › Pathfinder View › Pathfinding Execution › should show loading state during search (1.7s)
  ok 258 [chromium] › tests\e2e\pathfinder.spec.ts:205:9 › Pathfinder View › Pathfinding Execution › should have clear/reset button (1.7s)
  ok 259 [chromium] › tests\e2e\pathfinder.spec.ts:215:9 › Pathfinder View › Path Results Display › should have results container (1.8s)
  ok 260 [chromium] › tests\e2e\pathfinder.spec.ts:186:9 › Pathfinder View › Pathfinding Execution › should have find paths button (1.9s)
  ok 261 [chromium] › tests\e2e\pathfinder.spec.ts:223:9 › Pathfinder View › Path Results Display › should display path metrics when results exist (1.7s)
  ok 262 [chromium] › tests\e2e\pathfinder.spec.ts:231:9 › Pathfinder View › Path Results Display › should show no results message when appropriate (1.7s)
  ok 263 [chromium] › tests\e2e\pathfinder.spec.ts:241:9 › Pathfinder View › Path Details › should allow selecting individual paths (1.8s)
  ok 264 [chromium] › tests\e2e\pathfinder.spec.ts:247:9 › Pathfinder View › Path Details › should show mechanism breakdown for selected path (1.8s)
  ok 265 [chromium] › tests\e2e\pathfinder.spec.ts:253:9 › Pathfinder View › Path Details › should display evidence grades for path steps (1.8s)
  ok 266 [chromium] › tests\e2e\pathfinder.spec.ts:259:9 › Pathfinder View › Path Details › should show direction indicators (1.8s)
  ok 267 [chromium] › tests\e2e\pathfinder.spec.ts:267:9 › Pathfinder View › Graph Integration › should have highlight on graph button (1.8s)
  ok 268 [chromium] › tests\e2e\pathfinder.spec.ts:275:9 › Pathfinder View › Graph Integration › should integrate with systems map view (1.8s)
  ok 269 [chromium] › tests\e2e\pathfinder.spec.ts:283:9 › Pathfinder View › Responsive Design › should adapt to mobile viewport (1.8s)
  ok 270 [chromium] › tests\e2e\pathfinder.spec.ts:289:9 › Pathfinder View › Responsive Design › should adapt to tablet viewport (1.8s)
  ok 271 [chromium] › tests\e2e\pathfinder.spec.ts:296:9 › Pathfinder View › Responsive Design › should have scrollable results on small screens (1.9s)
  ok 272 [chromium] › tests\e2e\pathfinder.spec.ts:305:9 › Pathfinder View › Accessibility › should have accessible form controls (1.8s)
  ok 274 [chromium] › tests\e2e\pathfinder.spec.ts:330:9 › Pathfinder View › Accessibility › should announce search status to screen readers (1.9s)
  ok 275 [chromium] › tests\e2e\pathfinder.spec.ts:338:9 › Pathfinder View › Error Handling › should show error message on search failure (1.8s)
  ok 277 [chromium] › tests\e2e\pathfinder.spec.ts:350:9 › Pathfinder View › Error Handling › should handle same source and target node (1.8s)
  ok 276 [chromium] › tests\e2e\pathfinder.spec.ts:344:9 › Pathfinder View › Error Handling › should validate node selection (1.8s)
  x  278 [chromium] › tests\e2e\remaining-views.spec.ts:16:7 › Pathway Explorer View › should load pathway explorer page (1.9s)
  ok 279 [chromium] › tests\e2e\remaining-views.spec.ts:21:7 › Pathway Explorer View › should display pathway list (1.7s)
  ok 280 [chromium] › tests\e2e\remaining-views.spec.ts:27:7 › Pathway Explorer View › should have search functionality (1.8s)
  ok 281 [chromium] › tests\e2e\remaining-views.spec.ts:35:7 › Pathway Explorer View › should have category filter (1.8s)
  ok 282 [chromium] › tests\e2e\remaining-views.spec.ts:51:7 › Pathway Explorer View › should display pathway cards or list items (1.7s)
  x  225 [chromium] › tests\e2e\node-library-view.spec.ts:371:7 › Node Library View › Should show node connections in preview (31.4s)
  ok 283 [chromium] › tests\e2e\remaining-views.spec.ts:57:7 › Pathway Explorer View › should show pathway preview information (1.8s)
  ok 284 [chromium] › tests\e2e\remaining-views.spec.ts:63:7 › Pathway Explorer View › should allow selecting pathway for details (1.8s)
  x  273 [chromium] › tests\e2e\pathfinder.spec.ts:321:9 › Pathfinder View › Accessibility › should support keyboard navigation (7.3s)
  ok 286 [chromium] › tests\e2e\remaining-views.spec.ts:73:7 › Pathway Explorer View › should display detailed pathway view (1.8s)
  x  287 [chromium] › tests\e2e\remaining-views.spec.ts:91:7 › Crisis Explorer View › should load crisis explorer page (1.8s)
  ok 288 [chromium] › tests\e2e\remaining-views.spec.ts:96:7 › Crisis Explorer View › should display crisis endpoint selection (1.9s)
  ok 289 [chromium] › tests\e2e\remaining-views.spec.ts:117:7 › Crisis Explorer View › should have upstream traversal configuration (1.7s)
  ok 290 [chromium] › tests\e2e\remaining-views.spec.ts:79:7 › Pathway Explorer View › should be responsive on mobile (2.0s)
  ok 292 [chromium] › tests\e2e\remaining-views.spec.ts:135:7 › Crisis Explorer View › should have explore button (1.9s)
  ok 291 [chromium] › tests\e2e\remaining-views.spec.ts:106:7 › Crisis Explorer View › should allow selecting multiple crises (2.2s)
  ok 293 [chromium] › tests\e2e\remaining-views.spec.ts:140:7 › Crisis Explorer View › should display subgraph statistics (1.9s)
  ok 294 [chromium] › tests\e2e\remaining-views.spec.ts:146:7 › Crisis Explorer View › should identify policy levers (1.9s)
  x  285 [chromium] › tests\e2e\remaining-views.spec.ts:43:7 › Pathway Explorer View › should have evidence quality filter (6.9s)
  ok 295 [chromium] › tests\e2e\remaining-views.spec.ts:126:7 › Crisis Explorer View › should have minimum evidence filter (2.0s)
  ok 296 [chromium] › tests\e2e\remaining-views.spec.ts:152:7 › Crisis Explorer View › should display network visualization (1.9s)
  ok 297 [chromium] › tests\e2e\remaining-views.spec.ts:158:7 › Crisis Explorer View › should have tab-based node filtering (2.0s)
  ok 298 [chromium] › tests\e2e\remaining-views.spec.ts:167:7 › Crisis Explorer View › should highlight crisis endpoints in visualization (1.9s)
  ok 299 [chromium] › tests\e2e\remaining-views.spec.ts:173:7 › Crisis Explorer View › should be responsive on mobile (1.8s)
  ok 300 [chromium] › tests\e2e\remaining-views.spec.ts:190:7 › Alcoholism System View › should display filtered alcoholism subgraph (1.6s)
  ok 301 [chromium] › tests\e2e\remaining-views.spec.ts:196:7 › Alcoholism System View › should display statistics dashboard (1.7s)
  ok 302 [chromium] › tests\e2e\remaining-views.spec.ts:202:7 › Alcoholism System View › should categorize nodes by type (1.8s)
  x  303 [chromium] › tests\e2e\remaining-views.spec.ts:208:7 › Alcoholism System View › should display legend with node types (1.8s)
  ok 305 [chromium] › tests\e2e\remaining-views.spec.ts:217:7 › Alcoholism System View › should support node and edge interactions (2.0s)
  ok 306 [chromium] › tests\e2e\remaining-views.spec.ts:226:7 › Alcoholism System View › should have download/export functionality (1.9s)
  x  307 [chromium] › tests\e2e\remaining-views.spec.ts:234:7 › Alcoholism System View › should display category breakdown (1.9s)
  ok 308 [chromium] › tests\e2e\remaining-views.spec.ts:240:7 › Alcoholism System View › should use Cytoscape visualization (2.0s)
  ok 309 [chromium] › tests\e2e\remaining-views.spec.ts:251:7 › Alcoholism System View › should show policy lever identification (2.2s)
  ok 310 [chromium] › tests\e2e\remaining-views.spec.ts:259:7 › Cross-View Integration › should maintain navigation between views (2.3s)
  x  242 [chromium] › tests\e2e\pathfinder.spec.ts:45:9 › Pathfinder View › Node Selection › should allow selecting from node via search (32.8s)
  x  243 [chromium] › tests\e2e\pathfinder.spec.ts:59:9 › Pathfinder View › Node Selection › should allow selecting to node via search (32.8s)
  x  304 [chromium] › tests\e2e\remaining-views.spec.ts:185:7 › Alcoholism System View › should load alcoholism system page (7.0s)
  ok 315 [chromium] › tests\e2e\remaining-views.spec.ts:275:7 › Cross-View Integration › should share state across views (2.1s)
  x  312 [chromium] › tests\e2e\remaining-views.spec.ts:246:7 › Alcoholism System View › should be responsive on mobile (7.3s)
  ok 320 [chromium] › tests\e2e\systems-map.spec.ts:21:7 › Systems Map Visualization › should render the graph visualization (1.0s)
  x  311 [chromium] › tests\e2e\scale-badges.spec.ts:16:7 › Scale Badges on Nodes › Systems Map nodes should display scale badges (14.4s)
  x  313 [chromium] › tests\e2e\scale-badges.spec.ts:57:7 › Scale Badges on Nodes › Scale badges should show values 1-7 (14.2s)
  x  314 [chromium] › tests\e2e\scale-badges.spec.ts:96:7 › Scale Badges on Nodes › Hierarchical layout should group nodes by scale (14.3s)
  x  316 [chromium] › tests\e2e\scale-badges.spec.ts:146:7 › Scale Badges on Nodes › Node hover should show scale information (14.6s)
  x  317 [chromium] › tests\e2e\scale-badges.spec.ts:194:7 › Scale Badges on Nodes › Legend should explain 7-scale system (14.7s)
  x  318 [chromium] › tests\e2e\scale-badges.spec.ts:280:7 › Scale Badges on Nodes › Should show active vs reserved scales (14.5s)
  x  319 [chromium] › tests\e2e\scale-badges.spec.ts:230:7 › Scale Badges on Nodes › Should filter nodes by scale (15.0s)
  x  321 [chromium] › tests\e2e\systems-map.spec.ts:26:7 › Systems Map Visualization › should display mechanism nodes (11.1s)
  ok 327 [chromium] › tests\e2e\systems-map.spec.ts:124:7 › Systems Map Interactions › should support zoom in/out (2.1s)
  ok 325 [chromium] › tests\e2e\systems-map.spec.ts:86:7 › Systems Map Interactions › should select node on click (2.8s)
  ok 326 [chromium] › tests\e2e\systems-map.spec.ts:107:7 › Systems Map Interactions › should show mechanism details on node click (3.0s)
  ok 328 [chromium] › tests\e2e\systems-map.spec.ts:183:7 › Systems Map Filtering › should filter by category when available (1.2s)
  ok 329 [chromium] › tests\e2e\systems-map.spec.ts:206:7 › Systems Map Filtering › should search for mechanisms when available (1.2s)
  ok 331 [chromium] › tests\e2e\systems-map.spec.ts:228:7 › Systems Map Legend and Info › should display legend when available (1.5s)
  ok 322 [chromium] › tests\e2e\systems-map.spec.ts:35:7 › Systems Map Visualization › should display mechanism edges (9.3s)
  ok 330 [chromium] › tests\e2e\systems-map.spec.ts:148:7 › Systems Map Interactions › should support pan/drag (1.7s)
  ok 332 [chromium] › tests\e2e\systems-map.spec.ts:236:7 › Systems Map Legend and Info › should show mechanism count or stats (1.2s)
  ok 333 [chromium] › tests\e2e\systems-map.spec.ts:246:7 › Systems Map Responsive Design › should adapt to mobile viewport (1.3s)
  -  339 [chromium] › tests\e2e\systems-map.spec.ts:304:8 › Systems Map Accessibility › should have accessible title
  -  340 [chromium] › tests\e2e\systems-map.spec.ts:311:8 › Systems Map Accessibility › should have keyboard navigation support
  -  341 [chromium] › tests\e2e\systems-map.spec.ts:325:8 › Systems Map Accessibility › should support screen reader announcements
  ok 334 [chromium] › tests\e2e\systems-map.spec.ts:172:7 › Systems Map Filtering › should show category filter controls (1.4s)
  ok 335 [chromium] › tests\e2e\systems-map.spec.ts:258:7 › Systems Map Responsive Design › should adapt to tablet viewport (1.3s)
  ok 336 [chromium] › tests\e2e\systems-map.spec.ts:266:7 › Systems Map Responsive Design › should adapt to desktop viewport (1.2s)
  ok 323 [chromium] › tests\e2e\systems-map.spec.ts:44:7 › Systems Map Visualization › should show node labels (9.3s)
  ok 337 [chromium] › tests\e2e\systems-map.spec.ts:276:7 › Systems Map Performance › should load within reasonable time (1.2s)
  ok 338 [chromium] › tests\e2e\systems-map.spec.ts:288:7 › Systems Map Performance › should handle large datasets (1.3s)
  ok 324 [chromium] › tests\e2e\systems-map.spec.ts:62:7 › Systems Map Interactions › should highlight node on hover (9.7s)
✓ Crisis Explorer page loaded
Graph loaded with 71 nodes
Selected starting node
To button class: px-3 py-1 text-sm rounded bg-blue-600 text-white
⚠ Not enough crisis endpoints for multi-selection test
  ok 343 [chromium] › tests\e2e\user-workflow-crisis-analysis.spec.ts:122:7 › User Workflow: Crisis Analysis › Multiple crisis endpoints selection (4.1s)
  ok 348 [chromium] › tests\e2e\user-workflow-pathfinding.spec.ts:84:7 › User Workflow: Pathfinding › Pathfinding with algorithm selection (3.8s)
Selected ending node
Clicked Find Paths button
Found 10 crisis endpoints
✓ Selected crisis endpoint
✓ Set max degrees to 3
  x  351 [chromium] › tests\e2e\user-workflows.spec.ts:9:7 › User Workflow: Discovery and Exploration › complete discovery workflow: browse → search → view details → explore connections (2.4s)
✓ Selected evidence strength
✓ Explore button enabled
✓ Clicked Explore button
Find button disabled for same node: [33mfalse[39m
✓ Switched to From mode
✓ Switched to To mode
⚠ No results element found, but may have loaded
✓ Switched back to From mode
From button class: px-3 py-1 text-sm rounded bg-blue-600 text-white
  ok 350 [chromium] › tests\e2e\user-workflow-pathfinding.spec.ts:165:7 › User Workflow: Pathfinding › Mode toggle manual switching (3.8s)
  ok 347 [chromium] › tests\e2e\user-workflow-pathfinding.spec.ts:11:7 › User Workflow: Pathfinding › Complete pathfinding workflow - researcher finds paths (7.6s)
Error message shown: [33mfalse[39m
  ok 349 [chromium] › tests\e2e\user-workflow-pathfinding.spec.ts:126:7 › User Workflow: Pathfinding › Error handling - selecting same node twice (7.3s)
  x  352 [chromium] › tests\e2e\user-workflows.spec.ts:92:7 › User Workflow: Pathfinding Analysis › complete pathfinding workflow: select source → select target → configure → find paths → analyze results (1.8s)
⚠ Explore button disabled - requires valid crisis selection
  ok 355 [chromium] › tests\e2e\user-workflows.spec.ts:183:7 › User Workflow: Crisis Analysis › complete crisis analysis workflow: select crises → configure → explore → identify levers (1.8s)
  ok 353 [chromium] › tests\e2e\user-workflows.spec.ts:152:7 › User Workflow: Pathfinding Analysis › pathfinding workflow with advanced filters (2.4s)
  ok 354 [chromium] › tests\e2e\user-workflows.spec.ts:59:7 › User Workflow: Discovery and Exploration › discovery workflow with filtering (2.6s)
⚠ Statistics section not visible
✓ Visualization rendered
✓ Node list section present
  ok 356 [chromium] › tests\e2e\user-workflows.spec.ts:312:7 › User Workflow: Node Importance Analysis › export important nodes workflow (2.1s)
  ok 342 [chromium] › tests\e2e\user-workflow-crisis-analysis.spec.ts:11:7 › User Workflow: Crisis Analysis › Complete crisis analysis workflow (13.0s)
  ok 357 [chromium] › tests\e2e\user-workflows.spec.ts:344:7 › User Workflow: Cross-View Navigation › navigate through all major views maintaining context (2.3s)
  ok 358 [chromium] › tests\e2e\user-workflows.spec.ts:391:7 › User Workflow: Cross-View Navigation › maintain state when navigating between views (2.1s)
  ok 359 [chromium] › tests\e2e\user-workflows.spec.ts:250:7 › User Workflow: Node Importance Analysis › complete importance analysis workflow: view rankings → filter → sort → explore connections (2.4s)
  ok 361 [chromium] › tests\e2e\user-workflows.spec.ts:446:7 › User Workflow: Error Recovery › handle network errors gracefully (1.8s)
  ok 362 [chromium] › tests\e2e\user-workflows.spec.ts:454:7 › User Workflow: Error Recovery › recover from invalid user input (1.8s)
  ok 360 [chromium] › tests\e2e\user-workflows.spec.ts:421:7 › User Workflow: Search and Filter › comprehensive filtering workflow across views (5.0s)
  x  344 [chromium] › tests\e2e\user-workflow-crisis-analysis.spec.ts:172:7 › User Workflow: Crisis Analysis › Reset functionality (31.8s)
  x  345 [chromium] › tests\e2e\user-workflow-crisis-analysis.spec.ts:216:7 › User Workflow: Crisis Analysis › Clear selection button (31.8s)
  x  346 [chromium] › tests\e2e\user-workflow-crisis-analysis.spec.ts:257:7 › User Workflow: Crisis Analysis › Filter by policy levers tab (31.8s)


  1) [chromium] › tests\e2e\accessibility.spec.ts:189:7 › Accessibility - Screen Reader Support › should have proper heading hierarchy 

    Error: [2mexpect([22m[31mreceived[39m[2m).[22mtoBe[2m([22m[32mexpected[39m[2m) // Object.is equality[22m

    Expected: [32m1[39m
    Received: [31m0[39m
        at C:\Users\mauri\OneDrive - Harvard University\New folder (2)\healthsystems\frontend\tests\e2e\accessibility.spec.ts:200:21)
        at C:\Users\mauri\OneDrive - Harvard University\New folder (2)\healthsystems\frontend\node_modules\playwright\lib\worker\workerMain.js:310:9)
        at C:\Users\mauri\OneDrive - Harvard University\New folder (2)\healthsystems\frontend\node_modules\playwright\lib\worker\testInfo.js:305:11)
        at C:\Users\mauri\OneDrive - Harvard University\New folder (2)\healthsystems\frontend\node_modules\playwright\lib\worker\workerMain.js:308:7)

    attachment #1: screenshot (image/png) ──────────────────────────────────────────────────────────
    test-results\accessibility-Accessibilit-bad15-ve-proper-heading-hierarchy-chromium\test-failed-1.png
    ────────────────────────────────────────────────────────────────────────────────────────────────

    attachment #2: video (video/webm) ──────────────────────────────────────────────────────────────
    test-results\accessibility-Accessibilit-bad15-ve-proper-heading-hierarchy-chromium\video.webm
    ────────────────────────────────────────────────────────────────────────────────────────────────

    Error Context: test-results\accessibility-Accessibilit-bad15-ve-proper-heading-hierarchy-chromium\error-context.md

  2) [chromium] › tests\e2e\crisis-explorer-view.spec.ts:175:7 › Crisis Explorer View › Displays results after exploration 

    Error: [2mexpect([22m[31mlocator[39m[2m).[22mtoBeVisible[2m([22m[2m)[22m failed

    Locator: locator('text=/subgraph statistics|total nodes|policy levers/i')
    Expected: visible
    Error: strict mode violation: locator('text=/subgraph statistics|total nodes|policy levers/i') resolved to 3 elements:
        1) <p class="text-gray-600">Select crisis outcomes to discover upstream causa…</p> aka getByText('Select crisis outcomes to')
        2) <p class="text-gray-600 mb-6">Choose one or more crisis outcomes to discover up…</p> aka getByText('Choose one or more crisis')
        3) <li>• Discover policy levers and intervention points</li> aka getByText('• Discover policy levers and')

    Call log:
    [2m  - Expect "toBeVisible" with timeout 15000ms[22m
    [2m  - waiting for locator('text=/subgraph statistics|total nodes|policy levers/i')[22m

        at C:\Users\mauri\OneDrive - Harvard University\New folder (2)\healthsystems\frontend\tests\e2e\crisis-explorer-view.spec.ts:187:32)
        at C:\Users\mauri\OneDrive - Harvard University\New folder (2)\healthsystems\frontend\node_modules\playwright\lib\worker\workerMain.js:310:9)
        at C:\Users\mauri\OneDrive - Harvard University\New folder (2)\healthsystems\frontend\node_modules\playwright\lib\worker\testInfo.js:305:11)
        at C:\Users\mauri\OneDrive - Harvard University\New folder (2)\healthsystems\frontend\node_modules\playwright\lib\worker\workerMain.js:308:7)

    attachment #1: screenshot (image/png) ──────────────────────────────────────────────────────────
    test-results\crisis-explorer-view-Crisi-85e0b-s-results-after-exploration-chromium\test-failed-1.png
    ────────────────────────────────────────────────────────────────────────────────────────────────

    attachment #2: video (video/webm) ──────────────────────────────────────────────────────────────
    test-results\crisis-explorer-view-Crisi-85e0b-s-results-after-exploration-chromium\video.webm
    ────────────────────────────────────────────────────────────────────────────────────────────────

    Error Context: test-results\crisis-explorer-view-Crisi-85e0b-s-results-after-exploration-chromium\error-context.md

  3) [chromium] › tests\e2e\crisis-explorer-view.spec.ts:190:7 › Crisis Explorer View › Shows visualization after exploration 

    Error: [2mexpect([22m[31mlocator[39m[2m).[22mtoBeVisible[2m([22m[2m)[22m failed

    Locator: locator('svg:has(g.graph-container)')
    Expected: visible
    Timeout: 15000ms
    Error: element(s) not found

    Call log:
    [2m  - Expect "toBeVisible" with timeout 15000ms[22m
    [2m  - waiting for locator('svg:has(g.graph-container)')[22m

        at C:\Users\mauri\OneDrive - Harvard University\New folder (2)\healthsystems\frontend\tests\e2e\crisis-explorer-view.spec.ts:201:25)
        at C:\Users\mauri\OneDrive - Harvard University\New folder (2)\healthsystems\frontend\node_modules\playwright\lib\worker\workerMain.js:310:9)
        at C:\Users\mauri\OneDrive - Harvard University\New folder (2)\healthsystems\frontend\node_modules\playwright\lib\worker\testInfo.js:305:11)
        at C:\Users\mauri\OneDrive - Harvard University\New folder (2)\healthsystems\frontend\node_modules\playwright\lib\worker\workerMain.js:308:7)

    attachment #1: screenshot (image/png) ──────────────────────────────────────────────────────────
    test-results\crisis-explorer-view-Crisi-06e96-alization-after-exploration-chromium\test-failed-1.png
    ────────────────────────────────────────────────────────────────────────────────────────────────

    attachment #2: video (video/webm) ──────────────────────────────────────────────────────────────
    test-results\crisis-explorer-view-Crisi-06e96-alization-after-exploration-chromium\video.webm
    ────────────────────────────────────────────────────────────────────────────────────────────────

    Error Context: test-results\crisis-explorer-view-Crisi-06e96-alization-after-exploration-chromium\error-context.md

  4) [chromium] › tests\e2e\crisis-explorer-view.spec.ts:204:7 › Crisis Explorer View › Reset button clears selection 

    [31mTest timeout of 30000ms exceeded.[39m

    Error: locator.click: Test timeout of 30000ms exceeded.
    Call log:
    [2m  - waiting for locator('input[type="checkbox"]').first()[22m

        at C:\Users\mauri\OneDrive - Harvard University\New folder (2)\healthsystems\frontend\tests\e2e\crisis-explorer-view.spec.ts:209:20)
        at C:\Users\mauri\OneDrive - Harvard University\New folder (2)\healthsystems\frontend\node_modules\playwright\lib\worker\workerMain.js:310:9)
        at C:\Users\mauri\OneDrive - Harvard University\New folder (2)\healthsystems\frontend\node_modules\playwright\lib\worker\testInfo.js:305:11)
        at C:\Users\mauri\OneDrive - Harvard University\New folder (2)\healthsystems\frontend\node_modules\playwright\lib\worker\workerMain.js:308:7)

    attachment #1: screenshot (image/png) ──────────────────────────────────────────────────────────
    test-results\crisis-explorer-view-Crisi-e1801-set-button-clears-selection-chromium\test-failed-1.png
    ────────────────────────────────────────────────────────────────────────────────────────────────

    attachment #2: video (video/webm) ──────────────────────────────────────────────────────────────
    test-results\crisis-explorer-view-Crisi-e1801-set-button-clears-selection-chromium\video.webm
    ────────────────────────────────────────────────────────────────────────────────────────────────

    Error Context: test-results\crisis-explorer-view-Crisi-e1801-set-button-clears-selection-chromium\error-context.md

  5) [chromium] › tests\e2e\dashboard.spec.ts:57:7 › Dashboard Navigation and Layout › should highlight active navigation link 

    Error: [2mexpect([22m[31mlocator[39m[2m).[22mtoHaveClass[2m([22m[32mexpected[39m[2m)[22m failed

    Locator: locator('a[href="/"]')
    Expected pattern: [32m/text-orange-600/[39m
    Received string:  [31m"px-3 py-2 text-xs font-medium transition-all relative text-orange-700"[39m
    Timeout: 5000ms

    Call log:
    [2m  - Expect "toHaveClass" with timeout 5000ms[22m
    [2m  - waiting for locator('a[href="/"]')[22m
    [2m    9 × locator resolved to <a href="/" aria-current="page" class="px-3 py-2 text-xs font-medium transition-all relative text-orange-700">…</a>[22m
    [2m      - unexpected value "px-3 py-2 text-xs font-medium transition-all relative text-orange-700"[22m

        at C:\Users\mauri\OneDrive - Harvard University\New folder (2)\healthsystems\frontend\tests\e2e\dashboard.spec.ts:62:28)
        at C:\Users\mauri\OneDrive - Harvard University\New folder (2)\healthsystems\frontend\node_modules\playwright\lib\worker\workerMain.js:310:15)
        at C:\Users\mauri\OneDrive - Harvard University\New folder (2)\healthsystems\frontend\node_modules\playwright\lib\worker\testInfo.js:305:17)
        at C:\Users\mauri\OneDrive - Harvard University\New folder (2)\healthsystems\frontend\node_modules\playwright\lib\worker\workerMain.js:308:22)

    attachment #1: screenshot (image/png) ──────────────────────────────────────────────────────────
    test-results\dashboard-Dashboard-Naviga-41d87-ight-active-navigation-link-chromium\test-failed-1.png
    ────────────────────────────────────────────────────────────────────────────────────────────────

    attachment #2: video (video/webm) ──────────────────────────────────────────────────────────────
    test-results\dashboard-Dashboard-Naviga-41d87-ight-active-navigation-link-chromium\video.webm
    ────────────────────────────────────────────────────────────────────────────────────────────────

    Error Context: test-results\dashboard-Dashboard-Naviga-41d87-ight-active-navigation-link-chromium\error-context.md

  6) [chromium] › tests\e2e\dashboard.spec.ts:80:7 › Dashboard Navigation and Layout › should render main content area 

    Error: [2mexpect([22m[31mlocator[39m[2m).[22mtoBeVisible[2m([22m[2m)[22m failed

    Locator: locator('div.flex.flex-1.overflow-auto.pt-14')
    Expected: visible
    Timeout: 5000ms
    Error: element(s) not found

    Call log:
    [2m  - Expect "toBeVisible" with timeout 5000ms[22m
    [2m  - waiting for locator('div.flex.flex-1.overflow-auto.pt-14')[22m

        at C:\Users\mauri\OneDrive - Harvard University\New folder (2)\healthsystems\frontend\tests\e2e\dashboard.spec.ts:83:27)
        at C:\Users\mauri\OneDrive - Harvard University\New folder (2)\healthsystems\frontend\node_modules\playwright\lib\worker\workerMain.js:310:15)
        at C:\Users\mauri\OneDrive - Harvard University\New folder (2)\healthsystems\frontend\node_modules\playwright\lib\worker\testInfo.js:305:17)
        at C:\Users\mauri\OneDrive - Harvard University\New folder (2)\healthsystems\frontend\node_modules\playwright\lib\worker\workerMain.js:308:22)

    attachment #1: screenshot (image/png) ──────────────────────────────────────────────────────────
    test-results\dashboard-Dashboard-Naviga-e29ef-ld-render-main-content-area-chromium\test-failed-1.png
    ────────────────────────────────────────────────────────────────────────────────────────────────

    attachment #2: video (video/webm) ──────────────────────────────────────────────────────────────
    test-results\dashboard-Dashboard-Naviga-e29ef-ld-render-main-content-area-chromium\video.webm
    ────────────────────────────────────────────────────────────────────────────────────────────────

    Error Context: test-results\dashboard-Dashboard-Naviga-e29ef-ld-render-main-content-area-chromium\error-context.md

  7) [chromium] › tests\e2e\dashboard.spec.ts:96:7 › Dashboard Navigation and Layout › should be responsive on tablet viewport 

    Error: [2mexpect([22m[31mlocator[39m[2m).[22mtoBeVisible[2m([22m[2m)[22m failed

    Locator: locator('div.flex.flex-1.overflow-auto.pt-14')
    Expected: visible
    Timeout: 5000ms
    Error: element(s) not found

    Call log:
    [2m  - Expect "toBeVisible" with timeout 5000ms[22m
    [2m  - waiting for locator('div.flex.flex-1.overflow-auto.pt-14')[22m

        at C:\Users\mauri\OneDrive - Harvard University\New folder (2)\healthsystems\frontend\tests\e2e\dashboard.spec.ts:101:27)
        at C:\Users\mauri\OneDrive - Harvard University\New folder (2)\healthsystems\frontend\node_modules\playwright\lib\worker\workerMain.js:310:9)
        at C:\Users\mauri\OneDrive - Harvard University\New folder (2)\healthsystems\frontend\node_modules\playwright\lib\worker\testInfo.js:305:11)
        at C:\Users\mauri\OneDrive - Harvard University\New folder (2)\healthsystems\frontend\node_modules\playwright\lib\worker\workerMain.js:308:7)

    attachment #1: screenshot (image/png) ──────────────────────────────────────────────────────────
    test-results\dashboard-Dashboard-Naviga-33fee-sponsive-on-tablet-viewport-chromium\test-failed-1.png
    ────────────────────────────────────────────────────────────────────────────────────────────────

    attachment #2: video (video/webm) ──────────────────────────────────────────────────────────────
    test-results\dashboard-Dashboard-Naviga-33fee-sponsive-on-tablet-viewport-chromium\video.webm
    ────────────────────────────────────────────────────────────────────────────────────────────────

    Error Context: test-results\dashboard-Dashboard-Naviga-33fee-sponsive-on-tablet-viewport-chromium\error-context.md

  8) [chromium] › tests\e2e\evidence-badges.spec.ts:16:7 › Evidence Quality Badges › Systems Map should display evidence badges on edges 

    Error: [2mexpect([22m[31mlocator[39m[2m).[22mtoBeVisible[2m([22m[2m)[22m failed

    Locator: locator('svg:has(g.graph-container)')
    Expected: visible
    Timeout: 10000ms
    Error: element(s) not found

    Call log:
    [2m  - Expect "toBeVisible" with timeout 10000ms[22m
    [2m  - waiting for locator('svg:has(g.graph-container)')[22m

        at C:\Users\mauri\OneDrive - Harvard University\New folder (2)\healthsystems\frontend\tests\e2e\evidence-badges.spec.ts:24:23)
        at C:\Users\mauri\OneDrive - Harvard University\New folder (2)\healthsystems\frontend\node_modules\playwright\lib\worker\workerMain.js:310:9)
        at C:\Users\mauri\OneDrive - Harvard University\New folder (2)\healthsystems\frontend\node_modules\playwright\lib\worker\testInfo.js:305:11)
        at C:\Users\mauri\OneDrive - Harvard University\New folder (2)\healthsystems\frontend\node_modules\playwright\lib\worker\workerMain.js:308:7)

    attachment #1: screenshot (image/png) ──────────────────────────────────────────────────────────
    test-results\evidence-badges-Evidence-Q-bf29e-ay-evidence-badges-on-edges-chromium\test-failed-1.png
    ────────────────────────────────────────────────────────────────────────────────────────────────

    attachment #2: video (video/webm) ──────────────────────────────────────────────────────────────
    test-results\evidence-badges-Evidence-Q-bf29e-ay-evidence-badges-on-edges-chromium\video.webm
    ────────────────────────────────────────────────────────────────────────────────────────────────

    Error Context: test-results\evidence-badges-Evidence-Q-bf29e-ay-evidence-badges-on-edges-chromium\error-context.md

  9) [chromium] › tests\e2e\evidence-badges.spec.ts:56:7 › Evidence Quality Badges › Evidence badges should be color-coded by quality 

    Error: [2mexpect([22m[31mlocator[39m[2m).[22mtoBeVisible[2m([22m[2m)[22m failed

    Locator: locator('svg:has(g.graph-container)')
    Expected: visible
    Timeout: 10000ms
    Error: element(s) not found

    Call log:
    [2m  - Expect "toBeVisible" with timeout 10000ms[22m
    [2m  - waiting for locator('svg:has(g.graph-container)')[22m

        at C:\Users\mauri\OneDrive - Harvard University\New folder (2)\healthsystems\frontend\tests\e2e\evidence-badges.spec.ts:62:23)
        at C:\Users\mauri\OneDrive - Harvard University\New folder (2)\healthsystems\frontend\node_modules\playwright\lib\worker\workerMain.js:310:9)
        at C:\Users\mauri\OneDrive - Harvard University\New folder (2)\healthsystems\frontend\node_modules\playwright\lib\worker\testInfo.js:305:11)
        at C:\Users\mauri\OneDrive - Harvard University\New folder (2)\healthsystems\frontend\node_modules\playwright\lib\worker\workerMain.js:308:7)

    attachment #1: screenshot (image/png) ──────────────────────────────────────────────────────────
    test-results\evidence-badges-Evidence-Q-847a9-d-be-color-coded-by-quality-chromium\test-failed-1.png
    ────────────────────────────────────────────────────────────────────────────────────────────────

    attachment #2: video (video/webm) ──────────────────────────────────────────────────────────────
    test-results\evidence-badges-Evidence-Q-847a9-d-be-color-coded-by-quality-chromium\video.webm
    ────────────────────────────────────────────────────────────────────────────────────────────────

    Error Context: test-results\evidence-badges-Evidence-Q-847a9-d-be-color-coded-by-quality-chromium\error-context.md

  10) [chromium] › tests\e2e\evidence-badges.spec.ts:92:7 › Evidence Quality Badges › Edge hover should show full evidence details 

    Error: [2mexpect([22m[31mlocator[39m[2m).[22mtoBeVisible[2m([22m[2m)[22m failed

    Locator: locator('svg:has(g.graph-container)')
    Expected: visible
    Timeout: 10000ms
    Error: element(s) not found

    Call log:
    [2m  - Expect "toBeVisible" with timeout 10000ms[22m
    [2m  - waiting for locator('svg:has(g.graph-container)')[22m

        at C:\Users\mauri\OneDrive - Harvard University\New folder (2)\healthsystems\frontend\tests\e2e\evidence-badges.spec.ts:98:23)
        at C:\Users\mauri\OneDrive - Harvard University\New folder (2)\healthsystems\frontend\node_modules\playwright\lib\worker\workerMain.js:310:9)
        at C:\Users\mauri\OneDrive - Harvard University\New folder (2)\healthsystems\frontend\node_modules\playwright\lib\worker\testInfo.js:305:11)
        at C:\Users\mauri\OneDrive - Harvard University\New folder (2)\healthsystems\frontend\node_modules\playwright\lib\worker\workerMain.js:308:7)

    attachment #1: screenshot (image/png) ──────────────────────────────────────────────────────────
    test-results\evidence-badges-Evidence-Q-2310a--show-full-evidence-details-chromium\test-failed-1.png
    ────────────────────────────────────────────────────────────────────────────────────────────────

    attachment #2: video (video/webm) ──────────────────────────────────────────────────────────────
    test-results\evidence-badges-Evidence-Q-2310a--show-full-evidence-details-chromium\video.webm
    ────────────────────────────────────────────────────────────────────────────────────────────────

    Error Context: test-results\evidence-badges-Evidence-Q-2310a--show-full-evidence-details-chromium\error-context.md

  11) [chromium] › tests\e2e\evidence-badges.spec.ts:129:7 › Evidence Quality Badges › Legend should explain evidence quality levels 

    Error: [2mexpect([22m[31mlocator[39m[2m).[22mtoBeVisible[2m([22m[2m)[22m failed

    Locator: locator('svg:has(g.graph-container)')
    Expected: visible
    Timeout: 10000ms
    Error: element(s) not found

    Call log:
    [2m  - Expect "toBeVisible" with timeout 10000ms[22m
    [2m  - waiting for locator('svg:has(g.graph-container)')[22m

        at C:\Users\mauri\OneDrive - Harvard University\New folder (2)\healthsystems\frontend\tests\e2e\evidence-badges.spec.ts:135:23)
        at C:\Users\mauri\OneDrive - Harvard University\New folder (2)\healthsystems\frontend\node_modules\playwright\lib\worker\workerMain.js:310:9)
        at C:\Users\mauri\OneDrive - Harvard University\New folder (2)\healthsystems\frontend\node_modules\playwright\lib\worker\testInfo.js:305:11)
        at C:\Users\mauri\OneDrive - Harvard University\New folder (2)\healthsystems\frontend\node_modules\playwright\lib\worker\workerMain.js:308:7)

    attachment #1: screenshot (image/png) ──────────────────────────────────────────────────────────
    test-results\evidence-badges-Evidence-Q-08b2e-ain-evidence-quality-levels-chromium\test-failed-1.png
    ────────────────────────────────────────────────────────────────────────────────────────────────

    attachment #2: video (video/webm) ──────────────────────────────────────────────────────────────
    test-results\evidence-badges-Evidence-Q-08b2e-ain-evidence-quality-levels-chromium\video.webm
    ────────────────────────────────────────────────────────────────────────────────────────────────

    Error Context: test-results\evidence-badges-Evidence-Q-08b2e-ain-evidence-quality-levels-chromium\error-context.md

  12) [chromium] › tests\e2e\evidence-badges.spec.ts:164:7 › Evidence Quality Badges › Should filter edges by evidence quality 

    Error: [2mexpect([22m[31mlocator[39m[2m).[22mtoBeVisible[2m([22m[2m)[22m failed

    Locator: locator('svg:has(g.graph-container)')
    Expected: visible
    Timeout: 10000ms
    Error: element(s) not found

    Call log:
    [2m  - Expect "toBeVisible" with timeout 10000ms[22m
    [2m  - waiting for locator('svg:has(g.graph-container)')[22m

        at C:\Users\mauri\OneDrive - Harvard University\New folder (2)\healthsystems\frontend\tests\e2e\evidence-badges.spec.ts:170:23)
        at C:\Users\mauri\OneDrive - Harvard University\New folder (2)\healthsystems\frontend\node_modules\playwright\lib\worker\workerMain.js:310:9)
        at C:\Users\mauri\OneDrive - Harvard University\New folder (2)\healthsystems\frontend\node_modules\playwright\lib\worker\testInfo.js:305:11)
        at C:\Users\mauri\OneDrive - Harvard University\New folder (2)\healthsystems\frontend\node_modules\playwright\lib\worker\workerMain.js:308:7)

    attachment #1: screenshot (image/png) ──────────────────────────────────────────────────────────
    test-results\evidence-badges-Evidence-Q-46e5d-r-edges-by-evidence-quality-chromium\test-failed-1.png
    ────────────────────────────────────────────────────────────────────────────────────────────────

    attachment #2: video (video/webm) ──────────────────────────────────────────────────────────────
    test-results\evidence-badges-Evidence-Q-46e5d-r-edges-by-evidence-quality-chromium\video.webm
    ────────────────────────────────────────────────────────────────────────────────────────────────

    Error Context: test-results\evidence-badges-Evidence-Q-46e5d-r-edges-by-evidence-quality-chromium\error-context.md

  13) [chromium] › tests\e2e\force-directed-diagnostic.spec.ts:7:5 › Force-Directed Layout Diagnostic 

    Error: [2mexpect([22m[31mlocator[39m[2m).[22mtoBeVisible[2m([22m[2m)[22m failed

    Locator: locator('svg:has(g.graph-container)')
    Expected: visible
    Timeout: 10000ms
    Error: element(s) not found

    Call log:
    [2m  - Expect "toBeVisible" with timeout 10000ms[22m
    [2m  - waiting for locator('svg:has(g.graph-container)')[22m

        at C:\Users\mauri\OneDrive - Harvard University\New folder (2)\healthsystems\frontend\tests\e2e\force-directed-diagnostic.spec.ts:28:21)
        at C:\Users\mauri\OneDrive - Harvard University\New folder (2)\healthsystems\frontend\node_modules\playwright\lib\worker\workerMain.js:310:9)
        at C:\Users\mauri\OneDrive - Harvard University\New folder (2)\healthsystems\frontend\node_modules\playwright\lib\worker\testInfo.js:305:11)
        at C:\Users\mauri\OneDrive - Harvard University\New folder (2)\healthsystems\frontend\node_modules\playwright\lib\worker\workerMain.js:308:7)

    attachment #1: screenshot (image/png) ──────────────────────────────────────────────────────────
    test-results\force-directed-diagnostic-Force-Directed-Layout-Diagnostic-chromium\test-failed-1.png
    ────────────────────────────────────────────────────────────────────────────────────────────────

    attachment #2: video (video/webm) ──────────────────────────────────────────────────────────────
    test-results\force-directed-diagnostic-Force-Directed-Layout-Diagnostic-chromium\video.webm
    ────────────────────────────────────────────────────────────────────────────────────────────────

    Error Context: test-results\force-directed-diagnostic-Force-Directed-Layout-Diagnostic-chromium\error-context.md

  14) [chromium] › tests\e2e\graph-interactions.spec.ts:16:7 › Graph Interactions › Nodes should be visible on the graph 

    TimeoutError: page.waitForSelector: Timeout 10000ms exceeded.
    Call log:
    [2m  - waiting for locator('svg:has(g.graph-container)') to be visible[22m

        at C:\Users\mauri\OneDrive - Harvard University\New folder (2)\healthsystems\frontend\tests\e2e\graph-interactions.spec.ts:12:16)
        at C:\Users\mauri\OneDrive - Harvard University\New folder (2)\healthsystems\frontend\node_modules\playwright\lib\worker\testInfo.js:305:11)
        at C:\Users\mauri\OneDrive - Harvard University\New folder (2)\healthsystems\frontend\node_modules\playwright\lib\worker\workerMain.js:469:11)
        at C:\Users\mauri\OneDrive - Harvard University\New folder (2)\healthsystems\frontend\node_modules\playwright\lib\worker\workerMain.js:302:9)
        at C:\Users\mauri\OneDrive - Harvard University\New folder (2)\healthsystems\frontend\node_modules\playwright\lib\worker\workerMain.js:298:7)

    attachment #1: screenshot (image/png) ──────────────────────────────────────────────────────────
    test-results\graph-interactions-Graph-I-d1715-uld-be-visible-on-the-graph-chromium\test-failed-1.png
    ────────────────────────────────────────────────────────────────────────────────────────────────

    attachment #2: video (video/webm) ──────────────────────────────────────────────────────────────
    test-results\graph-interactions-Graph-I-d1715-uld-be-visible-on-the-graph-chromium\video.webm
    ────────────────────────────────────────────────────────────────────────────────────────────────

    Error Context: test-results\graph-interactions-Graph-I-d1715-uld-be-visible-on-the-graph-chromium\error-context.md

  15) [chromium] › tests\e2e\graph-interactions.spec.ts:24:7 › Graph Interactions › Edges should be visible on the graph 

    TimeoutError: page.waitForSelector: Timeout 10000ms exceeded.
    Call log:
    [2m  - waiting for locator('svg:has(g.graph-container)') to be visible[22m

        at C:\Users\mauri\OneDrive - Harvard University\New folder (2)\healthsystems\frontend\tests\e2e\graph-interactions.spec.ts:12:16)
        at C:\Users\mauri\OneDrive - Harvard University\New folder (2)\healthsystems\frontend\node_modules\playwright\lib\worker\testInfo.js:305:11)
        at C:\Users\mauri\OneDrive - Harvard University\New folder (2)\healthsystems\frontend\node_modules\playwright\lib\worker\workerMain.js:469:11)
        at C:\Users\mauri\OneDrive - Harvard University\New folder (2)\healthsystems\frontend\node_modules\playwright\lib\worker\workerMain.js:302:9)
        at C:\Users\mauri\OneDrive - Harvard University\New folder (2)\healthsystems\frontend\node_modules\playwright\lib\worker\workerMain.js:298:7)

    attachment #1: screenshot (image/png) ──────────────────────────────────────────────────────────
    test-results\graph-interactions-Graph-I-58369-uld-be-visible-on-the-graph-chromium\test-failed-1.png
    ────────────────────────────────────────────────────────────────────────────────────────────────

    attachment #2: video (video/webm) ──────────────────────────────────────────────────────────────
    test-results\graph-interactions-Graph-I-58369-uld-be-visible-on-the-graph-chromium\video.webm
    ────────────────────────────────────────────────────────────────────────────────────────────────

    Error Context: test-results\graph-interactions-Graph-I-58369-uld-be-visible-on-the-graph-chromium\error-context.md

  16) [chromium] › tests\e2e\graph-interactions.spec.ts:32:7 › Graph Interactions › Nodes should have text labels 

    TimeoutError: page.waitForSelector: Timeout 10000ms exceeded.
    Call log:
    [2m  - waiting for locator('svg:has(g.graph-container)') to be visible[22m

        at C:\Users\mauri\OneDrive - Harvard University\New folder (2)\healthsystems\frontend\tests\e2e\graph-interactions.spec.ts:12:16)
        at C:\Users\mauri\OneDrive - Harvard University\New folder (2)\healthsystems\frontend\node_modules\playwright\lib\worker\testInfo.js:305:11)
        at C:\Users\mauri\OneDrive - Harvard University\New folder (2)\healthsystems\frontend\node_modules\playwright\lib\worker\workerMain.js:469:11)
        at C:\Users\mauri\OneDrive - Harvard University\New folder (2)\healthsystems\frontend\node_modules\playwright\lib\worker\workerMain.js:302:9)
        at C:\Users\mauri\OneDrive - Harvard University\New folder (2)\healthsystems\frontend\node_modules\playwright\lib\worker\workerMain.js:298:7)

    attachment #1: screenshot (image/png) ──────────────────────────────────────────────────────────
    test-results\graph-interactions-Graph-I-c9ec4-des-should-have-text-labels-chromium\test-failed-1.png
    ────────────────────────────────────────────────────────────────────────────────────────────────

    attachment #2: video (video/webm) ──────────────────────────────────────────────────────────────
    test-results\graph-interactions-Graph-I-c9ec4-des-should-have-text-labels-chromium\video.webm
    ────────────────────────────────────────────────────────────────────────────────────────────────

    Error Context: test-results\graph-interactions-Graph-I-c9ec4-des-should-have-text-labels-chromium\error-context.md

  17) [chromium] › tests\e2e\graph-interactions.spec.ts:42:7 › Graph Interactions › Nodes should respond to hover 

    TimeoutError: page.waitForSelector: Timeout 10000ms exceeded.
    Call log:
    [2m  - waiting for locator('svg:has(g.graph-container)') to be visible[22m

        at C:\Users\mauri\OneDrive - Harvard University\New folder (2)\healthsystems\frontend\tests\e2e\graph-interactions.spec.ts:12:16)
        at C:\Users\mauri\OneDrive - Harvard University\New folder (2)\healthsystems\frontend\node_modules\playwright\lib\worker\testInfo.js:305:11)
        at C:\Users\mauri\OneDrive - Harvard University\New folder (2)\healthsystems\frontend\node_modules\playwright\lib\worker\workerMain.js:469:11)
        at C:\Users\mauri\OneDrive - Harvard University\New folder (2)\healthsystems\frontend\node_modules\playwright\lib\worker\workerMain.js:302:9)
        at C:\Users\mauri\OneDrive - Harvard University\New folder (2)\healthsystems\frontend\node_modules\playwright\lib\worker\workerMain.js:298:7)

    attachment #1: screenshot (image/png) ──────────────────────────────────────────────────────────
    test-results\graph-interactions-Graph-I-9e70d-des-should-respond-to-hover-chromium\test-failed-1.png
    ────────────────────────────────────────────────────────────────────────────────────────────────

    attachment #2: video (video/webm) ──────────────────────────────────────────────────────────────
    test-results\graph-interactions-Graph-I-9e70d-des-should-respond-to-hover-chromium\video.webm
    ────────────────────────────────────────────────────────────────────────────────────────────────

    Error Context: test-results\graph-interactions-Graph-I-9e70d-des-should-respond-to-hover-chromium\error-context.md

  18) [chromium] › tests\e2e\graph-interactions.spec.ts:61:7 › Graph Interactions › Clicking a node should select it 

    TimeoutError: page.waitForSelector: Timeout 10000ms exceeded.
    Call log:
    [2m  - waiting for locator('svg:has(g.graph-container)') to be visible[22m

        at C:\Users\mauri\OneDrive - Harvard University\New folder (2)\healthsystems\frontend\tests\e2e\graph-interactions.spec.ts:12:16)
        at C:\Users\mauri\OneDrive - Harvard University\New folder (2)\healthsystems\frontend\node_modules\playwright\lib\worker\testInfo.js:305:11)
        at C:\Users\mauri\OneDrive - Harvard University\New folder (2)\healthsystems\frontend\node_modules\playwright\lib\worker\workerMain.js:469:11)
        at C:\Users\mauri\OneDrive - Harvard University\New folder (2)\healthsystems\frontend\node_modules\playwright\lib\worker\workerMain.js:302:9)
        at C:\Users\mauri\OneDrive - Harvard University\New folder (2)\healthsystems\frontend\node_modules\playwright\lib\worker\workerMain.js:298:7)

    attachment #1: screenshot (image/png) ──────────────────────────────────────────────────────────
    test-results\graph-interactions-Graph-I-93264-ing-a-node-should-select-it-chromium\test-failed-1.png
    ────────────────────────────────────────────────────────────────────────────────────────────────

    attachment #2: video (video/webm) ──────────────────────────────────────────────────────────────
    test-results\graph-interactions-Graph-I-93264-ing-a-node-should-select-it-chromium\video.webm
    ────────────────────────────────────────────────────────────────────────────────────────────────

    Error Context: test-results\graph-interactions-Graph-I-93264-ing-a-node-should-select-it-chromium\error-context.md

  19) [chromium] › tests\e2e\graph-interactions.spec.ts:73:7 › Graph Interactions › Graph should have scale badges on nodes 

    TimeoutError: page.waitForSelector: Timeout 10000ms exceeded.
    Call log:
    [2m  - waiting for locator('svg:has(g.graph-container)') to be visible[22m

        at C:\Users\mauri\OneDrive - Harvard University\New folder (2)\healthsystems\frontend\tests\e2e\graph-interactions.spec.ts:12:16)
        at C:\Users\mauri\OneDrive - Harvard University\New folder (2)\healthsystems\frontend\node_modules\playwright\lib\worker\testInfo.js:305:11)
        at C:\Users\mauri\OneDrive - Harvard University\New folder (2)\healthsystems\frontend\node_modules\playwright\lib\worker\workerMain.js:469:11)
        at C:\Users\mauri\OneDrive - Harvard University\New folder (2)\healthsystems\frontend\node_modules\playwright\lib\worker\workerMain.js:302:9)
        at C:\Users\mauri\OneDrive - Harvard University\New folder (2)\healthsystems\frontend\node_modules\playwright\lib\worker\workerMain.js:298:7)

    attachment #1: screenshot (image/png) ──────────────────────────────────────────────────────────
    test-results\graph-interactions-Graph-I-1838c--have-scale-badges-on-nodes-chromium\test-failed-1.png
    ────────────────────────────────────────────────────────────────────────────────────────────────

    attachment #2: video (video/webm) ──────────────────────────────────────────────────────────────
    test-results\graph-interactions-Graph-I-1838c--have-scale-badges-on-nodes-chromium\video.webm
    ────────────────────────────────────────────────────────────────────────────────────────────────

    Error Context: test-results\graph-interactions-Graph-I-1838c--have-scale-badges-on-nodes-chromium\error-context.md

  20) [chromium] › tests\e2e\graph-interactions.spec.ts:81:7 › Graph Interactions › Graph should have evidence badges on edges 

    TimeoutError: page.waitForSelector: Timeout 10000ms exceeded.
    Call log:
    [2m  - waiting for locator('svg:has(g.graph-container)') to be visible[22m

        at C:\Users\mauri\OneDrive - Harvard University\New folder (2)\healthsystems\frontend\tests\e2e\graph-interactions.spec.ts:12:16)
        at C:\Users\mauri\OneDrive - Harvard University\New folder (2)\healthsystems\frontend\node_modules\playwright\lib\worker\testInfo.js:305:11)
        at C:\Users\mauri\OneDrive - Harvard University\New folder (2)\healthsystems\frontend\node_modules\playwright\lib\worker\workerMain.js:469:11)
        at C:\Users\mauri\OneDrive - Harvard University\New folder (2)\healthsystems\frontend\node_modules\playwright\lib\worker\workerMain.js:302:9)
        at C:\Users\mauri\OneDrive - Harvard University\New folder (2)\healthsystems\frontend\node_modules\playwright\lib\worker\workerMain.js:298:7)

    attachment #1: screenshot (image/png) ──────────────────────────────────────────────────────────
    test-results\graph-interactions-Graph-I-8a277-ve-evidence-badges-on-edges-chromium\test-failed-1.png
    ────────────────────────────────────────────────────────────────────────────────────────────────

    attachment #2: video (video/webm) ──────────────────────────────────────────────────────────────
    test-results\graph-interactions-Graph-I-8a277-ve-evidence-badges-on-edges-chromium\video.webm
    ────────────────────────────────────────────────────────────────────────────────────────────────

    Error Context: test-results\graph-interactions-Graph-I-8a277-ve-evidence-badges-on-edges-chromium\error-context.md

  21) [chromium] › tests\e2e\graph-interactions.spec.ts:120:7 › Graph Interactions › Nodes should have consistent visual structure 

    Error: [2mexpect([22m[31mlocator[39m[2m).[22mtoBeAttached[2m([22m[2m)[22m failed

    Locator: locator('g.node').first().locator('rect')
    Expected: attached
    Error: strict mode violation: locator('g.node').first().locator('rect') resolved to 2 elements:
        1) <rect rx="8" x="-68" y="-35.5" width="136" height="71" opacity="0" fill="#FF8C00" class="node-glow" pointer-events="none"></rect> aka getByRole('button', { name: 'Paternal Preconception Overweight, 0 incoming and 1 outgoing connections' })
        2) <rect rx="3" x="-60" y="-27.5" width="120" height="55" opacity="1" stroke="#333" fill="#FFFFFF" stroke-width="2"></rect> aka getByRole('button', { name: 'Paternal Preconception Overweight, 0 incoming and 1 outgoing connections' })

    Call log:
    [2m  - Expect "toBeAttached" with timeout 5000ms[22m
    [2m  - waiting for locator('g.node').first().locator('rect')[22m

        at C:\Users\mauri\OneDrive - Harvard University\New folder (2)\healthsystems\frontend\tests\e2e\graph-interactions.spec.ts:126:24)
        at C:\Users\mauri\OneDrive - Harvard University\New folder (2)\healthsystems\frontend\node_modules\playwright\lib\worker\workerMain.js:310:15)
        at C:\Users\mauri\OneDrive - Harvard University\New folder (2)\healthsystems\frontend\node_modules\playwright\lib\worker\testInfo.js:305:17)
        at C:\Users\mauri\OneDrive - Harvard University\New folder (2)\healthsystems\frontend\node_modules\playwright\lib\worker\workerMain.js:308:22)

    attachment #1: screenshot (image/png) ──────────────────────────────────────────────────────────
    test-results\graph-interactions-Graph-I-ef4e8-consistent-visual-structure-chromium\test-failed-1.png
    ────────────────────────────────────────────────────────────────────────────────────────────────

    attachment #2: video (video/webm) ──────────────────────────────────────────────────────────────
    test-results\graph-interactions-Graph-I-ef4e8-consistent-visual-structure-chromium\video.webm
    ────────────────────────────────────────────────────────────────────────────────────────────────

    Error Context: test-results\graph-interactions-Graph-I-ef4e8-consistent-visual-structure-chromium\error-context.md

  22) [chromium] › tests\e2e\graph-interactions.spec.ts:198:7 › Graph Interactions › Nodes should have white fill color 

    Error: [2mexpect([22m[31mreceived[39m[2m).[22mtoMatch[2m([22m[32mexpected[39m[2m)[22m

    Expected pattern: [32m/#[Ff]{6}|white|rgb\(255,\s*255,\s*255\)/[39m
    Received string:  [31m"#FF8C00"[39m
        at C:\Users\mauri\OneDrive - Harvard University\New folder (2)\healthsystems\frontend\tests\e2e\graph-interactions.spec.ts:206:18)
        at C:\Users\mauri\OneDrive - Harvard University\New folder (2)\healthsystems\frontend\node_modules\playwright\lib\worker\workerMain.js:310:9)
        at C:\Users\mauri\OneDrive - Harvard University\New folder (2)\healthsystems\frontend\node_modules\playwright\lib\worker\testInfo.js:305:11)
        at C:\Users\mauri\OneDrive - Harvard University\New folder (2)\healthsystems\frontend\node_modules\playwright\lib\worker\workerMain.js:308:7)

    attachment #1: screenshot (image/png) ──────────────────────────────────────────────────────────
    test-results\graph-interactions-Graph-I-9c286-hould-have-white-fill-color-chromium\test-failed-1.png
    ────────────────────────────────────────────────────────────────────────────────────────────────

    attachment #2: video (video/webm) ──────────────────────────────────────────────────────────────
    test-results\graph-interactions-Graph-I-9c286-hould-have-white-fill-color-chromium\video.webm
    ────────────────────────────────────────────────────────────────────────────────────────────────

    Error Context: test-results\graph-interactions-Graph-I-9c286-hould-have-white-fill-color-chromium\error-context.md

  23) [chromium] › tests\e2e\hierarchical-diagram-debug.spec.ts:37:7 › Hierarchical Diagram - Visual Inspection › should verify nodes are arranged in 5 vertical columns 

    Error: [2mexpect([22m[31mreceived[39m[2m).[22mtoBeLessThanOrEqual[2m([22m[32mexpected[39m[2m)[22m

    Expected: <= [32m5[39m
    Received:    [31m6[39m
        at C:\Users\mauri\OneDrive - Harvard University\New folder (2)\healthsystems\frontend\tests\e2e\hierarchical-diagram-debug.spec.ts:83:26)
        at C:\Users\mauri\OneDrive - Harvard University\New folder (2)\healthsystems\frontend\node_modules\playwright\lib\worker\workerMain.js:310:9)
        at C:\Users\mauri\OneDrive - Harvard University\New folder (2)\healthsystems\frontend\node_modules\playwright\lib\worker\testInfo.js:305:11)
        at C:\Users\mauri\OneDrive - Harvard University\New folder (2)\healthsystems\frontend\node_modules\playwright\lib\worker\workerMain.js:308:7)

    attachment #1: screenshot (image/png) ──────────────────────────────────────────────────────────
    test-results\hierarchical-diagram-debug-bd010-anged-in-5-vertical-columns-chromium\test-failed-1.png
    ────────────────────────────────────────────────────────────────────────────────────────────────

    attachment #2: video (video/webm) ──────────────────────────────────────────────────────────────
    test-results\hierarchical-diagram-debug-bd010-anged-in-5-vertical-columns-chromium\video.webm
    ────────────────────────────────────────────────────────────────────────────────────────────────

    Error Context: test-results\hierarchical-diagram-debug-bd010-anged-in-5-vertical-columns-chromium\error-context.md

  24) [chromium] › tests\e2e\hierarchical-diagram-debug.spec.ts:86:7 › Hierarchical Diagram - Visual Inspection › should verify level labels are present 

    Error: [2mexpect([22m[31mreceived[39m[2m).[22mtoBeGreaterThanOrEqual[2m([22m[32mexpected[39m[2m)[22m

    Expected: >= [32m1[39m
    Received:    [31m0[39m
        at C:\Users\mauri\OneDrive - Harvard University\New folder (2)\healthsystems\frontend\tests\e2e\hierarchical-diagram-debug.spec.ts:108:24)
        at C:\Users\mauri\OneDrive - Harvard University\New folder (2)\healthsystems\frontend\node_modules\playwright\lib\worker\workerMain.js:310:9)
        at C:\Users\mauri\OneDrive - Harvard University\New folder (2)\healthsystems\frontend\node_modules\playwright\lib\worker\testInfo.js:305:11)
        at C:\Users\mauri\OneDrive - Harvard University\New folder (2)\healthsystems\frontend\node_modules\playwright\lib\worker\workerMain.js:308:7)

    attachment #1: screenshot (image/png) ──────────────────────────────────────────────────────────
    test-results\hierarchical-diagram-debug-bfdc9-fy-level-labels-are-present-chromium\test-failed-1.png
    ────────────────────────────────────────────────────────────────────────────────────────────────

    attachment #2: video (video/webm) ──────────────────────────────────────────────────────────────
    test-results\hierarchical-diagram-debug-bfdc9-fy-level-labels-are-present-chromium\video.webm
    ────────────────────────────────────────────────────────────────────────────────────────────────

    Error Context: test-results\hierarchical-diagram-debug-bfdc9-fy-level-labels-are-present-chromium\error-context.md

  25) [chromium] › tests\e2e\hierarchical-diagram-debug.spec.ts:111:7 › Hierarchical Diagram - Visual Inspection › should verify edges use bezier curves (paths not lines) 

    Error: [2mexpect([22m[31mreceived[39m[2m).[22mtoBeGreaterThan[2m([22m[32mexpected[39m[2m)[22m

    Expected: > [32m0[39m
    Received:   [31m0[39m
        at C:\Users\mauri\OneDrive - Harvard University\New folder (2)\healthsystems\frontend\tests\e2e\hierarchical-diagram-debug.spec.ts:128:23)
        at C:\Users\mauri\OneDrive - Harvard University\New folder (2)\healthsystems\frontend\node_modules\playwright\lib\worker\workerMain.js:310:9)
        at C:\Users\mauri\OneDrive - Harvard University\New folder (2)\healthsystems\frontend\node_modules\playwright\lib\worker\testInfo.js:305:11)
        at C:\Users\mauri\OneDrive - Harvard University\New folder (2)\healthsystems\frontend\node_modules\playwright\lib\worker\workerMain.js:308:7)

    attachment #1: screenshot (image/png) ──────────────────────────────────────────────────────────
    test-results\hierarchical-diagram-debug-4872e-ier-curves-paths-not-lines--chromium\test-failed-1.png
    ────────────────────────────────────────────────────────────────────────────────────────────────

    attachment #2: video (video/webm) ──────────────────────────────────────────────────────────────
    test-results\hierarchical-diagram-debug-4872e-ier-curves-paths-not-lines--chromium\video.webm
    ────────────────────────────────────────────────────────────────────────────────────────────────

    Error Context: test-results\hierarchical-diagram-debug-4872e-ier-curves-paths-not-lines--chromium\error-context.md

  26) [chromium] › tests\e2e\hierarchical-diagram-debug.spec.ts:132:7 › Hierarchical Diagram - Visual Inspection › should verify nodes have uniform white fill 

    Error: [2mexpect([22m[31mreceived[39m[2m).[22mtoMatch[2m([22m[32mexpected[39m[2m)[22m

    Expected pattern: [32m/#FFFFFF|white|#FFF/i[39m
    Received string:  [31m"#FF8C00"[39m
        at C:\Users\mauri\OneDrive - Harvard University\New folder (2)\healthsystems\frontend\tests\e2e\hierarchical-diagram-debug.spec.ts:143:20)
        at C:\Users\mauri\OneDrive - Harvard University\New folder (2)\healthsystems\frontend\node_modules\playwright\lib\worker\workerMain.js:310:9)
        at C:\Users\mauri\OneDrive - Harvard University\New folder (2)\healthsystems\frontend\node_modules\playwright\lib\worker\testInfo.js:305:11)
        at C:\Users\mauri\OneDrive - Harvard University\New folder (2)\healthsystems\frontend\node_modules\playwright\lib\worker\workerMain.js:308:7)

    attachment #1: screenshot (image/png) ──────────────────────────────────────────────────────────
    test-results\hierarchical-diagram-debug-17c44-des-have-uniform-white-fill-chromium\test-failed-1.png
    ────────────────────────────────────────────────────────────────────────────────────────────────

    attachment #2: video (video/webm) ──────────────────────────────────────────────────────────────
    test-results\hierarchical-diagram-debug-17c44-des-have-uniform-white-fill-chromium\video.webm
    ────────────────────────────────────────────────────────────────────────────────────────────────

    Error Context: test-results\hierarchical-diagram-debug-17c44-des-have-uniform-white-fill-chromium\error-context.md

  27) [chromium] › tests\e2e\hierarchical-diagram-debug.spec.ts:178:7 › Hierarchical Diagram - Visual Inspection › should measure canvas dimensions 

    Error: [2mexpect([22m[31mreceived[39m[2m).[22mtoBe[2m([22m[32mexpected[39m[2m) // Object.is equality[22m

    Expected: [32m"1[7m728[27m"[39m
    Received: [31m"1[7m200[27m"[39m
        at C:\Users\mauri\OneDrive - Harvard University\New folder (2)\healthsystems\frontend\tests\e2e\hierarchical-diagram-debug.spec.ts:188:19)
        at C:\Users\mauri\OneDrive - Harvard University\New folder (2)\healthsystems\frontend\node_modules\playwright\lib\worker\workerMain.js:310:9)
        at C:\Users\mauri\OneDrive - Harvard University\New folder (2)\healthsystems\frontend\node_modules\playwright\lib\worker\testInfo.js:305:11)
        at C:\Users\mauri\OneDrive - Harvard University\New folder (2)\healthsystems\frontend\node_modules\playwright\lib\worker\workerMain.js:308:7)

    attachment #1: screenshot (image/png) ──────────────────────────────────────────────────────────
    test-results\hierarchical-diagram-debug-0893e-d-measure-canvas-dimensions-chromium\test-failed-1.png
    ────────────────────────────────────────────────────────────────────────────────────────────────

    attachment #2: video (video/webm) ──────────────────────────────────────────────────────────────
    test-results\hierarchical-diagram-debug-0893e-d-measure-canvas-dimensions-chromium\video.webm
    ────────────────────────────────────────────────────────────────────────────────────────────────

    Error Context: test-results\hierarchical-diagram-debug-0893e-d-measure-canvas-dimensions-chromium\error-context.md

  28) [chromium] › tests\e2e\hierarchical-diagram-debug.spec.ts:200:7 › Hierarchical Diagram - Specific Issues › issue: nodes may be overlapping vertically 

    Error: [2mexpect([22m[31mreceived[39m[2m).[22mtoBeLessThan[2m([22m[32mexpected[39m[2m)[22m

    Expected: < [32m7.1000000000000005[39m
    Received:   [31m65[39m
        at C:\Users\mauri\OneDrive - Harvard University\New folder (2)\healthsystems\frontend\tests\e2e\hierarchical-diagram-debug.spec.ts:241:26)
        at C:\Users\mauri\OneDrive - Harvard University\New folder (2)\healthsystems\frontend\node_modules\playwright\lib\worker\workerMain.js:310:9)
        at C:\Users\mauri\OneDrive - Harvard University\New folder (2)\healthsystems\frontend\node_modules\playwright\lib\worker\testInfo.js:305:11)
        at C:\Users\mauri\OneDrive - Harvard University\New folder (2)\healthsystems\frontend\node_modules\playwright\lib\worker\workerMain.js:308:7)

    attachment #1: screenshot (image/png) ──────────────────────────────────────────────────────────
    test-results\hierarchical-diagram-debug-f5c36-y-be-overlapping-vertically-chromium\test-failed-1.png
    ────────────────────────────────────────────────────────────────────────────────────────────────

    attachment #2: video (video/webm) ──────────────────────────────────────────────────────────────
    test-results\hierarchical-diagram-debug-f5c36-y-be-overlapping-vertically-chromium\video.webm
    ────────────────────────────────────────────────────────────────────────────────────────────────

    Error Context: test-results\hierarchical-diagram-debug-f5c36-y-be-overlapping-vertically-chromium\error-context.md

  29) [chromium] › tests\e2e\hierarchical-diagram-debug.spec.ts:346:7 › Alcoholism System Diagram - Specific View › should verify alcoholism nodes are correctly categorized 

    Error: [2mexpect([22m[31mreceived[39m[2m).[22mtoBeGreaterThan[2m([22m[32mexpected[39m[2m)[22m

    Expected: > [32m0[39m
    Received:   [31m0[39m
        at C:\Users\mauri\OneDrive - Harvard University\New folder (2)\healthsystems\frontend\tests\e2e\hierarchical-diagram-debug.spec.ts:357:19)
        at C:\Users\mauri\OneDrive - Harvard University\New folder (2)\healthsystems\frontend\node_modules\playwright\lib\worker\workerMain.js:310:9)
        at C:\Users\mauri\OneDrive - Harvard University\New folder (2)\healthsystems\frontend\node_modules\playwright\lib\worker\testInfo.js:305:11)
        at C:\Users\mauri\OneDrive - Harvard University\New folder (2)\healthsystems\frontend\node_modules\playwright\lib\worker\workerMain.js:308:7)

    attachment #1: screenshot (image/png) ──────────────────────────────────────────────────────────
    test-results\hierarchical-diagram-debug-00b93-s-are-correctly-categorized-chromium\test-failed-1.png
    ────────────────────────────────────────────────────────────────────────────────────────────────

    attachment #2: video (video/webm) ──────────────────────────────────────────────────────────────
    test-results\hierarchical-diagram-debug-00b93-s-are-correctly-categorized-chromium\video.webm
    ────────────────────────────────────────────────────────────────────────────────────────────────

    Error Context: test-results\hierarchical-diagram-debug-00b93-s-are-correctly-categorized-chromium\error-context.md

  30) [chromium] › tests\e2e\important-nodes.spec.ts:171:9 › Important Nodes View › Top N Control › should update table when top N changes 

    Error: [2mexpect([22m[31mlocator[39m[2m).[22mtoBeVisible[2m([22m[2m)[22m failed

    Locator: locator('table').first()
    Expected: visible
    Timeout: 5000ms
    Error: element(s) not found

    Call log:
    [2m  - Expect "toBeVisible" with timeout 5000ms[22m
    [2m  - waiting for locator('table').first()[22m

        at C:\Users\mauri\OneDrive - Harvard University\New folder (2)\healthsystems\frontend\tests\e2e\important-nodes.spec.ts:180:29)
        at C:\Users\mauri\OneDrive - Harvard University\New folder (2)\healthsystems\frontend\node_modules\playwright\lib\worker\workerMain.js:310:9)
        at C:\Users\mauri\OneDrive - Harvard University\New folder (2)\healthsystems\frontend\node_modules\playwright\lib\worker\testInfo.js:305:11)
        at C:\Users\mauri\OneDrive - Harvard University\New folder (2)\healthsystems\frontend\node_modules\playwright\lib\worker\workerMain.js:308:7)

    attachment #1: screenshot (image/png) ──────────────────────────────────────────────────────────
    test-results\important-nodes-Important--2087a-te-table-when-top-N-changes-chromium\test-failed-1.png
    ────────────────────────────────────────────────────────────────────────────────────────────────

    attachment #2: video (video/webm) ──────────────────────────────────────────────────────────────
    test-results\important-nodes-Important--2087a-te-table-when-top-N-changes-chromium\video.webm
    ────────────────────────────────────────────────────────────────────────────────────────────────

    Error Context: test-results\important-nodes-Important--2087a-te-table-when-top-N-changes-chromium\error-context.md

  31) [chromium] › tests\e2e\important-nodes.spec.ts:214:9 › Important Nodes View › Filtering › should apply filters to table 

    Error: [2mexpect([22m[31mlocator[39m[2m).[22mtoBeVisible[2m([22m[2m)[22m failed

    Locator: locator('table').first()
    Expected: visible
    Timeout: 5000ms
    Error: element(s) not found

    Call log:
    [2m  - Expect "toBeVisible" with timeout 5000ms[22m
    [2m  - waiting for locator('table').first()[22m

        at C:\Users\mauri\OneDrive - Harvard University\New folder (2)\healthsystems\frontend\tests\e2e\important-nodes.spec.ts:217:27)
        at C:\Users\mauri\OneDrive - Harvard University\New folder (2)\healthsystems\frontend\node_modules\playwright\lib\worker\workerMain.js:310:15)
        at C:\Users\mauri\OneDrive - Harvard University\New folder (2)\healthsystems\frontend\node_modules\playwright\lib\worker\testInfo.js:305:17)
        at C:\Users\mauri\OneDrive - Harvard University\New folder (2)\healthsystems\frontend\node_modules\playwright\lib\worker\workerMain.js:308:22)

    attachment #1: screenshot (image/png) ──────────────────────────────────────────────────────────
    test-results\important-nodes-Important--56fbb-ould-apply-filters-to-table-chromium\test-failed-1.png
    ────────────────────────────────────────────────────────────────────────────────────────────────

    attachment #2: video (video/webm) ──────────────────────────────────────────────────────────────
    test-results\important-nodes-Important--56fbb-ould-apply-filters-to-table-chromium\video.webm
    ────────────────────────────────────────────────────────────────────────────────────────────────

    Error Context: test-results\important-nodes-Important--56fbb-ould-apply-filters-to-table-chromium\error-context.md

  32) [chromium] › tests\e2e\important-nodes.spec.ts:346:9 › Important Nodes View › Responsive Design › should adapt to tablet viewport 

    Error: [2mexpect([22m[31mlocator[39m[2m).[22mtoBeVisible[2m([22m[2m)[22m failed

    Locator: locator('table').first()
    Expected: visible
    Timeout: 5000ms
    Error: element(s) not found

    Call log:
    [2m  - Expect "toBeVisible" with timeout 5000ms[22m
    [2m  - waiting for locator('table').first()[22m

        at C:\Users\mauri\OneDrive - Harvard University\New folder (2)\healthsystems\frontend\tests\e2e\important-nodes.spec.ts:350:27)
        at C:\Users\mauri\OneDrive - Harvard University\New folder (2)\healthsystems\frontend\node_modules\playwright\lib\worker\workerMain.js:310:9)
        at C:\Users\mauri\OneDrive - Harvard University\New folder (2)\healthsystems\frontend\node_modules\playwright\lib\worker\testInfo.js:305:11)
        at C:\Users\mauri\OneDrive - Harvard University\New folder (2)\healthsystems\frontend\node_modules\playwright\lib\worker\workerMain.js:308:7)

    attachment #1: screenshot (image/png) ──────────────────────────────────────────────────────────
    test-results\important-nodes-Important--d6399-ld-adapt-to-tablet-viewport-chromium\test-failed-1.png
    ────────────────────────────────────────────────────────────────────────────────────────────────

    attachment #2: video (video/webm) ──────────────────────────────────────────────────────────────
    test-results\important-nodes-Important--d6399-ld-adapt-to-tablet-viewport-chromium\video.webm
    ────────────────────────────────────────────────────────────────────────────────────────────────

    Error Context: test-results\important-nodes-Important--d6399-ld-adapt-to-tablet-viewport-chromium\error-context.md

  33) [chromium] › tests\e2e\legend-component.spec.ts:15:7 › Legend Component › Legend should be visible on Systems Map 

    TimeoutError: page.waitForSelector: Timeout 10000ms exceeded.
    Call log:
    [2m  - waiting for locator('svg:has(g.graph-container)') to be visible[22m

        at C:\Users\mauri\OneDrive - Harvard University\New folder (2)\healthsystems\frontend\tests\e2e\legend-component.spec.ts:12:16)
        at C:\Users\mauri\OneDrive - Harvard University\New folder (2)\healthsystems\frontend\node_modules\playwright\lib\worker\testInfo.js:305:11)
        at C:\Users\mauri\OneDrive - Harvard University\New folder (2)\healthsystems\frontend\node_modules\playwright\lib\worker\workerMain.js:469:11)
        at C:\Users\mauri\OneDrive - Harvard University\New folder (2)\healthsystems\frontend\node_modules\playwright\lib\worker\workerMain.js:302:9)
        at C:\Users\mauri\OneDrive - Harvard University\New folder (2)\healthsystems\frontend\node_modules\playwright\lib\worker\workerMain.js:298:7)

    attachment #1: screenshot (image/png) ──────────────────────────────────────────────────────────
    test-results\legend-component-Legend-Co-b8f37-d-be-visible-on-Systems-Map-chromium\test-failed-1.png
    ────────────────────────────────────────────────────────────────────────────────────────────────

    attachment #2: video (video/webm) ──────────────────────────────────────────────────────────────
    test-results\legend-component-Legend-Co-b8f37-d-be-visible-on-Systems-Map-chromium\video.webm
    ────────────────────────────────────────────────────────────────────────────────────────────────

    Error Context: test-results\legend-component-Legend-Co-b8f37-d-be-visible-on-Systems-Map-chromium\error-context.md

  34) [chromium] › tests\e2e\legend-component.spec.ts:20:7 › Legend Component › Legend should display 7-Scale Hierarchy section 

    TimeoutError: page.waitForSelector: Timeout 10000ms exceeded.
    Call log:
    [2m  - waiting for locator('svg:has(g.graph-container)') to be visible[22m

        at C:\Users\mauri\OneDrive - Harvard University\New folder (2)\healthsystems\frontend\tests\e2e\legend-component.spec.ts:12:16)
        at C:\Users\mauri\OneDrive - Harvard University\New folder (2)\healthsystems\frontend\node_modules\playwright\lib\worker\testInfo.js:305:11)
        at C:\Users\mauri\OneDrive - Harvard University\New folder (2)\healthsystems\frontend\node_modules\playwright\lib\worker\workerMain.js:469:11)
        at C:\Users\mauri\OneDrive - Harvard University\New folder (2)\healthsystems\frontend\node_modules\playwright\lib\worker\workerMain.js:302:9)
        at C:\Users\mauri\OneDrive - Harvard University\New folder (2)\healthsystems\frontend\node_modules\playwright\lib\worker\workerMain.js:298:7)

    attachment #1: screenshot (image/png) ──────────────────────────────────────────────────────────
    test-results\legend-component-Legend-Co-a4af4-y-7-Scale-Hierarchy-section-chromium\test-failed-1.png
    ────────────────────────────────────────────────────────────────────────────────────────────────

    attachment #2: video (video/webm) ──────────────────────────────────────────────────────────────
    test-results\legend-component-Legend-Co-a4af4-y-7-Scale-Hierarchy-section-chromium\video.webm
    ────────────────────────────────────────────────────────────────────────────────────────────────

    Error Context: test-results\legend-component-Legend-Co-a4af4-y-7-Scale-Hierarchy-section-chromium\error-context.md

  35) [chromium] › tests\e2e\legend-component.spec.ts:34:7 › Legend Component › Legend should display Evidence Quality section 

    TimeoutError: page.waitForSelector: Timeout 10000ms exceeded.
    Call log:
    [2m  - waiting for locator('svg:has(g.graph-container)') to be visible[22m

        at C:\Users\mauri\OneDrive - Harvard University\New folder (2)\healthsystems\frontend\tests\e2e\legend-component.spec.ts:12:16)
        at C:\Users\mauri\OneDrive - Harvard University\New folder (2)\healthsystems\frontend\node_modules\playwright\lib\worker\testInfo.js:305:11)
        at C:\Users\mauri\OneDrive - Harvard University\New folder (2)\healthsystems\frontend\node_modules\playwright\lib\worker\workerMain.js:469:11)
        at C:\Users\mauri\OneDrive - Harvard University\New folder (2)\healthsystems\frontend\node_modules\playwright\lib\worker\workerMain.js:302:9)
        at C:\Users\mauri\OneDrive - Harvard University\New folder (2)\healthsystems\frontend\node_modules\playwright\lib\worker\workerMain.js:298:7)

    attachment #1: screenshot (image/png) ──────────────────────────────────────────────────────────
    test-results\legend-component-Legend-Co-36948-ay-Evidence-Quality-section-chromium\test-failed-1.png
    ────────────────────────────────────────────────────────────────────────────────────────────────

    attachment #2: video (video/webm) ──────────────────────────────────────────────────────────────
    test-results\legend-component-Legend-Co-36948-ay-Evidence-Quality-section-chromium\video.webm
    ────────────────────────────────────────────────────────────────────────────────────────────────

    Error Context: test-results\legend-component-Legend-Co-36948-ay-Evidence-Quality-section-chromium\error-context.md

  36) [chromium] › tests\e2e\legend-component.spec.ts:52:7 › Legend Component › Legend should show scale colors correctly 

    TimeoutError: page.waitForSelector: Timeout 10000ms exceeded.
    Call log:
    [2m  - waiting for locator('svg:has(g.graph-container)') to be visible[22m

        at C:\Users\mauri\OneDrive - Harvard University\New folder (2)\healthsystems\frontend\tests\e2e\legend-component.spec.ts:12:16)
        at C:\Users\mauri\OneDrive - Harvard University\New folder (2)\healthsystems\frontend\node_modules\playwright\lib\worker\testInfo.js:305:11)
        at C:\Users\mauri\OneDrive - Harvard University\New folder (2)\healthsystems\frontend\node_modules\playwright\lib\worker\workerMain.js:469:11)
        at C:\Users\mauri\OneDrive - Harvard University\New folder (2)\healthsystems\frontend\node_modules\playwright\lib\worker\workerMain.js:302:9)
        at C:\Users\mauri\OneDrive - Harvard University\New folder (2)\healthsystems\frontend\node_modules\playwright\lib\worker\workerMain.js:298:7)

    attachment #1: screenshot (image/png) ──────────────────────────────────────────────────────────
    test-results\legend-component-Legend-Co-8d2f1-show-scale-colors-correctly-chromium\test-failed-1.png
    ────────────────────────────────────────────────────────────────────────────────────────────────

    attachment #2: video (video/webm) ──────────────────────────────────────────────────────────────
    test-results\legend-component-Legend-Co-8d2f1-show-scale-colors-correctly-chromium\video.webm
    ────────────────────────────────────────────────────────────────────────────────────────────────

    Error Context: test-results\legend-component-Legend-Co-8d2f1-show-scale-colors-correctly-chromium\error-context.md

  37) [chromium] › tests\e2e\legend-component.spec.ts:70:7 › Legend Component › Legend should show evidence quality colors correctly 

    TimeoutError: page.waitForSelector: Timeout 10000ms exceeded.
    Call log:
    [2m  - waiting for locator('svg:has(g.graph-container)') to be visible[22m

        at C:\Users\mauri\OneDrive - Harvard University\New folder (2)\healthsystems\frontend\tests\e2e\legend-component.spec.ts:12:16)
        at C:\Users\mauri\OneDrive - Harvard University\New folder (2)\healthsystems\frontend\node_modules\playwright\lib\worker\testInfo.js:305:11)
        at C:\Users\mauri\OneDrive - Harvard University\New folder (2)\healthsystems\frontend\node_modules\playwright\lib\worker\workerMain.js:469:11)
        at C:\Users\mauri\OneDrive - Harvard University\New folder (2)\healthsystems\frontend\node_modules\playwright\lib\worker\workerMain.js:302:9)
        at C:\Users\mauri\OneDrive - Harvard University\New folder (2)\healthsystems\frontend\node_modules\playwright\lib\worker\workerMain.js:298:7)

    attachment #1: screenshot (image/png) ──────────────────────────────────────────────────────────
    test-results\legend-component-Legend-Co-b5c98-ce-quality-colors-correctly-chromium\test-failed-1.png
    ────────────────────────────────────────────────────────────────────────────────────────────────

    attachment #2: video (video/webm) ──────────────────────────────────────────────────────────────
    test-results\legend-component-Legend-Co-b5c98-ce-quality-colors-correctly-chromium\video.webm
    ────────────────────────────────────────────────────────────────────────────────────────────────

    Error Context: test-results\legend-component-Legend-Co-b5c98-ce-quality-colors-correctly-chromium\error-context.md

  38) [chromium] › tests\e2e\legend-component.spec.ts:80:7 › Legend Component › Legend should indicate reserved scales 

    TimeoutError: page.waitForSelector: Timeout 10000ms exceeded.
    Call log:
    [2m  - waiting for locator('svg:has(g.graph-container)') to be visible[22m

        at C:\Users\mauri\OneDrive - Harvard University\New folder (2)\healthsystems\frontend\tests\e2e\legend-component.spec.ts:12:16)
        at C:\Users\mauri\OneDrive - Harvard University\New folder (2)\healthsystems\frontend\node_modules\playwright\lib\worker\testInfo.js:305:11)
        at C:\Users\mauri\OneDrive - Harvard University\New folder (2)\healthsystems\frontend\node_modules\playwright\lib\worker\workerMain.js:469:11)
        at C:\Users\mauri\OneDrive - Harvard University\New folder (2)\healthsystems\frontend\node_modules\playwright\lib\worker\workerMain.js:302:9)
        at C:\Users\mauri\OneDrive - Harvard University\New folder (2)\healthsystems\frontend\node_modules\playwright\lib\worker\workerMain.js:298:7)

    attachment #1: screenshot (image/png) ──────────────────────────────────────────────────────────
    test-results\legend-component-Legend-Co-7a29a-ld-indicate-reserved-scales-chromium\test-failed-1.png
    ────────────────────────────────────────────────────────────────────────────────────────────────

    attachment #2: video (video/webm) ──────────────────────────────────────────────────────────────
    test-results\legend-component-Legend-Co-7a29a-ld-indicate-reserved-scales-chromium\video.webm
    ────────────────────────────────────────────────────────────────────────────────────────────────

    Error Context: test-results\legend-component-Legend-Co-7a29a-ld-indicate-reserved-scales-chromium\error-context.md

  39) [chromium] › tests\e2e\legend-component.spec.ts:90:7 › Legend Component › Legend should have helper text for evidence badges 

    TimeoutError: page.waitForSelector: Timeout 10000ms exceeded.
    Call log:
    [2m  - waiting for locator('svg:has(g.graph-container)') to be visible[22m

        at C:\Users\mauri\OneDrive - Harvard University\New folder (2)\healthsystems\frontend\tests\e2e\legend-component.spec.ts:12:16)
        at C:\Users\mauri\OneDrive - Harvard University\New folder (2)\healthsystems\frontend\node_modules\playwright\lib\worker\testInfo.js:305:11)
        at C:\Users\mauri\OneDrive - Harvard University\New folder (2)\healthsystems\frontend\node_modules\playwright\lib\worker\workerMain.js:469:11)
        at C:\Users\mauri\OneDrive - Harvard University\New folder (2)\healthsystems\frontend\node_modules\playwright\lib\worker\workerMain.js:302:9)
        at C:\Users\mauri\OneDrive - Harvard University\New folder (2)\healthsystems\frontend\node_modules\playwright\lib\worker\workerMain.js:298:7)

    attachment #1: screenshot (image/png) ──────────────────────────────────────────────────────────
    test-results\legend-component-Legend-Co-64235-er-text-for-evidence-badges-chromium\test-failed-1.png
    ────────────────────────────────────────────────────────────────────────────────────────────────

    attachment #2: video (video/webm) ──────────────────────────────────────────────────────────────
    test-results\legend-component-Legend-Co-64235-er-text-for-evidence-badges-chromium\video.webm
    ────────────────────────────────────────────────────────────────────────────────────────────────

    Error Context: test-results\legend-component-Legend-Co-64235-er-text-for-evidence-badges-chromium\error-context.md

  40) [chromium] › tests\e2e\legend-component.spec.ts:98:7 › Legend Component › Legend should have helper text for active scales 

    TimeoutError: page.waitForSelector: Timeout 10000ms exceeded.
    Call log:
    [2m  - waiting for locator('svg:has(g.graph-container)') to be visible[22m

        at C:\Users\mauri\OneDrive - Harvard University\New folder (2)\healthsystems\frontend\tests\e2e\legend-component.spec.ts:12:16)
        at C:\Users\mauri\OneDrive - Harvard University\New folder (2)\healthsystems\frontend\node_modules\playwright\lib\worker\testInfo.js:305:11)
        at C:\Users\mauri\OneDrive - Harvard University\New folder (2)\healthsystems\frontend\node_modules\playwright\lib\worker\workerMain.js:469:11)
        at C:\Users\mauri\OneDrive - Harvard University\New folder (2)\healthsystems\frontend\node_modules\playwright\lib\worker\workerMain.js:302:9)
        at C:\Users\mauri\OneDrive - Harvard University\New folder (2)\healthsystems\frontend\node_modules\playwright\lib\worker\workerMain.js:298:7)

    attachment #1: screenshot (image/png) ──────────────────────────────────────────────────────────
    test-results\legend-component-Legend-Co-2f360-lper-text-for-active-scales-chromium\test-failed-1.png
    ────────────────────────────────────────────────────────────────────────────────────────────────

    attachment #2: video (video/webm) ──────────────────────────────────────────────────────────────
    test-results\legend-component-Legend-Co-2f360-lper-text-for-active-scales-chromium\video.webm
    ────────────────────────────────────────────────────────────────────────────────────────────────

    Error Context: test-results\legend-component-Legend-Co-2f360-lper-text-for-active-scales-chromium\error-context.md

  41) [chromium] › tests\e2e\legend-component.spec.ts:106:7 › Legend Component › Legend should show node and edge symbols 

    TimeoutError: page.waitForSelector: Timeout 10000ms exceeded.
    Call log:
    [2m  - waiting for locator('svg:has(g.graph-container)') to be visible[22m

        at C:\Users\mauri\OneDrive - Harvard University\New folder (2)\healthsystems\frontend\tests\e2e\legend-component.spec.ts:12:16)
        at C:\Users\mauri\OneDrive - Harvard University\New folder (2)\healthsystems\frontend\node_modules\playwright\lib\worker\testInfo.js:305:11)
        at C:\Users\mauri\OneDrive - Harvard University\New folder (2)\healthsystems\frontend\node_modules\playwright\lib\worker\workerMain.js:469:11)
        at C:\Users\mauri\OneDrive - Harvard University\New folder (2)\healthsystems\frontend\node_modules\playwright\lib\worker\workerMain.js:302:9)
        at C:\Users\mauri\OneDrive - Harvard University\New folder (2)\healthsystems\frontend\node_modules\playwright\lib\worker\workerMain.js:298:7)

    attachment #1: screenshot (image/png) ──────────────────────────────────────────────────────────
    test-results\legend-component-Legend-Co-caa22--show-node-and-edge-symbols-chromium\test-failed-1.png
    ────────────────────────────────────────────────────────────────────────────────────────────────

    attachment #2: video (video/webm) ──────────────────────────────────────────────────────────────
    test-results\legend-component-Legend-Co-caa22--show-node-and-edge-symbols-chromium\video.webm
    ────────────────────────────────────────────────────────────────────────────────────────────────

    Error Context: test-results\legend-component-Legend-Co-caa22--show-node-and-edge-symbols-chromium\error-context.md

  42) [chromium] › tests\e2e\legend-component.spec.ts:118:7 › Legend Component › Legend should be readable with sufficient contrast 

    TimeoutError: page.waitForSelector: Timeout 10000ms exceeded.
    Call log:
    [2m  - waiting for locator('svg:has(g.graph-container)') to be visible[22m

        at C:\Users\mauri\OneDrive - Harvard University\New folder (2)\healthsystems\frontend\tests\e2e\legend-component.spec.ts:12:16)
        at C:\Users\mauri\OneDrive - Harvard University\New folder (2)\healthsystems\frontend\node_modules\playwright\lib\worker\testInfo.js:305:11)
        at C:\Users\mauri\OneDrive - Harvard University\New folder (2)\healthsystems\frontend\node_modules\playwright\lib\worker\workerMain.js:469:11)
        at C:\Users\mauri\OneDrive - Harvard University\New folder (2)\healthsystems\frontend\node_modules\playwright\lib\worker\workerMain.js:302:9)
        at C:\Users\mauri\OneDrive - Harvard University\New folder (2)\healthsystems\frontend\node_modules\playwright\lib\worker\workerMain.js:298:7)

    attachment #1: screenshot (image/png) ──────────────────────────────────────────────────────────
    test-results\legend-component-Legend-Co-e061d-le-with-sufficient-contrast-chromium\test-failed-1.png
    ────────────────────────────────────────────────────────────────────────────────────────────────

    attachment #2: video (video/webm) ──────────────────────────────────────────────────────────────
    test-results\legend-component-Legend-Co-e061d-le-with-sufficient-contrast-chromium\video.webm
    ────────────────────────────────────────────────────────────────────────────────────────────────

    Error Context: test-results\legend-component-Legend-Co-e061d-le-with-sufficient-contrast-chromium\error-context.md

  43) [chromium] › tests\e2e\legend-component.spec.ts:136:7 › Legend Component › Legend sections should be properly organized 

    TimeoutError: page.waitForSelector: Timeout 10000ms exceeded.
    Call log:
    [2m  - waiting for locator('svg:has(g.graph-container)') to be visible[22m

        at C:\Users\mauri\OneDrive - Harvard University\New folder (2)\healthsystems\frontend\tests\e2e\legend-component.spec.ts:12:16)
        at C:\Users\mauri\OneDrive - Harvard University\New folder (2)\healthsystems\frontend\node_modules\playwright\lib\worker\testInfo.js:305:11)
        at C:\Users\mauri\OneDrive - Harvard University\New folder (2)\healthsystems\frontend\node_modules\playwright\lib\worker\workerMain.js:469:11)
        at C:\Users\mauri\OneDrive - Harvard University\New folder (2)\healthsystems\frontend\node_modules\playwright\lib\worker\workerMain.js:302:9)
        at C:\Users\mauri\OneDrive - Harvard University\New folder (2)\healthsystems\frontend\node_modules\playwright\lib\worker\workerMain.js:298:7)

    attachment #1: screenshot (image/png) ──────────────────────────────────────────────────────────
    test-results\legend-component-Legend-Co-3a2a6-hould-be-properly-organized-chromium\test-failed-1.png
    ────────────────────────────────────────────────────────────────────────────────────────────────

    attachment #2: video (video/webm) ──────────────────────────────────────────────────────────────
    test-results\legend-component-Legend-Co-3a2a6-hould-be-properly-organized-chromium\video.webm
    ────────────────────────────────────────────────────────────────────────────────────────────────

    Error Context: test-results\legend-component-Legend-Co-3a2a6-hould-be-properly-organized-chromium\error-context.md

  44) [chromium] › tests\e2e\legend-component.spec.ts:147:7 › Legend Component › Legend should have scale labels with semantic meaning 

    TimeoutError: page.waitForSelector: Timeout 10000ms exceeded.
    Call log:
    [2m  - waiting for locator('svg:has(g.graph-container)') to be visible[22m

        at C:\Users\mauri\OneDrive - Harvard University\New folder (2)\healthsystems\frontend\tests\e2e\legend-component.spec.ts:12:16)
        at C:\Users\mauri\OneDrive - Harvard University\New folder (2)\healthsystems\frontend\node_modules\playwright\lib\worker\testInfo.js:305:11)
        at C:\Users\mauri\OneDrive - Harvard University\New folder (2)\healthsystems\frontend\node_modules\playwright\lib\worker\workerMain.js:469:11)
        at C:\Users\mauri\OneDrive - Harvard University\New folder (2)\healthsystems\frontend\node_modules\playwright\lib\worker\workerMain.js:302:9)
        at C:\Users\mauri\OneDrive - Harvard University\New folder (2)\healthsystems\frontend\node_modules\playwright\lib\worker\workerMain.js:298:7)

    attachment #1: screenshot (image/png) ──────────────────────────────────────────────────────────
    test-results\legend-component-Legend-Co-56bac-abels-with-semantic-meaning-chromium\test-failed-1.png
    ────────────────────────────────────────────────────────────────────────────────────────────────

    attachment #2: video (video/webm) ──────────────────────────────────────────────────────────────
    test-results\legend-component-Legend-Co-56bac-abels-with-semantic-meaning-chromium\video.webm
    ────────────────────────────────────────────────────────────────────────────────────────────────

    Error Context: test-results\legend-component-Legend-Co-56bac-abels-with-semantic-meaning-chromium\error-context.md

  45) [chromium] › tests\e2e\legend-component.spec.ts:165:7 › Legend Component › Legend should show evidence quality labels 

    TimeoutError: page.waitForSelector: Timeout 10000ms exceeded.
    Call log:
    [2m  - waiting for locator('svg:has(g.graph-container)') to be visible[22m

        at C:\Users\mauri\OneDrive - Harvard University\New folder (2)\healthsystems\frontend\tests\e2e\legend-component.spec.ts:12:16)
        at C:\Users\mauri\OneDrive - Harvard University\New folder (2)\healthsystems\frontend\node_modules\playwright\lib\worker\testInfo.js:305:11)
        at C:\Users\mauri\OneDrive - Harvard University\New folder (2)\healthsystems\frontend\node_modules\playwright\lib\worker\workerMain.js:469:11)
        at C:\Users\mauri\OneDrive - Harvard University\New folder (2)\healthsystems\frontend\node_modules\playwright\lib\worker\workerMain.js:302:9)
        at C:\Users\mauri\OneDrive - Harvard University\New folder (2)\healthsystems\frontend\node_modules\playwright\lib\worker\workerMain.js:298:7)

    attachment #1: screenshot (image/png) ──────────────────────────────────────────────────────────
    test-results\legend-component-Legend-Co-603c1-how-evidence-quality-labels-chromium\test-failed-1.png
    ────────────────────────────────────────────────────────────────────────────────────────────────

    attachment #2: video (video/webm) ──────────────────────────────────────────────────────────────
    test-results\legend-component-Legend-Co-603c1-how-evidence-quality-labels-chromium\video.webm
    ────────────────────────────────────────────────────────────────────────────────────────────────

    Error Context: test-results\legend-component-Legend-Co-603c1-how-evidence-quality-labels-chromium\error-context.md

  46) [chromium] › tests\e2e\manual-interaction-test.spec.ts:14:5 › Manual Diagram Interaction Test 

    Error: [2mexpect([22m[31mlocator[39m[2m).[22mtoBeVisible[2m([22m[2m)[22m failed

    Locator: locator('svg:has(g.graph-container)')
    Expected: visible
    Timeout: 10000ms
    Error: element(s) not found

    Call log:
    [2m  - Expect "toBeVisible" with timeout 10000ms[22m
    [2m  - waiting for locator('svg:has(g.graph-container)')[22m

        at C:\Users\mauri\OneDrive - Harvard University\New folder (2)\healthsystems\frontend\tests\e2e\manual-interaction-test.spec.ts:22:21)
        at C:\Users\mauri\OneDrive - Harvard University\New folder (2)\healthsystems\frontend\node_modules\playwright\lib\worker\workerMain.js:310:9)
        at C:\Users\mauri\OneDrive - Harvard University\New folder (2)\healthsystems\frontend\node_modules\playwright\lib\worker\testInfo.js:305:11)
        at C:\Users\mauri\OneDrive - Harvard University\New folder (2)\healthsystems\frontend\node_modules\playwright\lib\worker\workerMain.js:308:7)

    attachment #1: screenshot (image/png) ──────────────────────────────────────────────────────────
    test-results\manual-interaction-test-Manual-Diagram-Interaction-Test-chromium\test-failed-1.png
    ────────────────────────────────────────────────────────────────────────────────────────────────

    attachment #2: video (video/webm) ──────────────────────────────────────────────────────────────
    test-results\manual-interaction-test-Manual-Diagram-Interaction-Test-chromium\video.webm
    ────────────────────────────────────────────────────────────────────────────────────────────────

    Error Context: test-results\manual-interaction-test-Manual-Diagram-Interaction-Test-chromium\error-context.md

  47) [chromium] › tests\e2e\node-library-view.spec.ts:371:7 › Node Library View › Should show node connections in preview 

    [31mTest timeout of 30000ms exceeded.[39m

    Error: locator.click: Test timeout of 30000ms exceeded.
    Call log:
    [2m  - waiting for locator('tr, [role="row"]').nth(1)[22m

        at C:\Users\mauri\OneDrive - Harvard University\New folder (2)\healthsystems\frontend\tests\e2e\node-library-view.spec.ts:384:20)
        at C:\Users\mauri\OneDrive - Harvard University\New folder (2)\healthsystems\frontend\node_modules\playwright\lib\worker\workerMain.js:310:9)
        at C:\Users\mauri\OneDrive - Harvard University\New folder (2)\healthsystems\frontend\node_modules\playwright\lib\worker\testInfo.js:305:11)
        at C:\Users\mauri\OneDrive - Harvard University\New folder (2)\healthsystems\frontend\node_modules\playwright\lib\worker\workerMain.js:308:7)

    attachment #1: screenshot (image/png) ──────────────────────────────────────────────────────────
    test-results\node-library-view-Node-Lib-773cd-node-connections-in-preview-chromium\test-failed-1.png
    ────────────────────────────────────────────────────────────────────────────────────────────────

    attachment #2: video (video/webm) ──────────────────────────────────────────────────────────────
    test-results\node-library-view-Node-Lib-773cd-node-connections-in-preview-chromium\video.webm
    ────────────────────────────────────────────────────────────────────────────────────────────────

    Error Context: test-results\node-library-view-Node-Lib-773cd-node-connections-in-preview-chromium\error-context.md

  48) [chromium] › tests\e2e\pathfinder.spec.ts:16:9 › Pathfinder View › Page Load and Layout › should load the pathfinder page 

    Error: [2mexpect([22m[31mlocator[39m[2m).[22mtoContainText[2m([22m[32mexpected[39m[2m)[22m failed

    Locator: locator('h1, h2')
    Expected pattern: [32m/Pathfinder|Find Path/i[39m
    Error: strict mode violation: locator('h1, h2') resolved to 2 elements:
        1) <h1 class="text-3xl font-bold text-gray-900 mb-2">Pathfinder</h1> aka getByRole('heading', { name: 'Pathfinder' })
        2) <h2 class="text-lg font-semibold text-gray-900 mb-4">Search Configuration</h2> aka getByRole('heading', { name: 'Search Configuration' })

    Call log:
    [2m  - Expect "toContainText" with timeout 5000ms[22m
    [2m  - waiting for locator('h1, h2')[22m

        at C:\Users\mauri\OneDrive - Harvard University\New folder (2)\healthsystems\frontend\tests\e2e\pathfinder.spec.ts:18:44)
        at C:\Users\mauri\OneDrive - Harvard University\New folder (2)\healthsystems\frontend\node_modules\playwright\lib\worker\workerMain.js:310:9)
        at C:\Users\mauri\OneDrive - Harvard University\New folder (2)\healthsystems\frontend\node_modules\playwright\lib\worker\testInfo.js:305:11)
        at C:\Users\mauri\OneDrive - Harvard University\New folder (2)\healthsystems\frontend\node_modules\playwright\lib\worker\workerMain.js:308:7)

    attachment #1: screenshot (image/png) ──────────────────────────────────────────────────────────
    test-results\pathfinder-Pathfinder-View-72111-ld-load-the-pathfinder-page-chromium\test-failed-1.png
    ────────────────────────────────────────────────────────────────────────────────────────────────

    attachment #2: video (video/webm) ──────────────────────────────────────────────────────────────
    test-results\pathfinder-Pathfinder-View-72111-ld-load-the-pathfinder-page-chromium\video.webm
    ────────────────────────────────────────────────────────────────────────────────────────────────

    Error Context: test-results\pathfinder-Pathfinder-View-72111-ld-load-the-pathfinder-page-chromium\error-context.md

  49) [chromium] › tests\e2e\pathfinder.spec.ts:21:9 › Pathfinder View › Page Load and Layout › should display node selection inputs 

    Error: [2mexpect([22m[31mlocator[39m[2m).[22mtoBeVisible[2m([22m[2m)[22m failed

    Locator: getByLabel(/from node|source|start/i)
    Expected: visible
    Timeout: 5000ms
    Error: element(s) not found

    Call log:
    [2m  - Expect "toBeVisible" with timeout 5000ms[22m
    [2m  - waiting for getByLabel(/from node|source|start/i)[22m

        at C:\Users\mauri\OneDrive - Harvard University\New folder (2)\healthsystems\frontend\tests\e2e\pathfinder.spec.ts:26:31)
        at C:\Users\mauri\OneDrive - Harvard University\New folder (2)\healthsystems\frontend\node_modules\playwright\lib\worker\workerMain.js:310:15)
        at C:\Users\mauri\OneDrive - Harvard University\New folder (2)\healthsystems\frontend\node_modules\playwright\lib\worker\testInfo.js:305:17)
        at C:\Users\mauri\OneDrive - Harvard University\New folder (2)\healthsystems\frontend\node_modules\playwright\lib\worker\workerMain.js:308:22)

    attachment #1: screenshot (image/png) ──────────────────────────────────────────────────────────
    test-results\pathfinder-Pathfinder-View-b9cd8-splay-node-selection-inputs-chromium\test-failed-1.png
    ────────────────────────────────────────────────────────────────────────────────────────────────

    attachment #2: video (video/webm) ──────────────────────────────────────────────────────────────
    test-results\pathfinder-Pathfinder-View-b9cd8-splay-node-selection-inputs-chromium\video.webm
    ────────────────────────────────────────────────────────────────────────────────────────────────

    Error Context: test-results\pathfinder-Pathfinder-View-b9cd8-splay-node-selection-inputs-chromium\error-context.md

  50) [chromium] › tests\e2e\pathfinder.spec.ts:30:9 › Pathfinder View › Page Load and Layout › should display algorithm selection 

    Error: [2mexpect([22m[31mlocator[39m[2m).[22mtoBeVisible[2m([22m[2m)[22m failed

    Locator: locator('select, [role="radiogroup"]').filter({ hasText: /algorithm|method/i }).first()
    Expected: visible
    Timeout: 5000ms
    Error: element(s) not found

    Call log:
    [2m  - Expect "toBeVisible" with timeout 5000ms[22m
    [2m  - waiting for locator('select, [role="radiogroup"]').filter({ hasText: /algorithm|method/i }).first()[22m

        at C:\Users\mauri\OneDrive - Harvard University\New folder (2)\healthsystems\frontend\tests\e2e\pathfinder.spec.ts:32:39)
        at C:\Users\mauri\OneDrive - Harvard University\New folder (2)\healthsystems\frontend\node_modules\playwright\lib\worker\workerMain.js:310:15)
        at C:\Users\mauri\OneDrive - Harvard University\New folder (2)\healthsystems\frontend\node_modules\playwright\lib\worker\testInfo.js:305:17)
        at C:\Users\mauri\OneDrive - Harvard University\New folder (2)\healthsystems\frontend\node_modules\playwright\lib\worker\workerMain.js:308:22)

    attachment #1: screenshot (image/png) ──────────────────────────────────────────────────────────
    test-results\pathfinder-Pathfinder-View-c0107-display-algorithm-selection-chromium\test-failed-1.png
    ────────────────────────────────────────────────────────────────────────────────────────────────

    attachment #2: video (video/webm) ──────────────────────────────────────────────────────────────
    test-results\pathfinder-Pathfinder-View-c0107-display-algorithm-selection-chromium\video.webm
    ────────────────────────────────────────────────────────────────────────────────────────────────

    Error Context: test-results\pathfinder-Pathfinder-View-c0107-display-algorithm-selection-chromium\error-context.md

  51) [chromium] › tests\e2e\pathfinder.spec.ts:45:9 › Pathfinder View › Node Selection › should allow selecting from node via search 

    [31mTest timeout of 30000ms exceeded.[39m

    Error: locator.click: Test timeout of 30000ms exceeded.
    Call log:
    [2m  - waiting for getByLabel(/from node|source|start/i).first()[22m

        at C:\Users\mauri\OneDrive - Harvard University\New folder (2)\healthsystems\frontend\tests\e2e\pathfinder.spec.ts:48:23)
        at C:\Users\mauri\OneDrive - Harvard University\New folder (2)\healthsystems\frontend\node_modules\playwright\lib\worker\workerMain.js:310:15)
        at C:\Users\mauri\OneDrive - Harvard University\New folder (2)\healthsystems\frontend\node_modules\playwright\lib\worker\testInfo.js:305:17)
        at C:\Users\mauri\OneDrive - Harvard University\New folder (2)\healthsystems\frontend\node_modules\playwright\lib\worker\workerMain.js:308:22)

    attachment #1: screenshot (image/png) ──────────────────────────────────────────────────────────
    test-results\pathfinder-Pathfinder-View-bd178-ecting-from-node-via-search-chromium\test-failed-1.png
    ────────────────────────────────────────────────────────────────────────────────────────────────

    attachment #2: video (video/webm) ──────────────────────────────────────────────────────────────
    test-results\pathfinder-Pathfinder-View-bd178-ecting-from-node-via-search-chromium\video.webm
    ────────────────────────────────────────────────────────────────────────────────────────────────

    Error Context: test-results\pathfinder-Pathfinder-View-bd178-ecting-from-node-via-search-chromium\error-context.md

  52) [chromium] › tests\e2e\pathfinder.spec.ts:59:9 › Pathfinder View › Node Selection › should allow selecting to node via search 

    [31mTest timeout of 30000ms exceeded.[39m

    Error: locator.click: Test timeout of 30000ms exceeded.
    Call log:
    [2m  - waiting for getByLabel(/to node|target|destination|end/i).first()[22m

        at C:\Users\mauri\OneDrive - Harvard University\New folder (2)\healthsystems\frontend\tests\e2e\pathfinder.spec.ts:62:21)
        at C:\Users\mauri\OneDrive - Harvard University\New folder (2)\healthsystems\frontend\node_modules\playwright\lib\worker\workerMain.js:310:15)
        at C:\Users\mauri\OneDrive - Harvard University\New folder (2)\healthsystems\frontend\node_modules\playwright\lib\worker\testInfo.js:305:17)
        at C:\Users\mauri\OneDrive - Harvard University\New folder (2)\healthsystems\frontend\node_modules\playwright\lib\worker\workerMain.js:308:22)

    attachment #1: screenshot (image/png) ──────────────────────────────────────────────────────────
    test-results\pathfinder-Pathfinder-View-fa6a6-electing-to-node-via-search-chromium\test-failed-1.png
    ────────────────────────────────────────────────────────────────────────────────────────────────

    attachment #2: video (video/webm) ──────────────────────────────────────────────────────────────
    test-results\pathfinder-Pathfinder-View-fa6a6-electing-to-node-via-search-chromium\video.webm
    ────────────────────────────────────────────────────────────────────────────────────────────────

    Error Context: test-results\pathfinder-Pathfinder-View-fa6a6-electing-to-node-via-search-chromium\error-context.md

  53) [chromium] › tests\e2e\pathfinder.spec.ts:321:9 › Pathfinder View › Accessibility › should support keyboard navigation 

    Error: [2mexpect([22m[31mlocator[39m[2m).[22mtoBeFocused[2m([22m[2m)[22m failed

    Locator:  locator('button').filter({ hasText: /find|search/i }).first()
    Expected: focused
    Received: inactive
    Timeout:  5000ms

    Call log:
    [2m  - Expect "toBeFocused" with timeout 5000ms[22m
    [2m  - waiting for locator('button').filter({ hasText: /find|search/i }).first()[22m
    [2m    9 × locator resolved to <button disabled class="w-full px-4 py-3 bg-blue-600 text-white rounded-lg hover:bg-blue-700 disabled:bg-gray-400 disabled:cursor-not-allowed transition-colors font-medium">Find Paths</button>[22m
    [2m      - unexpected value "inactive"[22m

        at C:\Users\mauri\OneDrive - Harvard University\New folder (2)\healthsystems\frontend\tests\e2e\pathfinder.spec.ts:326:34)
        at C:\Users\mauri\OneDrive - Harvard University\New folder (2)\healthsystems\frontend\node_modules\playwright\lib\worker\workerMain.js:310:9)
        at C:\Users\mauri\OneDrive - Harvard University\New folder (2)\healthsystems\frontend\node_modules\playwright\lib\worker\testInfo.js:305:11)
        at C:\Users\mauri\OneDrive - Harvard University\New folder (2)\healthsystems\frontend\node_modules\playwright\lib\worker\workerMain.js:308:7)

    attachment #1: screenshot (image/png) ──────────────────────────────────────────────────────────
    test-results\pathfinder-Pathfinder-View-03830-support-keyboard-navigation-chromium\test-failed-1.png
    ────────────────────────────────────────────────────────────────────────────────────────────────

    attachment #2: video (video/webm) ──────────────────────────────────────────────────────────────
    test-results\pathfinder-Pathfinder-View-03830-support-keyboard-navigation-chromium\video.webm
    ────────────────────────────────────────────────────────────────────────────────────────────────

    Error Context: test-results\pathfinder-Pathfinder-View-03830-support-keyboard-navigation-chromium\error-context.md

  54) [chromium] › tests\e2e\remaining-views.spec.ts:16:7 › Pathway Explorer View › should load pathway explorer page 

    Error: [2mexpect([22m[31mlocator[39m[2m).[22mtoContainText[2m([22m[32mexpected[39m[2m)[22m failed

    Locator: locator('h1, h2')
    Expected pattern: [32m/Pathway/i[39m
    Error: strict mode violation: locator('h1, h2') resolved to 2 elements:
        1) <h1 class="text-3xl font-bold text-gray-900 mb-2">Pathway Explorer</h1> aka getByRole('heading', { name: 'Pathway Explorer' })
        2) <h2 class="text-lg font-semibold text-gray-900">Pathways (0)</h2> aka getByRole('heading', { name: 'Pathways (0)' })

    Call log:
    [2m  - Expect "toContainText" with timeout 5000ms[22m
    [2m  - waiting for locator('h1, h2')[22m

        at C:\Users\mauri\OneDrive - Harvard University\New folder (2)\healthsystems\frontend\tests\e2e\remaining-views.spec.ts:18:42)
        at C:\Users\mauri\OneDrive - Harvard University\New folder (2)\healthsystems\frontend\node_modules\playwright\lib\worker\workerMain.js:310:9)
        at C:\Users\mauri\OneDrive - Harvard University\New folder (2)\healthsystems\frontend\node_modules\playwright\lib\worker\testInfo.js:305:11)
        at C:\Users\mauri\OneDrive - Harvard University\New folder (2)\healthsystems\frontend\node_modules\playwright\lib\worker\workerMain.js:308:7)

    attachment #1: screenshot (image/png) ──────────────────────────────────────────────────────────
    test-results\remaining-views-Pathway-Ex-638fa--load-pathway-explorer-page-chromium\test-failed-1.png
    ────────────────────────────────────────────────────────────────────────────────────────────────

    attachment #2: video (video/webm) ──────────────────────────────────────────────────────────────
    test-results\remaining-views-Pathway-Ex-638fa--load-pathway-explorer-page-chromium\video.webm
    ────────────────────────────────────────────────────────────────────────────────────────────────

    Error Context: test-results\remaining-views-Pathway-Ex-638fa--load-pathway-explorer-page-chromium\error-context.md

  55) [chromium] › tests\e2e\remaining-views.spec.ts:43:7 › Pathway Explorer View › should have evidence quality filter 

    Error: [2mexpect([22m[31mlocator[39m[2m).[22mtoBeVisible[2m([22m[2m)[22m failed

    Locator:  locator('text=/evidence|quality|grade/i').first()
    Expected: visible
    Received: hidden
    Timeout:  5000ms

    Call log:
    [2m  - Expect "toBeVisible" with timeout 5000ms[22m
    [2m  - waiting for locator('text=/evidence|quality|grade/i').first()[22m
    [2m    9 × locator resolved to <option value="">Any Evidence</option>[22m
    [2m      - unexpected value "hidden"[22m

        at C:\Users\mauri\OneDrive - Harvard University\New folder (2)\healthsystems\frontend\tests\e2e\remaining-views.spec.ts:47:44)
        at C:\Users\mauri\OneDrive - Harvard University\New folder (2)\healthsystems\frontend\node_modules\playwright\lib\worker\workerMain.js:310:9)
        at C:\Users\mauri\OneDrive - Harvard University\New folder (2)\healthsystems\frontend\node_modules\playwright\lib\worker\testInfo.js:305:11)
        at C:\Users\mauri\OneDrive - Harvard University\New folder (2)\healthsystems\frontend\node_modules\playwright\lib\worker\workerMain.js:308:7)

    attachment #1: screenshot (image/png) ──────────────────────────────────────────────────────────
    test-results\remaining-views-Pathway-Ex-1df24-ave-evidence-quality-filter-chromium\test-failed-1.png
    ────────────────────────────────────────────────────────────────────────────────────────────────

    attachment #2: video (video/webm) ──────────────────────────────────────────────────────────────
    test-results\remaining-views-Pathway-Ex-1df24-ave-evidence-quality-filter-chromium\video.webm
    ────────────────────────────────────────────────────────────────────────────────────────────────

    Error Context: test-results\remaining-views-Pathway-Ex-1df24-ave-evidence-quality-filter-chromium\error-context.md

  56) [chromium] › tests\e2e\remaining-views.spec.ts:91:7 › Crisis Explorer View › should load crisis explorer page 

    Error: [2mexpect([22m[31mlocator[39m[2m).[22mtoContainText[2m([22m[32mexpected[39m[2m)[22m failed

    Locator: locator('h1, h2')
    Expected pattern: [32m/Crisis/i[39m
    Error: strict mode violation: locator('h1, h2') resolved to 2 elements:
        1) <h1 class="text-3xl font-bold text-gray-900 mb-2">Crisis Endpoint Explorer</h1> aka getByRole('heading', { name: 'Crisis Endpoint Explorer' })
        2) <h2 class="text-lg font-semibold text-gray-900 mb-4">Configuration</h2> aka getByRole('heading', { name: 'Configuration' })

    Call log:
    [2m  - Expect "toContainText" with timeout 5000ms[22m
    [2m  - waiting for locator('h1, h2')[22m

        at C:\Users\mauri\OneDrive - Harvard University\New folder (2)\healthsystems\frontend\tests\e2e\remaining-views.spec.ts:93:42)
        at C:\Users\mauri\OneDrive - Harvard University\New folder (2)\healthsystems\frontend\node_modules\playwright\lib\worker\workerMain.js:310:9)
        at C:\Users\mauri\OneDrive - Harvard University\New folder (2)\healthsystems\frontend\node_modules\playwright\lib\worker\testInfo.js:305:11)
        at C:\Users\mauri\OneDrive - Harvard University\New folder (2)\healthsystems\frontend\node_modules\playwright\lib\worker\workerMain.js:308:7)

    attachment #1: screenshot (image/png) ──────────────────────────────────────────────────────────
    test-results\remaining-views-Crisis-Exp-f8aa6-d-load-crisis-explorer-page-chromium\test-failed-1.png
    ────────────────────────────────────────────────────────────────────────────────────────────────

    attachment #2: video (video/webm) ──────────────────────────────────────────────────────────────
    test-results\remaining-views-Crisis-Exp-f8aa6-d-load-crisis-explorer-page-chromium\video.webm
    ────────────────────────────────────────────────────────────────────────────────────────────────

    Error Context: test-results\remaining-views-Crisis-Exp-f8aa6-d-load-crisis-explorer-page-chromium\error-context.md

  57) [chromium] › tests\e2e\remaining-views.spec.ts:185:7 › Alcoholism System View › should load alcoholism system page 

    Error: [2mexpect([22m[31mlocator[39m[2m).[22mtoContainText[2m([22m[32mexpected[39m[2m)[22m failed

    Locator: locator('h1, h2')
    Expected pattern: [32m/Alcohol/i[39m
    Timeout: 5000ms
    Error: element(s) not found

    Call log:
    [2m  - Expect "toContainText" with timeout 5000ms[22m
    [2m  - waiting for locator('h1, h2')[22m

        at C:\Users\mauri\OneDrive - Harvard University\New folder (2)\healthsystems\frontend\tests\e2e\remaining-views.spec.ts:187:42)
        at C:\Users\mauri\OneDrive - Harvard University\New folder (2)\healthsystems\frontend\node_modules\playwright\lib\worker\workerMain.js:310:9)
        at C:\Users\mauri\OneDrive - Harvard University\New folder (2)\healthsystems\frontend\node_modules\playwright\lib\worker\testInfo.js:305:11)
        at C:\Users\mauri\OneDrive - Harvard University\New folder (2)\healthsystems\frontend\node_modules\playwright\lib\worker\workerMain.js:308:7)

    attachment #1: screenshot (image/png) ──────────────────────────────────────────────────────────
    test-results\remaining-views-Alcoholism-f531d-load-alcoholism-system-page-chromium\test-failed-1.png
    ────────────────────────────────────────────────────────────────────────────────────────────────

    attachment #2: video (video/webm) ──────────────────────────────────────────────────────────────
    test-results\remaining-views-Alcoholism-f531d-load-alcoholism-system-page-chromium\video.webm
    ────────────────────────────────────────────────────────────────────────────────────────────────

    Error Context: test-results\remaining-views-Alcoholism-f531d-load-alcoholism-system-page-chromium\error-context.md

  58) [chromium] › tests\e2e\remaining-views.spec.ts:208:7 › Alcoholism System View › should display legend with node types 

    Error: locator.count: Unexpected token "=" while parsing css selector "[class*="legend"], text=/legend/i". Did you mean to CSS.escape it?
        at C:\Users\mauri\OneDrive - Harvard University\New folder (2)\healthsystems\frontend\tests\e2e\remaining-views.spec.ts:212:22)
        at C:\Users\mauri\OneDrive - Harvard University\New folder (2)\healthsystems\frontend\node_modules\playwright\lib\worker\workerMain.js:310:15)
        at C:\Users\mauri\OneDrive - Harvard University\New folder (2)\healthsystems\frontend\node_modules\playwright\lib\worker\testInfo.js:305:17)
        at C:\Users\mauri\OneDrive - Harvard University\New folder (2)\healthsystems\frontend\node_modules\playwright\lib\worker\workerMain.js:308:22)

    attachment #1: screenshot (image/png) ──────────────────────────────────────────────────────────
    test-results\remaining-views-Alcoholism-42285-play-legend-with-node-types-chromium\test-failed-1.png
    ────────────────────────────────────────────────────────────────────────────────────────────────

    attachment #2: video (video/webm) ──────────────────────────────────────────────────────────────
    test-results\remaining-views-Alcoholism-42285-play-legend-with-node-types-chromium\video.webm
    ────────────────────────────────────────────────────────────────────────────────────────────────

    Error Context: test-results\remaining-views-Alcoholism-42285-play-legend-with-node-types-chromium\error-context.md

  59) [chromium] › tests\e2e\remaining-views.spec.ts:234:7 › Alcoholism System View › should display category breakdown 

    Error: [2mexpect([22m[31mreceived[39m[2m).[22mtoBeTruthy[2m()[22m

    Received: [31mfalse[39m
        at C:\Users\mauri\OneDrive - Harvard University\New folder (2)\healthsystems\frontend\tests\e2e\remaining-views.spec.ts:237:27)
        at C:\Users\mauri\OneDrive - Harvard University\New folder (2)\healthsystems\frontend\node_modules\playwright\lib\worker\workerMain.js:310:9)
        at C:\Users\mauri\OneDrive - Harvard University\New folder (2)\healthsystems\frontend\node_modules\playwright\lib\worker\testInfo.js:305:11)
        at C:\Users\mauri\OneDrive - Harvard University\New folder (2)\healthsystems\frontend\node_modules\playwright\lib\worker\workerMain.js:308:7)

    attachment #1: screenshot (image/png) ──────────────────────────────────────────────────────────
    test-results\remaining-views-Alcoholism-bd722--display-category-breakdown-chromium\test-failed-1.png
    ────────────────────────────────────────────────────────────────────────────────────────────────

    attachment #2: video (video/webm) ──────────────────────────────────────────────────────────────
    test-results\remaining-views-Alcoholism-bd722--display-category-breakdown-chromium\video.webm
    ────────────────────────────────────────────────────────────────────────────────────────────────

    Error Context: test-results\remaining-views-Alcoholism-bd722--display-category-breakdown-chromium\error-context.md

  60) [chromium] › tests\e2e\remaining-views.spec.ts:246:7 › Alcoholism System View › should be responsive on mobile 

    Error: [2mexpect([22m[31mlocator[39m[2m).[22mtoBeVisible[2m([22m[2m)[22m failed

    Locator: locator('h1, h2').first()
    Expected: visible
    Timeout: 5000ms
    Error: element(s) not found

    Call log:
    [2m  - Expect "toBeVisible" with timeout 5000ms[22m
    [2m  - waiting for locator('h1, h2').first()[22m

        at C:\Users\mauri\OneDrive - Harvard University\New folder (2)\healthsystems\frontend\tests\e2e\remaining-views.spec.ts:248:50)
        at C:\Users\mauri\OneDrive - Harvard University\New folder (2)\healthsystems\frontend\node_modules\playwright\lib\worker\workerMain.js:310:9)
        at C:\Users\mauri\OneDrive - Harvard University\New folder (2)\healthsystems\frontend\node_modules\playwright\lib\worker\testInfo.js:305:11)
        at C:\Users\mauri\OneDrive - Harvard University\New folder (2)\healthsystems\frontend\node_modules\playwright\lib\worker\workerMain.js:308:7)

    attachment #1: screenshot (image/png) ──────────────────────────────────────────────────────────
    test-results\remaining-views-Alcoholism-9829e-uld-be-responsive-on-mobile-chromium\test-failed-1.png
    ────────────────────────────────────────────────────────────────────────────────────────────────

    attachment #2: video (video/webm) ──────────────────────────────────────────────────────────────
    test-results\remaining-views-Alcoholism-9829e-uld-be-responsive-on-mobile-chromium\video.webm
    ────────────────────────────────────────────────────────────────────────────────────────────────

    Error Context: test-results\remaining-views-Alcoholism-9829e-uld-be-responsive-on-mobile-chromium\error-context.md

  61) [chromium] › tests\e2e\scale-badges.spec.ts:16:7 › Scale Badges on Nodes › Systems Map nodes should display scale badges 

    Error: [2mexpect([22m[31mlocator[39m[2m).[22mtoBeVisible[2m([22m[2m)[22m failed

    Locator: locator('svg:has(g.graph-container)')
    Expected: visible
    Timeout: 10000ms
    Error: element(s) not found

    Call log:
    [2m  - Expect "toBeVisible" with timeout 10000ms[22m
    [2m  - waiting for locator('svg:has(g.graph-container)')[22m

        at C:\Users\mauri\OneDrive - Harvard University\New folder (2)\healthsystems\frontend\tests\e2e\scale-badges.spec.ts:24:23)
        at C:\Users\mauri\OneDrive - Harvard University\New folder (2)\healthsystems\frontend\node_modules\playwright\lib\worker\workerMain.js:310:9)
        at C:\Users\mauri\OneDrive - Harvard University\New folder (2)\healthsystems\frontend\node_modules\playwright\lib\worker\testInfo.js:305:11)
        at C:\Users\mauri\OneDrive - Harvard University\New folder (2)\healthsystems\frontend\node_modules\playwright\lib\worker\workerMain.js:308:7)

    attachment #1: screenshot (image/png) ──────────────────────────────────────────────────────────
    test-results\scale-badges-Scale-Badges--dd441-should-display-scale-badges-chromium\test-failed-1.png
    ────────────────────────────────────────────────────────────────────────────────────────────────

    attachment #2: video (video/webm) ──────────────────────────────────────────────────────────────
    test-results\scale-badges-Scale-Badges--dd441-should-display-scale-badges-chromium\video.webm
    ────────────────────────────────────────────────────────────────────────────────────────────────

    Error Context: test-results\scale-badges-Scale-Badges--dd441-should-display-scale-badges-chromium\error-context.md

  62) [chromium] › tests\e2e\scale-badges.spec.ts:57:7 › Scale Badges on Nodes › Scale badges should show values 1-7 

    Error: [2mexpect([22m[31mlocator[39m[2m).[22mtoBeVisible[2m([22m[2m)[22m failed

    Locator: locator('svg:has(g.graph-container)')
    Expected: visible
    Timeout: 10000ms
    Error: element(s) not found

    Call log:
    [2m  - Expect "toBeVisible" with timeout 10000ms[22m
    [2m  - waiting for locator('svg:has(g.graph-container)')[22m

        at C:\Users\mauri\OneDrive - Harvard University\New folder (2)\healthsystems\frontend\tests\e2e\scale-badges.spec.ts:63:23)
        at C:\Users\mauri\OneDrive - Harvard University\New folder (2)\healthsystems\frontend\node_modules\playwright\lib\worker\workerMain.js:310:9)
        at C:\Users\mauri\OneDrive - Harvard University\New folder (2)\healthsystems\frontend\node_modules\playwright\lib\worker\testInfo.js:305:11)
        at C:\Users\mauri\OneDrive - Harvard University\New folder (2)\healthsystems\frontend\node_modules\playwright\lib\worker\workerMain.js:308:7)

    attachment #1: screenshot (image/png) ──────────────────────────────────────────────────────────
    test-results\scale-badges-Scale-Badges--13bf5-dges-should-show-values-1-7-chromium\test-failed-1.png
    ────────────────────────────────────────────────────────────────────────────────────────────────

    attachment #2: video (video/webm) ──────────────────────────────────────────────────────────────
    test-results\scale-badges-Scale-Badges--13bf5-dges-should-show-values-1-7-chromium\video.webm
    ────────────────────────────────────────────────────────────────────────────────────────────────

    Error Context: test-results\scale-badges-Scale-Badges--13bf5-dges-should-show-values-1-7-chromium\error-context.md

  63) [chromium] › tests\e2e\scale-badges.spec.ts:96:7 › Scale Badges on Nodes › Hierarchical layout should group nodes by scale 

    Error: [2mexpect([22m[31mlocator[39m[2m).[22mtoBeVisible[2m([22m[2m)[22m failed

    Locator: locator('svg:has(g.graph-container)')
    Expected: visible
    Timeout: 10000ms
    Error: element(s) not found

    Call log:
    [2m  - Expect "toBeVisible" with timeout 10000ms[22m
    [2m  - waiting for locator('svg:has(g.graph-container)')[22m

        at C:\Users\mauri\OneDrive - Harvard University\New folder (2)\healthsystems\frontend\tests\e2e\scale-badges.spec.ts:102:23)
        at C:\Users\mauri\OneDrive - Harvard University\New folder (2)\healthsystems\frontend\node_modules\playwright\lib\worker\workerMain.js:310:9)
        at C:\Users\mauri\OneDrive - Harvard University\New folder (2)\healthsystems\frontend\node_modules\playwright\lib\worker\testInfo.js:305:11)
        at C:\Users\mauri\OneDrive - Harvard University\New folder (2)\healthsystems\frontend\node_modules\playwright\lib\worker\workerMain.js:308:7)

    attachment #1: screenshot (image/png) ──────────────────────────────────────────────────────────
    test-results\scale-badges-Scale-Badges--c8c2a-should-group-nodes-by-scale-chromium\test-failed-1.png
    ────────────────────────────────────────────────────────────────────────────────────────────────

    attachment #2: video (video/webm) ──────────────────────────────────────────────────────────────
    test-results\scale-badges-Scale-Badges--c8c2a-should-group-nodes-by-scale-chromium\video.webm
    ────────────────────────────────────────────────────────────────────────────────────────────────

    Error Context: test-results\scale-badges-Scale-Badges--c8c2a-should-group-nodes-by-scale-chromium\error-context.md

  64) [chromium] › tests\e2e\scale-badges.spec.ts:146:7 › Scale Badges on Nodes › Node hover should show scale information 

    Error: [2mexpect([22m[31mlocator[39m[2m).[22mtoBeVisible[2m([22m[2m)[22m failed

    Locator: locator('svg:has(g.graph-container)')
    Expected: visible
    Timeout: 10000ms
    Error: element(s) not found

    Call log:
    [2m  - Expect "toBeVisible" with timeout 10000ms[22m
    [2m  - waiting for locator('svg:has(g.graph-container)')[22m

        at C:\Users\mauri\OneDrive - Harvard University\New folder (2)\healthsystems\frontend\tests\e2e\scale-badges.spec.ts:152:23)
        at C:\Users\mauri\OneDrive - Harvard University\New folder (2)\healthsystems\frontend\node_modules\playwright\lib\worker\workerMain.js:310:9)
        at C:\Users\mauri\OneDrive - Harvard University\New folder (2)\healthsystems\frontend\node_modules\playwright\lib\worker\testInfo.js:305:11)
        at C:\Users\mauri\OneDrive - Harvard University\New folder (2)\healthsystems\frontend\node_modules\playwright\lib\worker\workerMain.js:308:7)

    attachment #1: screenshot (image/png) ──────────────────────────────────────────────────────────
    test-results\scale-badges-Scale-Badges--756c9-ould-show-scale-information-chromium\test-failed-1.png
    ────────────────────────────────────────────────────────────────────────────────────────────────

    attachment #2: video (video/webm) ──────────────────────────────────────────────────────────────
    test-results\scale-badges-Scale-Badges--756c9-ould-show-scale-information-chromium\video.webm
    ────────────────────────────────────────────────────────────────────────────────────────────────

    Error Context: test-results\scale-badges-Scale-Badges--756c9-ould-show-scale-information-chromium\error-context.md

  65) [chromium] › tests\e2e\scale-badges.spec.ts:194:7 › Scale Badges on Nodes › Legend should explain 7-scale system 

    Error: [2mexpect([22m[31mlocator[39m[2m).[22mtoBeVisible[2m([22m[2m)[22m failed

    Locator: locator('svg:has(g.graph-container)')
    Expected: visible
    Timeout: 10000ms
    Error: element(s) not found

    Call log:
    [2m  - Expect "toBeVisible" with timeout 10000ms[22m
    [2m  - waiting for locator('svg:has(g.graph-container)')[22m

        at C:\Users\mauri\OneDrive - Harvard University\New folder (2)\healthsystems\frontend\tests\e2e\scale-badges.spec.ts:200:23)
        at C:\Users\mauri\OneDrive - Harvard University\New folder (2)\healthsystems\frontend\node_modules\playwright\lib\worker\workerMain.js:310:9)
        at C:\Users\mauri\OneDrive - Harvard University\New folder (2)\healthsystems\frontend\node_modules\playwright\lib\worker\testInfo.js:305:11)
        at C:\Users\mauri\OneDrive - Harvard University\New folder (2)\healthsystems\frontend\node_modules\playwright\lib\worker\workerMain.js:308:7)

    attachment #1: screenshot (image/png) ──────────────────────────────────────────────────────────
    test-results\scale-badges-Scale-Badges--7dd24-ould-explain-7-scale-system-chromium\test-failed-1.png
    ────────────────────────────────────────────────────────────────────────────────────────────────

    attachment #2: video (video/webm) ──────────────────────────────────────────────────────────────
    test-results\scale-badges-Scale-Badges--7dd24-ould-explain-7-scale-system-chromium\video.webm
    ────────────────────────────────────────────────────────────────────────────────────────────────

    Error Context: test-results\scale-badges-Scale-Badges--7dd24-ould-explain-7-scale-system-chromium\error-context.md

  66) [chromium] › tests\e2e\scale-badges.spec.ts:230:7 › Scale Badges on Nodes › Should filter nodes by scale 

    Error: [2mexpect([22m[31mlocator[39m[2m).[22mtoBeVisible[2m([22m[2m)[22m failed

    Locator: locator('svg:has(g.graph-container)')
    Expected: visible
    Timeout: 10000ms
    Error: element(s) not found

    Call log:
    [2m  - Expect "toBeVisible" with timeout 10000ms[22m
    [2m  - waiting for locator('svg:has(g.graph-container)')[22m

        at C:\Users\mauri\OneDrive - Harvard University\New folder (2)\healthsystems\frontend\tests\e2e\scale-badges.spec.ts:236:23)
        at C:\Users\mauri\OneDrive - Harvard University\New folder (2)\healthsystems\frontend\node_modules\playwright\lib\worker\workerMain.js:310:9)
        at C:\Users\mauri\OneDrive - Harvard University\New folder (2)\healthsystems\frontend\node_modules\playwright\lib\worker\testInfo.js:305:11)
        at C:\Users\mauri\OneDrive - Harvard University\New folder (2)\healthsystems\frontend\node_modules\playwright\lib\worker\workerMain.js:308:7)

    attachment #1: screenshot (image/png) ──────────────────────────────────────────────────────────
    test-results\scale-badges-Scale-Badges--4e92c-hould-filter-nodes-by-scale-chromium\test-failed-1.png
    ────────────────────────────────────────────────────────────────────────────────────────────────

    attachment #2: video (video/webm) ──────────────────────────────────────────────────────────────
    test-results\scale-badges-Scale-Badges--4e92c-hould-filter-nodes-by-scale-chromium\video.webm
    ────────────────────────────────────────────────────────────────────────────────────────────────

    Error Context: test-results\scale-badges-Scale-Badges--4e92c-hould-filter-nodes-by-scale-chromium\error-context.md

  67) [chromium] › tests\e2e\scale-badges.spec.ts:280:7 › Scale Badges on Nodes › Should show active vs reserved scales 

    Error: [2mexpect([22m[31mlocator[39m[2m).[22mtoBeVisible[2m([22m[2m)[22m failed

    Locator: locator('svg:has(g.graph-container)')
    Expected: visible
    Timeout: 10000ms
    Error: element(s) not found

    Call log:
    [2m  - Expect "toBeVisible" with timeout 10000ms[22m
    [2m  - waiting for locator('svg:has(g.graph-container)')[22m

        at C:\Users\mauri\OneDrive - Harvard University\New folder (2)\healthsystems\frontend\tests\e2e\scale-badges.spec.ts:286:23)
        at C:\Users\mauri\OneDrive - Harvard University\New folder (2)\healthsystems\frontend\node_modules\playwright\lib\worker\workerMain.js:310:9)
        at C:\Users\mauri\OneDrive - Harvard University\New folder (2)\healthsystems\frontend\node_modules\playwright\lib\worker\testInfo.js:305:11)
        at C:\Users\mauri\OneDrive - Harvard University\New folder (2)\healthsystems\frontend\node_modules\playwright\lib\worker\workerMain.js:308:7)

    attachment #1: screenshot (image/png) ──────────────────────────────────────────────────────────
    test-results\scale-badges-Scale-Badges--4c010-w-active-vs-reserved-scales-chromium\test-failed-1.png
    ────────────────────────────────────────────────────────────────────────────────────────────────

    attachment #2: video (video/webm) ──────────────────────────────────────────────────────────────
    test-results\scale-badges-Scale-Badges--4c010-w-active-vs-reserved-scales-chromium\video.webm
    ────────────────────────────────────────────────────────────────────────────────────────────────

    Error Context: test-results\scale-badges-Scale-Badges--4c010-w-active-vs-reserved-scales-chromium\error-context.md

  68) [chromium] › tests\e2e\systems-map.spec.ts:26:7 › Systems Map Visualization › should display mechanism nodes 

    TimeoutError: page.waitForSelector: Timeout 10000ms exceeded.
    Call log:
    [2m  - waiting for locator('circle, rect') to be visible[22m

        at C:\Users\mauri\OneDrive - Harvard University\New folder (2)\healthsystems\frontend\tests\e2e\systems-map.spec.ts:28:16)
        at C:\Users\mauri\OneDrive - Harvard University\New folder (2)\healthsystems\frontend\node_modules\playwright\lib\worker\workerMain.js:310:15)
        at C:\Users\mauri\OneDrive - Harvard University\New folder (2)\healthsystems\frontend\node_modules\playwright\lib\worker\testInfo.js:305:17)
        at C:\Users\mauri\OneDrive - Harvard University\New folder (2)\healthsystems\frontend\node_modules\playwright\lib\worker\workerMain.js:308:22)

    attachment #1: screenshot (image/png) ──────────────────────────────────────────────────────────
    test-results\systems-map-Systems-Map-Vi-5ee9c-uld-display-mechanism-nodes-chromium\test-failed-1.png
    ────────────────────────────────────────────────────────────────────────────────────────────────

    attachment #2: video (video/webm) ──────────────────────────────────────────────────────────────
    test-results\systems-map-Systems-Map-Vi-5ee9c-uld-display-mechanism-nodes-chromium\video.webm
    ────────────────────────────────────────────────────────────────────────────────────────────────

    Error Context: test-results\systems-map-Systems-Map-Vi-5ee9c-uld-display-mechanism-nodes-chromium\error-context.md

  69) [chromium] › tests\e2e\user-workflow-crisis-analysis.spec.ts:172:7 › User Workflow: Crisis Analysis › Reset functionality 

    [31mTest timeout of 30000ms exceeded.[39m

    Error: locator.click: Test timeout of 30000ms exceeded.
    Call log:
    [2m  - waiting for locator('input[type="checkbox"]').first()[22m

        at C:\Users\mauri\OneDrive - Harvard University\New folder (2)\healthsystems\frontend\tests\e2e\user-workflow-crisis-analysis.spec.ts:187:20)
        at C:\Users\mauri\OneDrive - Harvard University\New folder (2)\healthsystems\frontend\node_modules\playwright\lib\worker\workerMain.js:310:9)
        at C:\Users\mauri\OneDrive - Harvard University\New folder (2)\healthsystems\frontend\node_modules\playwright\lib\worker\testInfo.js:305:11)
        at C:\Users\mauri\OneDrive - Harvard University\New folder (2)\healthsystems\frontend\node_modules\playwright\lib\worker\workerMain.js:308:7)

    attachment #1: screenshot (image/png) ──────────────────────────────────────────────────────────
    test-results\user-workflow-crisis-analy-0cd9d-nalysis-Reset-functionality-chromium\test-failed-1.png
    ────────────────────────────────────────────────────────────────────────────────────────────────

    attachment #2: video (video/webm) ──────────────────────────────────────────────────────────────
    test-results\user-workflow-crisis-analy-0cd9d-nalysis-Reset-functionality-chromium\video.webm
    ────────────────────────────────────────────────────────────────────────────────────────────────

    Error Context: test-results\user-workflow-crisis-analy-0cd9d-nalysis-Reset-functionality-chromium\error-context.md

  70) [chromium] › tests\e2e\user-workflow-crisis-analysis.spec.ts:216:7 › User Workflow: Crisis Analysis › Clear selection button 

    [31mTest timeout of 30000ms exceeded.[39m

    Error: locator.click: Test timeout of 30000ms exceeded.
    Call log:
    [2m  - waiting for locator('input[type="checkbox"]').first()[22m

        at C:\Users\mauri\OneDrive - Harvard University\New folder (2)\healthsystems\frontend\tests\e2e\user-workflow-crisis-analysis.spec.ts:231:30)
        at C:\Users\mauri\OneDrive - Harvard University\New folder (2)\healthsystems\frontend\node_modules\playwright\lib\worker\workerMain.js:310:9)
        at C:\Users\mauri\OneDrive - Harvard University\New folder (2)\healthsystems\frontend\node_modules\playwright\lib\worker\testInfo.js:305:11)
        at C:\Users\mauri\OneDrive - Harvard University\New folder (2)\healthsystems\frontend\node_modules\playwright\lib\worker\workerMain.js:308:7)

    attachment #1: screenshot (image/png) ──────────────────────────────────────────────────────────
    test-results\user-workflow-crisis-analy-3748c-ysis-Clear-selection-button-chromium\test-failed-1.png
    ────────────────────────────────────────────────────────────────────────────────────────────────

    attachment #2: video (video/webm) ──────────────────────────────────────────────────────────────
    test-results\user-workflow-crisis-analy-3748c-ysis-Clear-selection-button-chromium\video.webm
    ────────────────────────────────────────────────────────────────────────────────────────────────

    Error Context: test-results\user-workflow-crisis-analy-3748c-ysis-Clear-selection-button-chromium\error-context.md

  71) [chromium] › tests\e2e\user-workflow-crisis-analysis.spec.ts:257:7 › User Workflow: Crisis Analysis › Filter by policy levers tab 

    [31mTest timeout of 30000ms exceeded.[39m

    Error: locator.click: Test timeout of 30000ms exceeded.
    Call log:
    [2m  - waiting for locator('input[type="checkbox"]').first()[22m

        at C:\Users\mauri\OneDrive - Harvard University\New folder (2)\healthsystems\frontend\tests\e2e\user-workflow-crisis-analysis.spec.ts:272:20)
        at C:\Users\mauri\OneDrive - Harvard University\New folder (2)\healthsystems\frontend\node_modules\playwright\lib\worker\workerMain.js:310:9)
        at C:\Users\mauri\OneDrive - Harvard University\New folder (2)\healthsystems\frontend\node_modules\playwright\lib\worker\testInfo.js:305:11)
        at C:\Users\mauri\OneDrive - Harvard University\New folder (2)\healthsystems\frontend\node_modules\playwright\lib\worker\workerMain.js:308:7)

    attachment #1: screenshot (image/png) ──────────────────────────────────────────────────────────
    test-results\user-workflow-crisis-analy-f7bc0-Filter-by-policy-levers-tab-chromium\test-failed-1.png
    ────────────────────────────────────────────────────────────────────────────────────────────────

    attachment #2: video (video/webm) ──────────────────────────────────────────────────────────────
    test-results\user-workflow-crisis-analy-f7bc0-Filter-by-policy-levers-tab-chromium\video.webm
    ────────────────────────────────────────────────────────────────────────────────────────────────

    Error Context: test-results\user-workflow-crisis-analy-f7bc0-Filter-by-policy-levers-tab-chromium\error-context.md

  72) [chromium] › tests\e2e\user-workflows.spec.ts:9:7 › User Workflow: Discovery and Exploration › complete discovery workflow: browse → search → view details → explore connections 

    Error: locator.fill: Error: Element is not an <input>, <textarea>, <select> or [contenteditable] and does not have a role allowing [aria-readonly]
    Call log:
    [2m  - waiting for getByLabel(/search/i).or(locator('input[type="search"]')).first()[22m
    [2m    - locator resolved to <button aria-label="Search nodes" class="inline-flex items-center justify-center font-semibold rounded-md transition-all duration-200 focus-visible:outline-none focus-visible:ring-2 focus-visible:ring-primary-500 focus-visible:ring-offset-2 disabled:opacity-50 disabled:cursor-not-allowed bg-transparent hover:bg-gray-100 text-gray-700 px-3 py-1.5 text-sm gap-1.5">…</button>[22m
    [2m    - fill("housing")[22m
    [2m  - attempting fill action[22m
    [2m    - waiting for element to be visible, enabled and editable[22m

        at C:\Users\mauri\OneDrive - Harvard University\New folder (2)\healthsystems\frontend\tests\e2e\user-workflows.spec.ts:31:25)
        at C:\Users\mauri\OneDrive - Harvard University\New folder (2)\healthsystems\frontend\node_modules\playwright\lib\worker\workerMain.js:310:9)
        at C:\Users\mauri\OneDrive - Harvard University\New folder (2)\healthsystems\frontend\node_modules\playwright\lib\worker\testInfo.js:305:11)
        at C:\Users\mauri\OneDrive - Harvard University\New folder (2)\healthsystems\frontend\node_modules\playwright\lib\worker\workerMain.js:308:7)

    attachment #1: screenshot (image/png) ──────────────────────────────────────────────────────────
    test-results\user-workflows-User-Workfl-38b74-tails-→-explore-connections-chromium\test-failed-1.png
    ────────────────────────────────────────────────────────────────────────────────────────────────

    attachment #2: video (video/webm) ──────────────────────────────────────────────────────────────
    test-results\user-workflows-User-Workfl-38b74-tails-→-explore-connections-chromium\video.webm
    ────────────────────────────────────────────────────────────────────────────────────────────────

    Error Context: test-results\user-workflows-User-Workfl-38b74-tails-→-explore-connections-chromium\error-context.md

  73) [chromium] › tests\e2e\user-workflows.spec.ts:92:7 › User Workflow: Pathfinding Analysis › complete pathfinding workflow: select source → select target → configure → find paths → analyze results 

    Error: locator.fill: Error: Element is not an <input>, <textarea>, <select> or [contenteditable] and does not have a role allowing [aria-readonly]
    Call log:
    [2m  - waiting for getByLabel(/from|source|start/i).first()[22m
    [2m    - locator resolved to <path fill="none" role="button" tabindex="-1" stroke-width="8" stroke="transparent" d="M 485 827 Q 425 827, 425 859.25 T 365 891.5" aria-label="Mechanism from Paternal Preconception Overweight to Offspring Lung Function"></path>[22m
    [2m    - fill("policy")[22m
    [2m  - attempting fill action[22m
    [2m    - waiting for element to be visible, enabled and editable[22m

        at C:\Users\mauri\OneDrive - Harvard University\New folder (2)\healthsystems\frontend\tests\e2e\user-workflows.spec.ts:103:23)
        at C:\Users\mauri\OneDrive - Harvard University\New folder (2)\healthsystems\frontend\node_modules\playwright\lib\worker\workerMain.js:310:9)
        at C:\Users\mauri\OneDrive - Harvard University\New folder (2)\healthsystems\frontend\node_modules\playwright\lib\worker\testInfo.js:305:11)
        at C:\Users\mauri\OneDrive - Harvard University\New folder (2)\healthsystems\frontend\node_modules\playwright\lib\worker\workerMain.js:308:7)

    attachment #1: screenshot (image/png) ──────────────────────────────────────────────────────────
    test-results\user-workflows-User-Workfl-88dd4-ind-paths-→-analyze-results-chromium\test-failed-1.png
    ────────────────────────────────────────────────────────────────────────────────────────────────

    attachment #2: video (video/webm) ──────────────────────────────────────────────────────────────
    test-results\user-workflows-User-Workfl-88dd4-ind-paths-→-analyze-results-chromium\video.webm
    ────────────────────────────────────────────────────────────────────────────────────────────────

    Error Context: test-results\user-workflows-User-Workfl-88dd4-ind-paths-→-analyze-results-chromium\error-context.md

  73 failed
    [chromium] › tests\e2e\accessibility.spec.ts:189:7 › Accessibility - Screen Reader Support › should have proper heading hierarchy 
    [chromium] › tests\e2e\crisis-explorer-view.spec.ts:175:7 › Crisis Explorer View › Displays results after exploration 
    [chromium] › tests\e2e\crisis-explorer-view.spec.ts:190:7 › Crisis Explorer View › Shows visualization after exploration 
    [chromium] › tests\e2e\crisis-explorer-view.spec.ts:204:7 › Crisis Explorer View › Reset button clears selection 
    [chromium] › tests\e2e\dashboard.spec.ts:57:7 › Dashboard Navigation and Layout › should highlight active navigation link 
    [chromium] › tests\e2e\dashboard.spec.ts:80:7 › Dashboard Navigation and Layout › should render main content area 
    [chromium] › tests\e2e\dashboard.spec.ts:96:7 › Dashboard Navigation and Layout › should be responsive on tablet viewport 
    [chromium] › tests\e2e\evidence-badges.spec.ts:16:7 › Evidence Quality Badges › Systems Map should display evidence badges on edges 
    [chromium] › tests\e2e\evidence-badges.spec.ts:56:7 › Evidence Quality Badges › Evidence badges should be color-coded by quality 
    [chromium] › tests\e2e\evidence-badges.spec.ts:92:7 › Evidence Quality Badges › Edge hover should show full evidence details 
    [chromium] › tests\e2e\evidence-badges.spec.ts:129:7 › Evidence Quality Badges › Legend should explain evidence quality levels 
    [chromium] › tests\e2e\evidence-badges.spec.ts:164:7 › Evidence Quality Badges › Should filter edges by evidence quality 
    [chromium] › tests\e2e\force-directed-diagnostic.spec.ts:7:5 › Force-Directed Layout Diagnostic 
    [chromium] › tests\e2e\graph-interactions.spec.ts:16:7 › Graph Interactions › Nodes should be visible on the graph 
    [chromium] › tests\e2e\graph-interactions.spec.ts:24:7 › Graph Interactions › Edges should be visible on the graph 
    [chromium] › tests\e2e\graph-interactions.spec.ts:32:7 › Graph Interactions › Nodes should have text labels 
    [chromium] › tests\e2e\graph-interactions.spec.ts:42:7 › Graph Interactions › Nodes should respond to hover 
    [chromium] › tests\e2e\graph-interactions.spec.ts:61:7 › Graph Interactions › Clicking a node should select it 
    [chromium] › tests\e2e\graph-interactions.spec.ts:73:7 › Graph Interactions › Graph should have scale badges on nodes 
    [chromium] › tests\e2e\graph-interactions.spec.ts:81:7 › Graph Interactions › Graph should have evidence badges on edges 
    [chromium] › tests\e2e\graph-interactions.spec.ts:120:7 › Graph Interactions › Nodes should have consistent visual structure 
    [chromium] › tests\e2e\graph-interactions.spec.ts:198:7 › Graph Interactions › Nodes should have white fill color 
    [chromium] › tests\e2e\hierarchical-diagram-debug.spec.ts:37:7 › Hierarchical Diagram - Visual Inspection › should verify nodes are arranged in 5 vertical columns 
    [chromium] › tests\e2e\hierarchical-diagram-debug.spec.ts:86:7 › Hierarchical Diagram - Visual Inspection › should verify level labels are present 
    [chromium] › tests\e2e\hierarchical-diagram-debug.spec.ts:111:7 › Hierarchical Diagram - Visual Inspection › should verify edges use bezier curves (paths not lines) 
    [chromium] › tests\e2e\hierarchical-diagram-debug.spec.ts:132:7 › Hierarchical Diagram - Visual Inspection › should verify nodes have uniform white fill 
    [chromium] › tests\e2e\hierarchical-diagram-debug.spec.ts:178:7 › Hierarchical Diagram - Visual Inspection › should measure canvas dimensions 
    [chromium] › tests\e2e\hierarchical-diagram-debug.spec.ts:200:7 › Hierarchical Diagram - Specific Issues › issue: nodes may be overlapping vertically 
    [chromium] › tests\e2e\hierarchical-diagram-debug.spec.ts:346:7 › Alcoholism System Diagram - Specific View › should verify alcoholism nodes are correctly categorized 
    [chromium] › tests\e2e\important-nodes.spec.ts:171:9 › Important Nodes View › Top N Control › should update table when top N changes 
    [chromium] › tests\e2e\important-nodes.spec.ts:214:9 › Important Nodes View › Filtering › should apply filters to table 
    [chromium] › tests\e2e\important-nodes.spec.ts:346:9 › Important Nodes View › Responsive Design › should adapt to tablet viewport 
    [chromium] › tests\e2e\legend-component.spec.ts:15:7 › Legend Component › Legend should be visible on Systems Map 
    [chromium] › tests\e2e\legend-component.spec.ts:20:7 › Legend Component › Legend should display 7-Scale Hierarchy section 
    [chromium] › tests\e2e\legend-component.spec.ts:34:7 › Legend Component › Legend should display Evidence Quality section 
    [chromium] › tests\e2e\legend-component.spec.ts:52:7 › Legend Component › Legend should show scale colors correctly 
    [chromium] › tests\e2e\legend-component.spec.ts:70:7 › Legend Component › Legend should show evidence quality colors correctly 
    [chromium] › tests\e2e\legend-component.spec.ts:80:7 › Legend Component › Legend should indicate reserved scales 
    [chromium] › tests\e2e\legend-component.spec.ts:90:7 › Legend Component › Legend should have helper text for evidence badges 
    [chromium] › tests\e2e\legend-component.spec.ts:98:7 › Legend Component › Legend should have helper text for active scales 
    [chromium] › tests\e2e\legend-component.spec.ts:106:7 › Legend Component › Legend should show node and edge symbols 
    [chromium] › tests\e2e\legend-component.spec.ts:118:7 › Legend Component › Legend should be readable with sufficient contrast 
    [chromium] › tests\e2e\legend-component.spec.ts:136:7 › Legend Component › Legend sections should be properly organized 
    [chromium] › tests\e2e\legend-component.spec.ts:147:7 › Legend Component › Legend should have scale labels with semantic meaning 
    [chromium] › tests\e2e\legend-component.spec.ts:165:7 › Legend Component › Legend should show evidence quality labels 
    [chromium] › tests\e2e\manual-interaction-test.spec.ts:14:5 › Manual Diagram Interaction Test ──
    [chromium] › tests\e2e\node-library-view.spec.ts:371:7 › Node Library View › Should show node connections in preview 
    [chromium] › tests\e2e\pathfinder.spec.ts:16:9 › Pathfinder View › Page Load and Layout › should load the pathfinder page 
    [chromium] › tests\e2e\pathfinder.spec.ts:21:9 › Pathfinder View › Page Load and Layout › should display node selection inputs 
    [chromium] › tests\e2e\pathfinder.spec.ts:30:9 › Pathfinder View › Page Load and Layout › should display algorithm selection 
    [chromium] › tests\e2e\pathfinder.spec.ts:45:9 › Pathfinder View › Node Selection › should allow selecting from node via search 
    [chromium] › tests\e2e\pathfinder.spec.ts:59:9 › Pathfinder View › Node Selection › should allow selecting to node via search 
    [chromium] › tests\e2e\pathfinder.spec.ts:321:9 › Pathfinder View › Accessibility › should support keyboard navigation 
    [chromium] › tests\e2e\remaining-views.spec.ts:16:7 › Pathway Explorer View › should load pathway explorer page 
    [chromium] › tests\e2e\remaining-views.spec.ts:43:7 › Pathway Explorer View › should have evidence quality filter 
    [chromium] › tests\e2e\remaining-views.spec.ts:91:7 › Crisis Explorer View › should load crisis explorer page 
    [chromium] › tests\e2e\remaining-views.spec.ts:185:7 › Alcoholism System View › should load alcoholism system page 
    [chromium] › tests\e2e\remaining-views.spec.ts:208:7 › Alcoholism System View › should display legend with node types 
    [chromium] › tests\e2e\remaining-views.spec.ts:234:7 › Alcoholism System View › should display category breakdown 
    [chromium] › tests\e2e\remaining-views.spec.ts:246:7 › Alcoholism System View › should be responsive on mobile 
    [chromium] › tests\e2e\scale-badges.spec.ts:16:7 › Scale Badges on Nodes › Systems Map nodes should display scale badges 
    [chromium] › tests\e2e\scale-badges.spec.ts:57:7 › Scale Badges on Nodes › Scale badges should show values 1-7 
    [chromium] › tests\e2e\scale-badges.spec.ts:96:7 › Scale Badges on Nodes › Hierarchical layout should group nodes by scale 
    [chromium] › tests\e2e\scale-badges.spec.ts:146:7 › Scale Badges on Nodes › Node hover should show scale information 
    [chromium] › tests\e2e\scale-badges.spec.ts:194:7 › Scale Badges on Nodes › Legend should explain 7-scale system 
    [chromium] › tests\e2e\scale-badges.spec.ts:230:7 › Scale Badges on Nodes › Should filter nodes by scale 
    [chromium] › tests\e2e\scale-badges.spec.ts:280:7 › Scale Badges on Nodes › Should show active vs reserved scales 
    [chromium] › tests\e2e\systems-map.spec.ts:26:7 › Systems Map Visualization › should display mechanism nodes 
    [chromium] › tests\e2e\user-workflow-crisis-analysis.spec.ts:172:7 › User Workflow: Crisis Analysis › Reset functionality 
    [chromium] › tests\e2e\user-workflow-crisis-analysis.spec.ts:216:7 › User Workflow: Crisis Analysis › Clear selection button 
    [chromium] › tests\e2e\user-workflow-crisis-analysis.spec.ts:257:7 › User Workflow: Crisis Analysis › Filter by policy levers tab 
    [chromium] › tests\e2e\user-workflows.spec.ts:9:7 › User Workflow: Discovery and Exploration › complete discovery workflow: browse → search → view details → explore connections 
    [chromium] › tests\e2e\user-workflows.spec.ts:92:7 › User Workflow: Pathfinding Analysis › complete pathfinding workflow: select source → select target → configure → find paths → analyze results 
  21 skipped
  268 passed (3.7m)
